stm32l0xx_it.c:89:6:NMI_Handler	0	static
stm32l0xx_it.c:102:6:HardFault_Handler	0	static
stm32l0xx_it.c:117:6:SVC_Handler	0	static
stm32l0xx_it.c:130:6:PendSV_Handler	0	static
stm32l0xx_it.c:143:6:SysTick_Handler	8	static
stm32l0xx_it.c:164:6:RTC_IRQHandler	8	static
stm32l0xx_it.c:178:6:EXTI0_1_IRQHandler	8	static
stm32l0xx_it.c:193:6:EXTI4_15_IRQHandler	8	static
stm32l0xx_it.c:208:6:DMA1_Channel2_3_IRQHandler	8	static
stm32l0xx_it.c:223:6:USART1_IRQHandler	8	static
stm32l0xx_it.c:237:6:USART2_IRQHandler	8	static
