main.c:144:6:HAL_UART_RxCpltCallback	16	static
main.c:158:6:HAL_UART_RxHalfCpltCallback	16	static
main.c:176:6:GPIO_ResetPin	16	static
main.c:180:6:GPIO_SetPin	16	static
main.c:184:6:SPI_Transmit	16	static
main.c:188:6:SPI_Transmit_DMA	16	static
main.c:193:6:PRINTF	24	static
main.c:209:6:OnTxDone	8	static
main.c:216:6:OnRxDone	32	static
main.c:229:6:OnTxTimeout	8	static
main.c:237:6:OnRxTimeout	8	static
main.c:244:6:OnRxError	8	static
main.c:251:13:OnledEvent	16	static
main.c:266:5:main	104	static
main.c:594:6:SystemClock_Config	120	static
main.c:646:13:MX_RTC_Init	72	static
main.c:727:13:MX_SPI1_Init	8	static
main.c:765:13:MX_SPI2_Init	8	static
main.c:803:13:MX_USART1_UART_Init	8	static
main.c:839:13:MX_USART2_UART_Init	8	static
main.c:872:13:MX_DMA_Init	16	static
main.c:892:13:MX_GPIO_Init	48	static
main.c:972:6:Error_Handler	8	static
