stm32l0xx_it.c:103:6:NMI_Handler	8	static
stm32l0xx_it.c:116:6:HardFault_Handler	8	static
stm32l0xx_it.c:131:6:SVC_Handler	8	static
stm32l0xx_it.c:144:6:PendSV_Handler	8	static
stm32l0xx_it.c:157:6:SysTick_Handler	8	static
stm32l0xx_it.c:178:6:RTC_IRQHandler	8	static
stm32l0xx_it.c:192:6:EXTI0_1_IRQHandler	8	static
stm32l0xx_it.c:207:6:EXTI4_15_IRQHandler	8	static
stm32l0xx_it.c:222:6:DMA1_Channel2_3_IRQHandler	8	static
stm32l0xx_it.c:237:6:DMA1_Channel4_5_6_7_IRQHandler	8	static
stm32l0xx_it.c:251:6:SPI1_IRQHandler	8	static
stm32l0xx_it.c:265:6:SPI2_IRQHandler	8	static
stm32l0xx_it.c:279:6:USART1_IRQHandler	8	static
stm32l0xx_it.c:322:6:USART2_IRQHandler	8	static
