sx1276.c:372:16:GetFskBandwidthRegValue	8	static
sx1276.c:1766:6:SX1276OnDio4Irq	0	static
sx1276.c:254:14:SX1276GetStatus	0	static
sx1276.c:1208:6:SX1276Reset	8	static
sx1276.c:1286:6:SX1276WriteBuffer	40	static
sx1276.c:1274:6:SX1276Write	16	static
sx1276.c:259:6:SX1276SetChannel	8	static
sx1276.c:1300:6:SX1276ReadBuffer	32	static
sx1276.c:1279:9:SX1276Read	16	static
sx1276.c:332:13:RxChainCalibration	16	static
sx1276.c:745:10:SX1276GetTimeOnAir	40	static
sx1276.c:1182:9:SX1276ReadRssi	8	static
sx1276.c:1223:6:SX1276SetOpMode	8	static
sx1276.c:898:6:SX1276SetSleep	8	static
sx1276.c:907:6:SX1276SetStby	8	static
sx1276.c:916:6:SX1276SetRx	24	static
sx1276.c:1086:6:SX1276SetTx	8	static
sx1276.c:1149:6:SX1276StartCad	8	static
sx1276.c:1244:6:SX1276SetModem	8	static
sx1276.c:224:6:SX1276Init	16	static
sx1276.c:268:6:SX1276IsChannelFree	16	static
sx1276.c:291:10:SX1276Random	16	static
sx1276.c:387:6:SX1276SetRxConfig	64	static
sx1276.c:555:6:SX1276SetTxConfig	72	static
sx1276.c:1349:6:SX1276OnTimeoutIrq	8	static
sx1276.c:1671:6:SX1276OnDio2Irq	16	static
sx1276.c:1735:6:SX1276OnDio3Irq	8	static
sx1276.c:1321:6:SX1276WriteFifo	8	static
sx1276.c:824:6:SX1276Send	24	static
sx1276.c:1326:6:SX1276ReadFifo	8	static
sx1276.c:1396:6:SX1276OnDio0Irq	24	static
sx1276.c:1594:6:SX1276OnDio1Irq	8	static
sx1276.c:1331:6:SX1276SetMaxPayloadLength	16	static
sx1276.c:1785:6:SX1276OnDio5Irq	0	static
