sx1276.c:78:10:HW_SPI_InOut	32	static
sx1276.c:248:6:SX1276BoardInit	16	static
sx1276.c:253:10:SX1276Init	24	static
sx1276.c:287:14:SX1276GetStatus	8	static
sx1276.c:292:6:SX1276SetChannel	40	static
sx1276.c:305:6:SX1276IsChannelFree	40	static
sx1276.c:336:10:SX1276Random	16	static
sx1276.c:377:6:RxChainCalibration	40	static
sx1276.c:421:16:GetFskBandwidthRegValue	24	static
sx1276.c:436:6:SX1276SetRxConfig	32	static
sx1276.c:606:6:SX1276SetTxConfig	32	static
sx1276.c:739:10:SX1276GetTimeOnAir	104	static
sx1276.c:818:6:SX1276Send	24	static
sx1276.c:892:6:SX1276SetSleep	8	static
sx1276.c:901:6:SX1276SetStby	8	static
sx1276.c:910:6:SX1276SetRx	24	static
sx1276.c:1076:6:SX1276SetTx	16	static
sx1276.c:1139:6:SX1276StartCad	8	static
sx1276.c:1172:6:SX1276SetTxContinuousWave	64	static
sx1276.c:1192:9:SX1276ReadRssi	24	static
sx1276.c:1218:6:SX1276Reset	8	static
sx1276.c:1231:6:SX1276SetOpMode	16	static
sx1276.c:1253:6:SX1276SetModem	16	static
sx1276.c:1290:6:SX1276Write	16	static
sx1276.c:1295:9:SX1276Read	24	static
sx1276.c:1302:6:SX1276WriteBuffer	24	static
sx1276.c:1320:6:SX1276ReadBuffer	32	static
sx1276.c:1343:6:SX1276WriteFifo	16	static
sx1276.c:1348:6:SX1276ReadFifo	16	static
sx1276.c:1353:6:SX1276SetMaxPayloadLength	16	static
sx1276.c:1371:6:SX1276SetPublicNetwork	16	static
sx1276.c:1387:10:SX1276GetWakeupTime	8	static
sx1276.c:1392:6:SX1276OnTimeoutIrq	24	static
sx1276.c:1467:6:SX1276OnDio0Irq	32	static
sx1276.c:1656:6:SX1276OnDio1Irq	16	static
sx1276.c:1740:6:SX1276OnDio2Irq	40	static
sx1276.c:1813:6:SX1276OnDio3Irq	16	static
sx1276.c:1844:6:SX1276OnDio4Irq	16	static
sx1276.c:1863:6:SX1276OnDio5Irq	16	static
