Archive member included to satisfy reference by file (symbol)

c:/program files (x86)/atollic/truestudio for stm32 9.1.0/armtools/bin/../lib/gcc/arm-atollic-eabi/6.3.1/../../../../arm-atollic-eabi/lib/armv7e-m/fpu/fpv5-d16\libc_nano.a(lib_a-init.o)
                              startup\startup_stm32h743xx.o (__libc_init_array)
c:/program files (x86)/atollic/truestudio for stm32 9.1.0/armtools/bin/../lib/gcc/arm-atollic-eabi/6.3.1/../../../../arm-atollic-eabi/lib/armv7e-m/fpu/fpv5-d16\libc_nano.a(lib_a-malloc.o)
                              Src\N5110_LCD\N5110_lcd.o (malloc)
c:/program files (x86)/atollic/truestudio for stm32 9.1.0/armtools/bin/../lib/gcc/arm-atollic-eabi/6.3.1/../../../../arm-atollic-eabi/lib/armv7e-m/fpu/fpv5-d16\libc_nano.a(lib_a-memset.o)
                              Src\N5110_LCD\N5110_lcd.o (memset)
c:/program files (x86)/atollic/truestudio for stm32 9.1.0/armtools/bin/../lib/gcc/arm-atollic-eabi/6.3.1/../../../../arm-atollic-eabi/lib/armv7e-m/fpu/fpv5-d16\libc_nano.a(lib_a-nano-freer.o)
                              c:/program files (x86)/atollic/truestudio for stm32 9.1.0/armtools/bin/../lib/gcc/arm-atollic-eabi/6.3.1/../../../../arm-atollic-eabi/lib/armv7e-m/fpu/fpv5-d16\libc_nano.a(lib_a-malloc.o) (_free_r)
c:/program files (x86)/atollic/truestudio for stm32 9.1.0/armtools/bin/../lib/gcc/arm-atollic-eabi/6.3.1/../../../../arm-atollic-eabi/lib/armv7e-m/fpu/fpv5-d16\libc_nano.a(lib_a-nano-mallocr.o)
                              c:/program files (x86)/atollic/truestudio for stm32 9.1.0/armtools/bin/../lib/gcc/arm-atollic-eabi/6.3.1/../../../../arm-atollic-eabi/lib/armv7e-m/fpu/fpv5-d16\libc_nano.a(lib_a-malloc.o) (_malloc_r)
c:/program files (x86)/atollic/truestudio for stm32 9.1.0/armtools/bin/../lib/gcc/arm-atollic-eabi/6.3.1/../../../../arm-atollic-eabi/lib/armv7e-m/fpu/fpv5-d16\libc_nano.a(lib_a-sbrkr.o)
                              c:/program files (x86)/atollic/truestudio for stm32 9.1.0/armtools/bin/../lib/gcc/arm-atollic-eabi/6.3.1/../../../../arm-atollic-eabi/lib/armv7e-m/fpu/fpv5-d16\libc_nano.a(lib_a-nano-mallocr.o) (_sbrk_r)
c:/program files (x86)/atollic/truestudio for stm32 9.1.0/armtools/bin/../lib/gcc/arm-atollic-eabi/6.3.1/../../../../arm-atollic-eabi/lib/armv7e-m/fpu/fpv5-d16\libc_nano.a(lib_a-impure.o)
                              c:/program files (x86)/atollic/truestudio for stm32 9.1.0/armtools/bin/../lib/gcc/arm-atollic-eabi/6.3.1/../../../../arm-atollic-eabi/lib/armv7e-m/fpu/fpv5-d16\libc_nano.a(lib_a-malloc.o) (_impure_ptr)
c:/program files (x86)/atollic/truestudio for stm32 9.1.0/armtools/bin/../lib/gcc/arm-atollic-eabi/6.3.1/../../../../arm-atollic-eabi/lib/armv7e-m/fpu/fpv5-d16\libc_nano.a(lib_a-mlock.o)
                              c:/program files (x86)/atollic/truestudio for stm32 9.1.0/armtools/bin/../lib/gcc/arm-atollic-eabi/6.3.1/../../../../arm-atollic-eabi/lib/armv7e-m/fpu/fpv5-d16\libc_nano.a(lib_a-nano-freer.o) (__malloc_lock)
c:/program files (x86)/atollic/truestudio for stm32 9.1.0/armtools/bin/../lib/gcc/arm-atollic-eabi/6.3.1/../../../../arm-atollic-eabi/lib/armv7e-m/fpu/fpv5-d16\libc_nano.a(lib_a-reent.o)
                              c:/program files (x86)/atollic/truestudio for stm32 9.1.0/armtools/bin/../lib/gcc/arm-atollic-eabi/6.3.1/../../../../arm-atollic-eabi/lib/armv7e-m/fpu/fpv5-d16\libc_nano.a(lib_a-sbrkr.o) (errno)
c:/program files (x86)/atollic/truestudio for stm32 9.1.0/armtools/bin/../lib/gcc/arm-atollic-eabi/6.3.1/armv7e-m/fpu/fpv5-d16\libgcc.a(_aeabi_uldivmod.o)
                              Drivers\STM32H7xx_HAL_Driver\Src\stm32h7xx_hal_uart.o (__aeabi_uldivmod)
c:/program files (x86)/atollic/truestudio for stm32 9.1.0/armtools/bin/../lib/gcc/arm-atollic-eabi/6.3.1/armv7e-m/fpu/fpv5-d16\libgcc.a(_udivmoddi4.o)
                              c:/program files (x86)/atollic/truestudio for stm32 9.1.0/armtools/bin/../lib/gcc/arm-atollic-eabi/6.3.1/armv7e-m/fpu/fpv5-d16\libgcc.a(_aeabi_uldivmod.o) (__udivmoddi4)
c:/program files (x86)/atollic/truestudio for stm32 9.1.0/armtools/bin/../lib/gcc/arm-atollic-eabi/6.3.1/armv7e-m/fpu/fpv5-d16\libgcc.a(_dvmd_tls.o)
                              c:/program files (x86)/atollic/truestudio for stm32 9.1.0/armtools/bin/../lib/gcc/arm-atollic-eabi/6.3.1/armv7e-m/fpu/fpv5-d16\libgcc.a(_aeabi_uldivmod.o) (__aeabi_ldiv0)
c:/program files (x86)/atollic/truestudio for stm32 9.1.0/armtools/bin/../lib/gcc/arm-atollic-eabi/6.3.1/../../../../arm-atollic-eabi/lib/armv7e-m/fpu/fpv5-d16\libnosys.a(sbrk.o)
                              c:/program files (x86)/atollic/truestudio for stm32 9.1.0/armtools/bin/../lib/gcc/arm-atollic-eabi/6.3.1/../../../../arm-atollic-eabi/lib/armv7e-m/fpu/fpv5-d16\libc_nano.a(lib_a-sbrkr.o) (_sbrk)

Allocating common symbols
Common symbol       size              file

[...]
Memory Configuration

Name             Origin             Length             Attributes
DTCMRAM          0x20000000         0x00020000         xrw
RAM_D1           0x24000000         0x00080000         xrw
RAM_D2           0x30000000         0x00048000         xrw
RAM_D3           0x38000000         0x00010000         xrw
ITCMRAM          0x00000000         0x00010000         xrw
FLASH            0x08000000         0x00200000         xr
*default*        0x00000000         0xffffffff

Linker script and memory map

LOAD c:/program files (x86)/atollic/truestudio for stm32 9.1.0/armtools/bin/../lib/gcc/arm-atollic-eabi/6.3.1/armv7e-m/fpu/fpv5-d16/crti.o
LOAD c:/program files (x86)/atollic/truestudio for stm32 9.1.0/armtools/bin/../lib/gcc/arm-atollic-eabi/6.3.1/armv7e-m/fpu/fpv5-d16/crtbegin.o
LOAD Drivers\STM32H7xx_HAL_Driver\Src\stm32h7xx_hal.o
LOAD Drivers\STM32H7xx_HAL_Driver\Src\stm32h7xx_hal_cortex.o
LOAD Drivers\STM32H7xx_HAL_Driver\Src\stm32h7xx_hal_dma.o
LOAD Drivers\STM32H7xx_HAL_Driver\Src\stm32h7xx_hal_dma_ex.o
LOAD Drivers\STM32H7xx_HAL_Driver\Src\stm32h7xx_hal_eth.o
LOAD Drivers\STM32H7xx_HAL_Driver\Src\stm32h7xx_hal_flash.o
LOAD Drivers\STM32H7xx_HAL_Driver\Src\stm32h7xx_hal_flash_ex.o
LOAD Drivers\STM32H7xx_HAL_Driver\Src\stm32h7xx_hal_gpio.o
LOAD Drivers\STM32H7xx_HAL_Driver\Src\stm32h7xx_hal_hsem.o
LOAD Drivers\STM32H7xx_HAL_Driver\Src\stm32h7xx_hal_i2c.o
LOAD Drivers\STM32H7xx_HAL_Driver\Src\stm32h7xx_hal_i2c_ex.o
LOAD Drivers\STM32H7xx_HAL_Driver\Src\stm32h7xx_hal_mdma.o
LOAD Drivers\STM32H7xx_HAL_Driver\Src\stm32h7xx_hal_pcd.o
LOAD Drivers\STM32H7xx_HAL_Driver\Src\stm32h7xx_hal_pcd_ex.o
LOAD Drivers\STM32H7xx_HAL_Driver\Src\stm32h7xx_hal_pwr.o
LOAD Drivers\STM32H7xx_HAL_Driver\Src\stm32h7xx_hal_pwr_ex.o
LOAD Drivers\STM32H7xx_HAL_Driver\Src\stm32h7xx_hal_rcc.o
LOAD Drivers\STM32H7xx_HAL_Driver\Src\stm32h7xx_hal_rcc_ex.o
LOAD Drivers\STM32H7xx_HAL_Driver\Src\stm32h7xx_hal_spi.o
LOAD Drivers\STM32H7xx_HAL_Driver\Src\stm32h7xx_hal_spi_ex.o
LOAD Drivers\STM32H7xx_HAL_Driver\Src\stm32h7xx_hal_tim.o
LOAD Drivers\STM32H7xx_HAL_Driver\Src\stm32h7xx_hal_tim_ex.o
LOAD Drivers\STM32H7xx_HAL_Driver\Src\stm32h7xx_hal_uart.o
LOAD Drivers\STM32H7xx_HAL_Driver\Src\stm32h7xx_hal_uart_ex.o
LOAD Drivers\STM32H7xx_HAL_Driver\Src\stm32h7xx_ll_usb.o
LOAD Src\N5110_LCD\N5110_lcd.o
LOAD Src\N5110_LCD\fonts\font20.o
LOAD Src\N5110_LCD\fonts\font24.o
LOAD Src\N5110_LCD\fonts\fontMenlo32.o
LOAD Src\dma.o
LOAD Src\eth.o
LOAD Src\gpio.o
LOAD Src\main.o
LOAD Src\spi.o
LOAD Src\stm32h7xx_hal_msp.o
LOAD Src\stm32h7xx_it.o
LOAD Src\system_stm32h7xx.o
LOAD Src\usart.o
LOAD Src\usb_otg.o
LOAD startup\startup_stm32h743xx.o
                0x00000080                malloc_getpagesize_P = 0x80
START GROUP
LOAD c:/program files (x86)/atollic/truestudio for stm32 9.1.0/armtools/bin/../lib/gcc/arm-atollic-eabi/6.3.1/../../../../arm-atollic-eabi/lib/armv7e-m/fpu/fpv5-d16\libc_nano.a
LOAD c:/program files (x86)/atollic/truestudio for stm32 9.1.0/armtools/bin/../lib/gcc/arm-atollic-eabi/6.3.1/../../../../arm-atollic-eabi/lib/armv7e-m/fpu/fpv5-d16\libm.a
END GROUP
START GROUP
LOAD c:/program files (x86)/atollic/truestudio for stm32 9.1.0/armtools/bin/../lib/gcc/arm-atollic-eabi/6.3.1/armv7e-m/fpu/fpv5-d16\libgcc.a
LOAD c:/program files (x86)/atollic/truestudio for stm32 9.1.0/armtools/bin/../lib/gcc/arm-atollic-eabi/6.3.1/../../../../arm-atollic-eabi/lib/armv7e-m/fpu/fpv5-d16\libc_nano.a
END GROUP
START GROUP
LOAD c:/program files (x86)/atollic/truestudio for stm32 9.1.0/armtools/bin/../lib/gcc/arm-atollic-eabi/6.3.1/armv7e-m/fpu/fpv5-d16\libgcc.a
LOAD c:/program files (x86)/atollic/truestudio for stm32 9.1.0/armtools/bin/../lib/gcc/arm-atollic-eabi/6.3.1/../../../../arm-atollic-eabi/lib/armv7e-m/fpu/fpv5-d16\libc_nano.a
LOAD c:/program files (x86)/atollic/truestudio for stm32 9.1.0/armtools/bin/../lib/gcc/arm-atollic-eabi/6.3.1/../../../../arm-atollic-eabi/lib/armv7e-m/fpu/fpv5-d16\libnosys.a
END GROUP
START GROUP
LOAD c:/program files (x86)/atollic/truestudio for stm32 9.1.0/armtools/bin/../lib/gcc/arm-atollic-eabi/6.3.1/armv7e-m/fpu/fpv5-d16\libgcc.a
LOAD c:/program files (x86)/atollic/truestudio for stm32 9.1.0/armtools/bin/../lib/gcc/arm-atollic-eabi/6.3.1/../../../../arm-atollic-eabi/lib/armv7e-m/fpu/fpv5-d16\libc_nano.a
LOAD c:/program files (x86)/atollic/truestudio for stm32 9.1.0/armtools/bin/../lib/gcc/arm-atollic-eabi/6.3.1/../../../../arm-atollic-eabi/lib/armv7e-m/fpu/fpv5-d16\libnosys.a
END GROUP
LOAD c:/program files (x86)/atollic/truestudio for stm32 9.1.0/armtools/bin/../lib/gcc/arm-atollic-eabi/6.3.1/armv7e-m/fpu/fpv5-d16/crtend.o
LOAD c:/program files (x86)/atollic/truestudio for stm32 9.1.0/armtools/bin/../lib/gcc/arm-atollic-eabi/6.3.1/armv7e-m/fpu/fpv5-d16/crtn.o
                0x20020000                _estack = 0x20020000
                0x00000200                _Min_Heap_Size = 0x200
                0x00000400                _Min_Stack_Size = 0x400

.isr_vector     0x08000000      0x298
                0x08000000                . = ALIGN (0x4)
 *(.isr_vector)
 .isr_vector    0x08000000      0x298 startup\startup_stm32h743xx.o
                0x08000000                g_pfnVectors
                0x08000298                . = ALIGN (0x4)

.text           0x08000298     0x551c
                0x08000298                . = ALIGN (0x4)
 *(.text)
 .text          0x08000298       0x40 c:/program files (x86)/atollic/truestudio for stm32 9.1.0/armtools/bin/../lib/gcc/arm-atollic-eabi/6.3.1/armv7e-m/fpu/fpv5-d16/crtbegin.o
 .text          0x080002d8       0x30 c:/program files (x86)/atollic/truestudio for stm32 9.1.0/armtools/bin/../lib/gcc/arm-atollic-eabi/6.3.1/armv7e-m/fpu/fpv5-d16\libgcc.a(_aeabi_uldivmod.o)
                0x080002d8                __aeabi_uldivmod
 .text          0x08000308      0x2dc c:/program files (x86)/atollic/truestudio for stm32 9.1.0/armtools/bin/../lib/gcc/arm-atollic-eabi/6.3.1/armv7e-m/fpu/fpv5-d16\libgcc.a(_udivmoddi4.o)
                0x08000308                __udivmoddi4
 .text          0x080005e4        0x4 c:/program files (x86)/atollic/truestudio for stm32 9.1.0/armtools/bin/../lib/gcc/arm-atollic-eabi/6.3.1/armv7e-m/fpu/fpv5-d16\libgcc.a(_dvmd_tls.o)
                0x080005e4                __aeabi_idiv0
                0x080005e4                __aeabi_ldiv0
 *(.text*)
 .text.HAL_InitTick
                0x080005e8       0x4c Drivers\STM32H7xx_HAL_Driver\Src\stm32h7xx_hal.o
                0x080005e8                HAL_InitTick
 .text.HAL_Init
                0x08000634       0x1e Drivers\STM32H7xx_HAL_Driver\Src\stm32h7xx_hal.o
                0x08000634                HAL_Init
 *fill*         0x08000652        0x2 
 .text.HAL_IncTick
                0x08000654       0x18 Drivers\STM32H7xx_HAL_Driver\Src\stm32h7xx_hal.o
                0x08000654                HAL_IncTick
 .text.HAL_GetTick
                0x0800066c        0xc Drivers\STM32H7xx_HAL_Driver\Src\stm32h7xx_hal.o
                0x0800066c                HAL_GetTick
 .text.HAL_Delay
                0x08000678       0x28 Drivers\STM32H7xx_HAL_Driver\Src\stm32h7xx_hal.o
                0x08000678                HAL_Delay
 .text.HAL_SYSCFG_ETHInterfaceSelect
                0x080006a0       0x14 Drivers\STM32H7xx_HAL_Driver\Src\stm32h7xx_hal.o
                0x080006a0                HAL_SYSCFG_ETHInterfaceSelect
 .text.HAL_NVIC_SetPriorityGrouping
                0x080006b4       0x24 Drivers\STM32H7xx_HAL_Driver\Src\stm32h7xx_hal_cortex.o
                0x080006b4                HAL_NVIC_SetPriorityGrouping
 .text.HAL_NVIC_SetPriority
                0x080006d8       0x60 Drivers\STM32H7xx_HAL_Driver\Src\stm32h7xx_hal_cortex.o
                0x080006d8                HAL_NVIC_SetPriority
 .text.HAL_NVIC_EnableIRQ
                0x08000738       0x1c Drivers\STM32H7xx_HAL_Driver\Src\stm32h7xx_hal_cortex.o
                0x08000738                HAL_NVIC_EnableIRQ
 .text.HAL_SYSTICK_Config
                0x08000754       0x2c Drivers\STM32H7xx_HAL_Driver\Src\stm32h7xx_hal_cortex.o
                0x08000754                HAL_SYSTICK_Config
 .text.HAL_SYSTICK_CLKSourceConfig
                0x08000780       0x20 Drivers\STM32H7xx_HAL_Driver\Src\stm32h7xx_hal_cortex.o
                0x08000780                HAL_SYSTICK_CLKSourceConfig
 .text.HAL_SYSTICK_Callback
                0x080007a0        0x2 Drivers\STM32H7xx_HAL_Driver\Src\stm32h7xx_hal_cortex.o
                0x080007a0                HAL_SYSTICK_Callback
 .text.HAL_SYSTICK_IRQHandler
                0x080007a2        0x8 Drivers\STM32H7xx_HAL_Driver\Src\stm32h7xx_hal_cortex.o
                0x080007a2                HAL_SYSTICK_IRQHandler
 *fill*         0x080007aa        0x2 
 .text.DMA_SetConfig
                0x080007ac       0x94 Drivers\STM32H7xx_HAL_Driver\Src\stm32h7xx_hal_dma.o
 .text.DMA_CalcBaseAndBitshift
                0x08000840       0x38 Drivers\STM32H7xx_HAL_Driver\Src\stm32h7xx_hal_dma.o
 .text.DMA_CheckFifoParam
                0x08000878       0x92 Drivers\STM32H7xx_HAL_Driver\Src\stm32h7xx_hal_dma.o
 *fill*         0x0800090a        0x2 
 .text.DMA_CalcDMAMUXChannelBaseAndMask
                0x0800090c       0x78 Drivers\STM32H7xx_HAL_Driver\Src\stm32h7xx_hal_dma.o
 .text.DMA_CalcDMAMUXRequestGenBaseAndMask
                0x08000984       0x50 Drivers\STM32H7xx_HAL_Driver\Src\stm32h7xx_hal_dma.o
 .text.HAL_DMA_Init
                0x080009d4      0x1ac Drivers\STM32H7xx_HAL_Driver\Src\stm32h7xx_hal_dma.o
                0x080009d4                HAL_DMA_Init
 .text.HAL_DMA_Start_IT
                0x08000b80       0xfc Drivers\STM32H7xx_HAL_Driver\Src\stm32h7xx_hal_dma.o
                0x08000b80                HAL_DMA_Start_IT
 .text.HAL_DMA_Abort_IT
                0x08000c7c       0xb4 Drivers\STM32H7xx_HAL_Driver\Src\stm32h7xx_hal_dma.o
                0x08000c7c                HAL_DMA_Abort_IT
 .text.HAL_DMA_IRQHandler
                0x08000d30      0x340 Drivers\STM32H7xx_HAL_Driver\Src\stm32h7xx_hal_dma.o
                0x08000d30                HAL_DMA_IRQHandler
 .text.HAL_DMA_GetError
                0x08001070        0x4 Drivers\STM32H7xx_HAL_Driver\Src\stm32h7xx_hal_dma.o
                0x08001070                HAL_DMA_GetError
 .text.ETH_SetMACConfig
                0x08001074      0x1b0 Drivers\STM32H7xx_HAL_Driver\Src\stm32h7xx_hal_eth.o
 .text.ETH_SetDMAConfig
                0x08001224       0x98 Drivers\STM32H7xx_HAL_Driver\Src\stm32h7xx_hal_eth.o
 .text.ETH_MACDMAConfig
                0x080012bc       0xdc Drivers\STM32H7xx_HAL_Driver\Src\stm32h7xx_hal_eth.o
 .text.ETH_DMATxDescListInit
                0x08001398       0x64 Drivers\STM32H7xx_HAL_Driver\Src\stm32h7xx_hal_eth.o
 .text.ETH_DMARxDescListInit
                0x080013fc       0x82 Drivers\STM32H7xx_HAL_Driver\Src\stm32h7xx_hal_eth.o
 *fill*         0x0800147e        0x2 
 .text.ETH_MAC_MDIO_ClkConfig
                0x08001480       0x78 Drivers\STM32H7xx_HAL_Driver\Src\stm32h7xx_hal_eth.o
 .text.HAL_ETH_Init
                0x080014f8      0x13c Drivers\STM32H7xx_HAL_Driver\Src\stm32h7xx_hal_eth.o
                0x080014f8                HAL_ETH_Init
 .text.HAL_GPIO_Init
                0x08001634      0x1ec Drivers\STM32H7xx_HAL_Driver\Src\stm32h7xx_hal_gpio.o
                0x08001634                HAL_GPIO_Init
 .text.HAL_GPIO_WritePin
                0x08001820        0xa Drivers\STM32H7xx_HAL_Driver\Src\stm32h7xx_hal_gpio.o
                0x08001820                HAL_GPIO_WritePin
 .text.HAL_PCD_Init
                0x0800182a       0xfc Drivers\STM32H7xx_HAL_Driver\Src\stm32h7xx_hal_pcd.o
                0x0800182a                HAL_PCD_Init
 *fill*         0x08001926        0x2 
 .text.HAL_PCDEx_ActivateLPM
                0x08001928       0x28 Drivers\STM32H7xx_HAL_Driver\Src\stm32h7xx_hal_pcd_ex.o
                0x08001928                HAL_PCDEx_ActivateLPM
 .text.HAL_PCDEx_ActivateBCD
                0x08001950       0x1c Drivers\STM32H7xx_HAL_Driver\Src\stm32h7xx_hal_pcd_ex.o
                0x08001950                HAL_PCDEx_ActivateBCD
 .text.HAL_RCC_OscConfig
                0x0800196c      0x58c Drivers\STM32H7xx_HAL_Driver\Src\stm32h7xx_hal_rcc.o
                0x0800196c                HAL_RCC_OscConfig
 .text.HAL_RCC_GetSysClockFreq
                0x08001ef8      0x1cc Drivers\STM32H7xx_HAL_Driver\Src\stm32h7xx_hal_rcc.o
                0x08001ef8                HAL_RCC_GetSysClockFreq
 .text.HAL_RCC_ClockConfig
                0x080020c4      0x1f0 Drivers\STM32H7xx_HAL_Driver\Src\stm32h7xx_hal_rcc.o
                0x080020c4                HAL_RCC_ClockConfig
 .text.HAL_RCC_GetHCLKFreq
                0x080022b4       0x34 Drivers\STM32H7xx_HAL_Driver\Src\stm32h7xx_hal_rcc.o
                0x080022b4                HAL_RCC_GetHCLKFreq
 .text.HAL_RCC_GetPCLK1Freq
                0x080022e8       0x2c Drivers\STM32H7xx_HAL_Driver\Src\stm32h7xx_hal_rcc.o
                0x080022e8                HAL_RCC_GetPCLK1Freq
 .text.HAL_RCC_GetPCLK2Freq
                0x08002314       0x2c Drivers\STM32H7xx_HAL_Driver\Src\stm32h7xx_hal_rcc.o
                0x08002314                HAL_RCC_GetPCLK2Freq
 .text.RCCEx_PLL2_Config
                0x08002340       0xe8 Drivers\STM32H7xx_HAL_Driver\Src\stm32h7xx_hal_rcc_ex.o
 .text.RCCEx_PLL3_Config
                0x08002428       0xe8 Drivers\STM32H7xx_HAL_Driver\Src\stm32h7xx_hal_rcc_ex.o
 .text.HAL_RCCEx_PeriphCLKConfig
                0x08002510      0x96c Drivers\STM32H7xx_HAL_Driver\Src\stm32h7xx_hal_rcc_ex.o
                0x08002510                HAL_RCCEx_PeriphCLKConfig
 .text.HAL_RCCEx_GetD3PCLK1Freq
                0x08002e7c       0x2c Drivers\STM32H7xx_HAL_Driver\Src\stm32h7xx_hal_rcc_ex.o
                0x08002e7c                HAL_RCCEx_GetD3PCLK1Freq
 .text.HAL_RCCEx_GetPLL2ClockFreq
                0x08002ea8      0x1c8 Drivers\STM32H7xx_HAL_Driver\Src\stm32h7xx_hal_rcc_ex.o
                0x08002ea8                HAL_RCCEx_GetPLL2ClockFreq
 .text.HAL_RCCEx_GetPLL3ClockFreq
                0x08003070      0x1c8 Drivers\STM32H7xx_HAL_Driver\Src\stm32h7xx_hal_rcc_ex.o
                0x08003070                HAL_RCCEx_GetPLL3ClockFreq
 .text.HAL_RCCEx_GetD1SysClockFreq
                0x08003238       0x34 Drivers\STM32H7xx_HAL_Driver\Src\stm32h7xx_hal_rcc_ex.o
                0x08003238                HAL_RCCEx_GetD1SysClockFreq
 .text.SPI_CloseTransfer
                0x0800326c       0xd0 Drivers\STM32H7xx_HAL_Driver\Src\stm32h7xx_hal_spi.o
 .text.SPI_GetPacketSize
                0x0800333c       0x10 Drivers\STM32H7xx_HAL_Driver\Src\stm32h7xx_hal_spi.o
 .text.SPI_WaitOnFlagUntilTimeout
                0x0800334c       0x46 Drivers\STM32H7xx_HAL_Driver\Src\stm32h7xx_hal_spi.o
 *fill*         0x08003392        0x2 
 .text.HAL_SPI_Init
                0x08003394      0x150 Drivers\STM32H7xx_HAL_Driver\Src\stm32h7xx_hal_spi.o
                0x08003394                HAL_SPI_Init
 .text.HAL_SPI_Transmit
                0x080034e4      0x2b0 Drivers\STM32H7xx_HAL_Driver\Src\stm32h7xx_hal_spi.o
                0x080034e4                HAL_SPI_Transmit
 .text.HAL_SPI_Transmit_DMA
                0x08003794      0x1a0 Drivers\STM32H7xx_HAL_Driver\Src\stm32h7xx_hal_spi.o
                0x08003794                HAL_SPI_Transmit_DMA
 .text.HAL_SPI_TxCpltCallback
                0x08003934        0x2 Drivers\STM32H7xx_HAL_Driver\Src\stm32h7xx_hal_spi.o
                0x08003934                HAL_SPI_TxCpltCallback
 .text.SPI_DMATransmitCplt
                0x08003936       0x2a Drivers\STM32H7xx_HAL_Driver\Src\stm32h7xx_hal_spi.o
 .text.HAL_SPI_RxCpltCallback
                0x08003960        0x2 Drivers\STM32H7xx_HAL_Driver\Src\stm32h7xx_hal_spi.o
                0x08003960                HAL_SPI_RxCpltCallback
 .text.HAL_SPI_TxRxCpltCallback
                0x08003962        0x2 Drivers\STM32H7xx_HAL_Driver\Src\stm32h7xx_hal_spi.o
                0x08003962                HAL_SPI_TxRxCpltCallback
 .text.HAL_SPI_TxHalfCpltCallback
                0x08003964        0x2 Drivers\STM32H7xx_HAL_Driver\Src\stm32h7xx_hal_spi.o
                0x08003964                HAL_SPI_TxHalfCpltCallback
 .text.SPI_DMAHalfTransmitCplt
                0x08003966        0xa Drivers\STM32H7xx_HAL_Driver\Src\stm32h7xx_hal_spi.o
 .text.HAL_SPI_ErrorCallback
                0x08003970        0x2 Drivers\STM32H7xx_HAL_Driver\Src\stm32h7xx_hal_spi.o
                0x08003970                HAL_SPI_ErrorCallback
 .text.SPI_DMAError
                0x08003972       0x2c Drivers\STM32H7xx_HAL_Driver\Src\stm32h7xx_hal_spi.o
 *fill*         0x0800399e        0x2 
 .text.HAL_SPI_IRQHandler
                0x080039a0      0x22c Drivers\STM32H7xx_HAL_Driver\Src\stm32h7xx_hal_spi.o
                0x080039a0                HAL_SPI_IRQHandler
 .text.SPI_DMAAbortOnError
                0x08003bcc       0x1a Drivers\STM32H7xx_HAL_Driver\Src\stm32h7xx_hal_spi.o
 *fill*         0x08003be6        0x2 
 .text.UART_SetConfig
                0x08003be8      0x908 Drivers\STM32H7xx_HAL_Driver\Src\stm32h7xx_hal_uart.o
                0x08003be8                UART_SetConfig
 .text.UART_AdvFeatureConfig
                0x080044f0       0xca Drivers\STM32H7xx_HAL_Driver\Src\stm32h7xx_hal_uart.o
                0x080044f0                UART_AdvFeatureConfig
 .text.UART_WaitOnFlagUntilTimeout
                0x080045ba       0x64 Drivers\STM32H7xx_HAL_Driver\Src\stm32h7xx_hal_uart.o
                0x080045ba                UART_WaitOnFlagUntilTimeout
 .text.UART_CheckIdleState
                0x0800461e       0x70 Drivers\STM32H7xx_HAL_Driver\Src\stm32h7xx_hal_uart.o
                0x0800461e                UART_CheckIdleState
 .text.HAL_UART_Init
                0x0800468e       0x68 Drivers\STM32H7xx_HAL_Driver\Src\stm32h7xx_hal_uart.o
                0x0800468e                HAL_UART_Init
 *fill*         0x080046f6        0x2 
 .text.USB_CoreInit
                0x080046f8       0x7c Drivers\STM32H7xx_HAL_Driver\Src\stm32h7xx_ll_usb.o
                0x080046f8                USB_CoreInit
 .text.USB_DisableGlobalInt
                0x08004774        0xc Drivers\STM32H7xx_HAL_Driver\Src\stm32h7xx_ll_usb.o
                0x08004774                USB_DisableGlobalInt
 .text.USB_SetCurrentMode
                0x08004780       0x2c Drivers\STM32H7xx_HAL_Driver\Src\stm32h7xx_ll_usb.o
                0x08004780                USB_SetCurrentMode
 .text.USB_DevInit
                0x080047ac      0x15c Drivers\STM32H7xx_HAL_Driver\Src\stm32h7xx_ll_usb.o
                0x080047ac                USB_DevInit
 .text.USB_FlushTxFifo
                0x08004908       0x28 Drivers\STM32H7xx_HAL_Driver\Src\stm32h7xx_ll_usb.o
                0x08004908                USB_FlushTxFifo
 .text.USB_FlushRxFifo
                0x08004930       0x24 Drivers\STM32H7xx_HAL_Driver\Src\stm32h7xx_ll_usb.o
                0x08004930                USB_FlushRxFifo
 .text.USB_SetDevSpeed
                0x08004954        0xe Drivers\STM32H7xx_HAL_Driver\Src\stm32h7xx_ll_usb.o
                0x08004954                USB_SetDevSpeed
 .text.USB_DevDisconnect
                0x08004962       0x18 Drivers\STM32H7xx_HAL_Driver\Src\stm32h7xx_ll_usb.o
                0x08004962                USB_DevDisconnect
 *fill*         0x0800497a        0x2 
 .text.USB_CoreReset
                0x0800497c       0x3c Drivers\STM32H7xx_HAL_Driver\Src\stm32h7xx_ll_usb.o
 .text.AT_N5110LCD_write_buffer
                0x080049b8       0x22 Src\N5110_LCD\N5110_lcd.o
 .text.AT_N5110LCD_write_buffer_dma
                0x080049da        0xe Src\N5110_LCD\N5110_lcd.o
 .text.AT_N5110LCD_set_reset
                0x080049e8        0xc Src\N5110_LCD\N5110_lcd.o
 .text.AT_N5110LCD_clear_reset
                0x080049f4        0xc Src\N5110_LCD\N5110_lcd.o
 .text.AT_N5110LCD_reset_duration
                0x08004a00       0x30 Src\N5110_LCD\N5110_lcd.o
 .text.AT_N5110LCD_send_data
                0x08004a30       0x22 Src\N5110_LCD\N5110_lcd.o
 .text.AT_N5110LCD_send_command
                0x08004a52       0x22 Src\N5110_LCD\N5110_lcd.o
 .text.AT_N5110LCD_clear
                0x08004a74       0x1a Src\N5110_LCD\N5110_lcd.o
 .text.AT_N5110LCD_init_hw
                0x08004a8e       0x3c Src\N5110_LCD\N5110_lcd.o
 .text.AT_N5110LCD_open
                0x08004aca        0xa Src\N5110_LCD\N5110_lcd.o
                0x08004aca                AT_N5110LCD_open
 .text.AT_N5110LCD_init
                0x08004ad4       0x20 Src\N5110_LCD\N5110_lcd.o
                0x08004ad4                AT_N5110LCD_init
 .text.AT_N5110LCD_update_display
                0x08004af4       0x28 Src\N5110_LCD\N5110_lcd.o
                0x08004af4                AT_N5110LCD_update_display
 .text.AT_N5110LCD_get_pixel
                0x08004b1c       0x34 Src\N5110_LCD\N5110_lcd.o
                0x08004b1c                AT_N5110LCD_get_pixel
 .text.AT_N5110LCD_set_pixel
                0x08004b50       0x36 Src\N5110_LCD\N5110_lcd.o
                0x08004b50                AT_N5110LCD_set_pixel
 .text.AT_N5110LCD_clear_pixel
                0x08004b86       0x38 Src\N5110_LCD\N5110_lcd.o
                0x08004b86                AT_N5110LCD_clear_pixel
 .text.AT_N5110LCD_draw_pixel
                0x08004bbe       0x10 Src\N5110_LCD\N5110_lcd.o
                0x08004bbe                AT_N5110LCD_draw_pixel
 .text.AT_N5110LCD_print_char
                0x08004bce       0xa8 Src\N5110_LCD\N5110_lcd.o
                0x08004bce                AT_N5110LCD_print_char
 .text.AT_N5110LCD_print_string
                0x08004c76       0x54 Src\N5110_LCD\N5110_lcd.o
                0x08004c76                AT_N5110LCD_print_string
 *fill*         0x08004cca        0x2 
 .text.MX_DMA_Init
                0x08004ccc       0x38 Src\dma.o
                0x08004ccc                MX_DMA_Init
 .text.MX_ETH_Init
                0x08004d04       0x80 Src\eth.o
                0x08004d04                MX_ETH_Init
 .text.HAL_ETH_MspInit
                0x08004d84       0xd0 Src\eth.o
                0x08004d84                HAL_ETH_MspInit
 .text.MX_GPIO_Init
                0x08004e54      0x18c Src\gpio.o
                0x08004e54                MX_GPIO_Init
 .text.GPIO_ResetPin
                0x08004fe0        0xc Src\main.o
                0x08004fe0                GPIO_ResetPin
 .text.GPIO_SetPin
                0x08004fec        0xc Src\main.o
                0x08004fec                GPIO_SetPin
 .text.SPI_Transmit
                0x08004ff8       0x14 Src\main.o
                0x08004ff8                SPI_Transmit
 .text.SPI_Transmit_DMA
                0x0800500c       0x14 Src\main.o
                0x0800500c                SPI_Transmit_DMA
 .text._Error_Handler
                0x08005020        0x2 Src\main.o
                0x08005020                _Error_Handler
 *fill*         0x08005022        0x2 
 .text.SystemClock_Config
                0x08005024      0x100 Src\main.o
                0x08005024                SystemClock_Config
 .text.main     0x08005124      0x128 Src\main.o
                0x08005124                main
 .text.MX_SPI1_Init
                0x0800524c       0x64 Src\spi.o
                0x0800524c                MX_SPI1_Init
 .text.HAL_SPI_MspInit
                0x080052b0       0xc0 Src\spi.o
                0x080052b0                HAL_SPI_MspInit
 .text.HAL_MspInit
                0x08005370       0x84 Src\stm32h7xx_hal_msp.o
                0x08005370                HAL_MspInit
 .text.NMI_Handler
                0x080053f4        0x2 Src\stm32h7xx_it.o
                0x080053f4                NMI_Handler
 .text.HardFault_Handler
                0x080053f6        0x2 Src\stm32h7xx_it.o
                0x080053f6                HardFault_Handler
 .text.MemManage_Handler
                0x080053f8        0x2 Src\stm32h7xx_it.o
                0x080053f8                MemManage_Handler
 .text.BusFault_Handler
                0x080053fa        0x2 Src\stm32h7xx_it.o
                0x080053fa                BusFault_Handler
 .text.UsageFault_Handler
                0x080053fc        0x2 Src\stm32h7xx_it.o
                0x080053fc                UsageFault_Handler
 .text.SVC_Handler
                0x080053fe        0x2 Src\stm32h7xx_it.o
                0x080053fe                SVC_Handler
 .text.DebugMon_Handler
                0x08005400        0x2 Src\stm32h7xx_it.o
                0x08005400                DebugMon_Handler
 .text.PendSV_Handler
                0x08005402        0x2 Src\stm32h7xx_it.o
                0x08005402                PendSV_Handler
 .text.SysTick_Handler
                0x08005404        0xc Src\stm32h7xx_it.o
                0x08005404                SysTick_Handler
 .text.DMA1_Stream0_IRQHandler
                0x08005410       0x10 Src\stm32h7xx_it.o
                0x08005410                DMA1_Stream0_IRQHandler
 .text.SPI1_IRQHandler
                0x08005420       0x10 Src\stm32h7xx_it.o
                0x08005420                SPI1_IRQHandler
 .text.SystemInit
                0x08005430       0x68 Src\system_stm32h7xx.o
                0x08005430                SystemInit
 .text.MX_USART3_UART_Init
                0x08005498       0x48 Src\usart.o
                0x08005498                MX_USART3_UART_Init
 .text.HAL_UART_MspInit
                0x080054e0       0x58 Src\usart.o
                0x080054e0                HAL_UART_MspInit
 .text.MX_USB_OTG_FS_PCD_Init
                0x08005538       0x44 Src\usb_otg.o
                0x08005538                MX_USB_OTG_FS_PCD_Init
 .text.HAL_PCD_MspInit
                0x0800557c       0x68 Src\usb_otg.o
                0x0800557c                HAL_PCD_MspInit
 .text.Reset_Handler
                0x080055e4       0x50 startup\startup_stm32h743xx.o
                0x080055e4                Reset_Handler
 .text.Default_Handler
                0x08005634        0x2 startup\startup_stm32h743xx.o
                0x08005634                RTC_Alarm_IRQHandler
                0x08005634                EXTI2_IRQHandler
                0x08005634                TIM8_CC_IRQHandler
                0x08005634                HRTIM1_Master_IRQHandler
                0x08005634                UART8_IRQHandler
                0x08005634                SPI4_IRQHandler
                0x08005634                TIM1_CC_IRQHandler
                0x08005634                BDMA_Channel6_IRQHandler
                0x08005634                DMA2_Stream5_IRQHandler
                0x08005634                HRTIM1_FLT_IRQHandler
                0x08005634                JPEG_IRQHandler
                0x08005634                DMA1_Stream5_IRQHandler
                0x08005634                BDMA_Channel1_IRQHandler
                0x08005634                HRTIM1_TIMD_IRQHandler
                0x08005634                TAMP_STAMP_IRQHandler
                0x08005634                EXTI3_IRQHandler
                0x08005634                LPTIM4_IRQHandler
                0x08005634                TIM8_TRG_COM_TIM14_IRQHandler
                0x08005634                LPTIM2_IRQHandler
                0x08005634                DFSDM1_FLT1_IRQHandler
                0x08005634                DMAMUX2_OVR_IRQHandler
                0x08005634                TIM8_UP_TIM13_IRQHandler
                0x08005634                I2C3_ER_IRQHandler
                0x08005634                DFSDM1_FLT2_IRQHandler
                0x08005634                MDMA_IRQHandler
                0x08005634                LPTIM3_IRQHandler
                0x08005634                HSEM1_IRQHandler
                0x08005634                EXTI0_IRQHandler
                0x08005634                I2C2_EV_IRQHandler
                0x08005634                DMA1_Stream2_IRQHandler
                0x08005634                FPU_IRQHandler
                0x08005634                OTG_HS_WKUP_IRQHandler
                0x08005634                FDCAN1_IT1_IRQHandler
                0x08005634                LTDC_ER_IRQHandler
                0x08005634                DMA2_Stream2_IRQHandler
                0x08005634                HRTIM1_TIME_IRQHandler
                0x08005634                TIM6_DAC_IRQHandler
                0x08005634                DCMI_IRQHandler
                0x08005634                HRTIM1_TIMC_IRQHandler
                0x08005634                DMA2_Stream3_IRQHandler
                0x08005634                SAI2_IRQHandler
                0x08005634                DFSDM1_FLT3_IRQHandler
                0x08005634                USART6_IRQHandler
                0x08005634                TIM17_IRQHandler
                0x08005634                USART3_IRQHandler
                0x08005634                BDMA_Channel7_IRQHandler
                0x08005634                LPTIM5_IRQHandler
                0x08005634                UART5_IRQHandler
                0x08005634                ADC3_IRQHandler
                0x08005634                DMA2_Stream0_IRQHandler
                0x08005634                TIM4_IRQHandler
                0x08005634                BDMA_Channel2_IRQHandler
                0x08005634                QUADSPI_IRQHandler
                0x08005634                I2C1_EV_IRQHandler
                0x08005634                DMA1_Stream6_IRQHandler
                0x08005634                DMAMUX1_OVR_IRQHandler
                0x08005634                DMA1_Stream1_IRQHandler
                0x08005634                TIM16_IRQHandler
                0x08005634                UART4_IRQHandler
                0x08005634                BDMA_Channel5_IRQHandler
                0x08005634                TIM3_IRQHandler
                0x08005634                RCC_IRQHandler
                0x08005634                TIM8_BRK_TIM12_IRQHandler
                0x08005634                TIM1_TRG_COM_IRQHandler
                0x08005634                Default_Handler
                0x08005634                CEC_IRQHandler
                0x08005634                EXTI15_10_IRQHandler
                0x08005634                BDMA_Channel0_IRQHandler
                0x08005634                ADC_IRQHandler
                0x08005634                DMA1_Stream7_IRQHandler
                0x08005634                HRTIM1_TIMA_IRQHandler
                0x08005634                SPI5_IRQHandler
                0x08005634                TIM7_IRQHandler
                0x08005634                SDMMC1_IRQHandler
                0x08005634                TIM5_IRQHandler
                0x08005634                DMA2_Stream7_IRQHandler
                0x08005634                TIM15_IRQHandler
                0x08005634                PVD_AVD_IRQHandler
                0x08005634                I2C3_EV_IRQHandler
                0x08005634                EXTI9_5_IRQHandler
                0x08005634                RTC_WKUP_IRQHandler
                0x08005634                LTDC_IRQHandler
                0x08005634                SAI3_IRQHandler
                0x08005634                ETH_WKUP_IRQHandler
                0x08005634                SPDIF_RX_IRQHandler
                0x08005634                SPI2_IRQHandler
                0x08005634                OTG_HS_EP1_IN_IRQHandler
                0x08005634                CRS_IRQHandler
                0x08005634                EXTI4_IRQHandler
                0x08005634                RNG_IRQHandler
                0x08005634                HRTIM1_TIMB_IRQHandler
                0x08005634                FDCAN2_IT1_IRQHandler
                0x08005634                ETH_IRQHandler
                0x08005634                TIM1_UP_IRQHandler
                0x08005634                BDMA_Channel4_IRQHandler
                0x08005634                OTG_HS_EP1_OUT_IRQHandler
                0x08005634                WWDG_IRQHandler
                0x08005634                SPI6_IRQHandler
                0x08005634                MDIOS_IRQHandler
                0x08005634                I2C4_EV_IRQHandler
                0x08005634                FDCAN2_IT0_IRQHandler
                0x08005634                LPUART1_IRQHandler
                0x08005634                FDCAN1_IT0_IRQHandler
                0x08005634                TIM2_IRQHandler
                0x08005634                OTG_FS_WKUP_IRQHandler
                0x08005634                OTG_HS_IRQHandler
                0x08005634                DMA2D_IRQHandler
                0x08005634                TIM1_BRK_IRQHandler
                0x08005634                EXTI1_IRQHandler
                0x08005634                SDMMC2_IRQHandler
                0x08005634                OTG_FS_EP1_OUT_IRQHandler
                0x08005634                BDMA_Channel3_IRQHandler
                0x08005634                UART7_IRQHandler
                0x08005634                MDIOS_WKUP_IRQHandler
                0x08005634                USART2_IRQHandler
                0x08005634                DFSDM1_FLT0_IRQHandler
                0x08005634                SAI4_IRQHandler
                0x08005634                I2C2_ER_IRQHandler
                0x08005634                DMA2_Stream1_IRQHandler
                0x08005634                FLASH_IRQHandler
                0x08005634                DMA2_Stream4_IRQHandler
                0x08005634                USART1_IRQHandler
                0x08005634                OTG_FS_IRQHandler
                0x08005634                SPI3_IRQHandler
                0x08005634                WAKEUP_PIN_IRQHandler
                0x08005634                DMA1_Stream4_IRQHandler
                0x08005634                OTG_FS_EP1_IN_IRQHandler
                0x08005634                I2C1_ER_IRQHandler
                0x08005634                FMC_IRQHandler
                0x08005634                FDCAN_CAL_IRQHandler
                0x08005634                SWPMI1_IRQHandler
                0x08005634                COMP1_IRQHandler
                0x08005634                LPTIM1_IRQHandler
                0x08005634                I2C4_ER_IRQHandler
                0x08005634                DMA2_Stream6_IRQHandler
                0x08005634                SAI1_IRQHandler
                0x08005634                DMA1_Stream3_IRQHandler
 *fill*         0x08005636        0x2 
 .text.__libc_init_array
                0x08005638       0x48 c:/program files (x86)/atollic/truestudio for stm32 9.1.0/armtools/bin/../lib/gcc/arm-atollic-eabi/6.3.1/../../../../arm-atollic-eabi/lib/armv7e-m/fpu/fpv5-d16\libc_nano.a(lib_a-init.o)
                0x08005638                __libc_init_array
 .text.malloc   0x08005680       0x10 c:/program files (x86)/atollic/truestudio for stm32 9.1.0/armtools/bin/../lib/gcc/arm-atollic-eabi/6.3.1/../../../../arm-atollic-eabi/lib/armv7e-m/fpu/fpv5-d16\libc_nano.a(lib_a-malloc.o)
                0x08005680                malloc
 .text.memset   0x08005690       0x10 c:/program files (x86)/atollic/truestudio for stm32 9.1.0/armtools/bin/../lib/gcc/arm-atollic-eabi/6.3.1/../../../../arm-atollic-eabi/lib/armv7e-m/fpu/fpv5-d16\libc_nano.a(lib_a-memset.o)
                0x08005690                memset
 .text._malloc_r
                0x080056a0       0xbc c:/program files (x86)/atollic/truestudio for stm32 9.1.0/armtools/bin/../lib/gcc/arm-atollic-eabi/6.3.1/../../../../arm-atollic-eabi/lib/armv7e-m/fpu/fpv5-d16\libc_nano.a(lib_a-nano-mallocr.o)
                0x080056a0                _malloc_r
 .text._sbrk_r  0x0800575c       0x20 c:/program files (x86)/atollic/truestudio for stm32 9.1.0/armtools/bin/../lib/gcc/arm-atollic-eabi/6.3.1/../../../../arm-atollic-eabi/lib/armv7e-m/fpu/fpv5-d16\libc_nano.a(lib_a-sbrkr.o)
                0x0800575c                _sbrk_r
 .text.__malloc_lock
                0x0800577c        0x2 c:/program files (x86)/atollic/truestudio for stm32 9.1.0/armtools/bin/../lib/gcc/arm-atollic-eabi/6.3.1/../../../../arm-atollic-eabi/lib/armv7e-m/fpu/fpv5-d16\libc_nano.a(lib_a-mlock.o)
                0x0800577c                __malloc_lock
 .text.__malloc_unlock
                0x0800577e        0x2 c:/program files (x86)/atollic/truestudio for stm32 9.1.0/armtools/bin/../lib/gcc/arm-atollic-eabi/6.3.1/../../../../arm-atollic-eabi/lib/armv7e-m/fpu/fpv5-d16\libc_nano.a(lib_a-mlock.o)
                0x0800577e                __malloc_unlock
 .text._sbrk    0x08005780       0x1c c:/program files (x86)/atollic/truestudio for stm32 9.1.0/armtools/bin/../lib/gcc/arm-atollic-eabi/6.3.1/../../../../arm-atollic-eabi/lib/armv7e-m/fpu/fpv5-d16\libnosys.a(sbrk.o)
                0x08005780                _sbrk
 *(.glue_7)
 .glue_7        0x0800579c        0x0 linker stubs
 *(.glue_7t)
 .glue_7t       0x0800579c        0x0 linker stubs
 *(.eh_frame)
 .eh_frame      0x0800579c        0x0 c:/program files (x86)/atollic/truestudio for stm32 9.1.0/armtools/bin/../lib/gcc/arm-atollic-eabi/6.3.1/armv7e-m/fpu/fpv5-d16/crtbegin.o
 *(.init)
 .init          0x0800579c        0x4 c:/program files (x86)/atollic/truestudio for stm32 9.1.0/armtools/bin/../lib/gcc/arm-atollic-eabi/6.3.1/armv7e-m/fpu/fpv5-d16/crti.o
                0x0800579c                _init
 .init          0x080057a0        0x8 c:/program files (x86)/atollic/truestudio for stm32 9.1.0/armtools/bin/../lib/gcc/arm-atollic-eabi/6.3.1/armv7e-m/fpu/fpv5-d16/crtn.o
 *(.fini)
 .fini          0x080057a8        0x4 c:/program files (x86)/atollic/truestudio for stm32 9.1.0/armtools/bin/../lib/gcc/arm-atollic-eabi/6.3.1/armv7e-m/fpu/fpv5-d16/crti.o
                0x080057a8                _fini
 .fini          0x080057ac        0x8 c:/program files (x86)/atollic/truestudio for stm32 9.1.0/armtools/bin/../lib/gcc/arm-atollic-eabi/6.3.1/armv7e-m/fpu/fpv5-d16/crtn.o
                0x080057b4                . = ALIGN (0x4)
                0x080057b4                _etext = .

.vfp11_veneer   0x080057b4        0x0
 .vfp11_veneer  0x080057b4        0x0 linker stubs

.v4_bx          0x080057b4        0x0
 .v4_bx         0x080057b4        0x0 linker stubs

.iplt           0x080057b4        0x0
 .iplt          0x080057b4        0x0 c:/program files (x86)/atollic/truestudio for stm32 9.1.0/armtools/bin/../lib/gcc/arm-atollic-eabi/6.3.1/armv7e-m/fpu/fpv5-d16/crtbegin.o

.rodata         0x080057b4     0x242c
                0x080057b4                . = ALIGN (0x4)
 *(.rodata)
 *(.rodata*)
 .rodata.flagBitshiftOffset.10997
                0x080057b4        0x8 Drivers\STM32H7xx_HAL_Driver\Src\stm32h7xx_hal_dma.o
 .rodata.UARTPrescTable
                0x080057bc       0x18 Drivers\STM32H7xx_HAL_Driver\Src\stm32h7xx_hal_uart.o
 .rodata.FontMenlo32_Table
                0x080057d4     0x23a0 Src\N5110_LCD\fonts\fontMenlo32.o
                0x080057d4                FontMenlo32_Table
 .rodata.MX_ETH_Init.str1.4
                0x08007b74        0xd Src\eth.o
 *fill*         0x08007b81        0x3 
 .rodata.SystemClock_Config.str1.4
                0x08007b84        0xe Src\main.o
 *fill*         0x08007b92        0x2 
 .rodata.main.str1.4
                0x08007b94        0x7 Src\main.o
 *fill*         0x08007b9b        0x1 
 .rodata.MX_SPI1_Init.str1.4
                0x08007b9c        0xd Src\spi.o
 *fill*         0x08007ba9        0x3 
 .rodata.D1CorePrescTable
                0x08007bac       0x10 Src\system_stm32h7xx.o
                0x08007bac                D1CorePrescTable
 .rodata.MX_USART3_UART_Init.str1.4
                0x08007bbc        0xf Src\usart.o
 *fill*         0x08007bcb        0x1 
 .rodata.MX_USB_OTG_FS_PCD_Init.str1.4
                0x08007bcc       0x14 Src\usb_otg.o
                                 0x11 (size before relaxing)
                0x08007be0                . = ALIGN (0x4)

.ARM.extab
 *(.ARM.extab* .gnu.linkonce.armextab.*)

.ARM            0x08007be0        0x8
                0x08007be0                __exidx_start = .
 *(.ARM.exidx*)
 .ARM.exidx     0x08007be0        0x8 c:/program files (x86)/atollic/truestudio for stm32 9.1.0/armtools/bin/../lib/gcc/arm-atollic-eabi/6.3.1/armv7e-m/fpu/fpv5-d16\libgcc.a(_udivmoddi4.o)
                0x08007be8                __exidx_end = .

.rel.dyn        0x08007be8        0x0
 .rel.iplt      0x08007be8        0x0 c:/program files (x86)/atollic/truestudio for stm32 9.1.0/armtools/bin/../lib/gcc/arm-atollic-eabi/6.3.1/armv7e-m/fpu/fpv5-d16/crtbegin.o

.preinit_array  0x08007be8        0x0
                0x08007be8                PROVIDE (__preinit_array_start, .)
 *(.preinit_array*)
                0x08007be8                PROVIDE (__preinit_array_end, .)

.init_array     0x08007be8        0x4
                0x08007be8                PROVIDE (__init_array_start, .)
 *(SORT(.init_array.*))
 *(.init_array*)
 .init_array    0x08007be8        0x4 c:/program files (x86)/atollic/truestudio for stm32 9.1.0/armtools/bin/../lib/gcc/arm-atollic-eabi/6.3.1/armv7e-m/fpu/fpv5-d16/crtbegin.o
                0x08007bec                PROVIDE (__init_array_end, .)

.fini_array     0x08007bec        0x4
                [!provide]                PROVIDE (__fini_array_start, .)
 *(SORT(.fini_array.*))
 *(.fini_array*)
 .fini_array    0x08007bec        0x4 c:/program files (x86)/atollic/truestudio for stm32 9.1.0/armtools/bin/../lib/gcc/arm-atollic-eabi/6.3.1/armv7e-m/fpu/fpv5-d16/crtbegin.o
                [!provide]                PROVIDE (__fini_array_end, .)
                0x08007bf0                _sidata = LOADADDR (.data)

.data           0x20000000       0x7c load address 0x08007bf0
                0x20000000                . = ALIGN (0x4)
                0x20000000                _sdata = .
 *(.data)
 *(.data*)
 .data.uwTickFreq
                0x20000000        0x1 Drivers\STM32H7xx_HAL_Driver\Src\stm32h7xx_hal.o
 *fill*         0x20000001        0x3 
 .data.uwTickPrio
                0x20000004        0x4 Drivers\STM32H7xx_HAL_Driver\Src\stm32h7xx_hal.o
 .data.FontMenlo32
                0x20000008        0x8 Src\N5110_LCD\fonts\fontMenlo32.o
                0x20000008                FontMenlo32
 .data.SystemCoreClock
                0x20000010        0x4 Src\system_stm32h7xx.o
                0x20000010                SystemCoreClock
 .data.SystemD2Clock
                0x20000014        0x4 Src\system_stm32h7xx.o
                0x20000014                SystemD2Clock
 .data._impure_ptr
                0x20000018        0x4 c:/program files (x86)/atollic/truestudio for stm32 9.1.0/armtools/bin/../lib/gcc/arm-atollic-eabi/6.3.1/../../../../arm-atollic-eabi/lib/armv7e-m/fpu/fpv5-d16\libc_nano.a(lib_a-impure.o)
                0x20000018                _impure_ptr
 .data.impure_data
                0x2000001c       0x60 c:/program files (x86)/atollic/truestudio for stm32 9.1.0/armtools/bin/../lib/gcc/arm-atollic-eabi/6.3.1/../../../../arm-atollic-eabi/lib/armv7e-m/fpu/fpv5-d16\libc_nano.a(lib_a-impure.o)
                0x2000007c                . = ALIGN (0x4)
                0x2000007c                _edata = .

.igot.plt       0x2000007c        0x0 load address 0x08007c6c
 .igot.plt      0x2000007c        0x0 c:/program files (x86)/atollic/truestudio for stm32 9.1.0/armtools/bin/../lib/gcc/arm-atollic-eabi/6.3.1/armv7e-m/fpu/fpv5-d16/crtbegin.o

.RxDecripSection
                0x2000007c       0x60 load address 0x08007c6c
 .RxDecripSection
                0x2000007c       0x60 Src\eth.o
                0x2000007c                DMARxDscrTab

.TxDecripSection
                0x200000dc       0x60 load address 0x08007ccc
 .TxDecripSection
                0x200000dc       0x60 Src\eth.o
                0x200000dc                DMATxDscrTab
                0x2000013c                . = ALIGN (0x4)

.bss            0x2000013c      0x650 load address 0x08007d2c
                0x2000013c                _sbss = .
                0x2000013c                __bss_start__ = _sbss
 *(.bss)
 .bss           0x2000013c       0x1c c:/program files (x86)/atollic/truestudio for stm32 9.1.0/armtools/bin/../lib/gcc/arm-atollic-eabi/6.3.1/armv7e-m/fpu/fpv5-d16/crtbegin.o
 *(.bss*)
 .bss.uwTick    0x20000158        0x4 Drivers\STM32H7xx_HAL_Driver\Src\stm32h7xx_hal.o
 .bss.timeBefore.6257
                0x2000015c        0x4 Src\N5110_LCD\N5110_lcd.o
 .bss.__malloc_free_list
                0x20000160        0x4 c:/program files (x86)/atollic/truestudio for stm32 9.1.0/armtools/bin/../lib/gcc/arm-atollic-eabi/6.3.1/../../../../arm-atollic-eabi/lib/armv7e-m/fpu/fpv5-d16\libc_nano.a(lib_a-nano-mallocr.o)
                0x20000160                __malloc_free_list
 .bss.__malloc_sbrk_start
                0x20000164        0x4 c:/program files (x86)/atollic/truestudio for stm32 9.1.0/armtools/bin/../lib/gcc/arm-atollic-eabi/6.3.1/../../../../arm-atollic-eabi/lib/armv7e-m/fpu/fpv5-d16\libc_nano.a(lib_a-nano-mallocr.o)
                0x20000164                __malloc_sbrk_start
 .bss.heap_end.5239
                0x20000168        0x4 c:/program files (x86)/atollic/truestudio for stm32 9.1.0/armtools/bin/../lib/gcc/arm-atollic-eabi/6.3.1/../../../../arm-atollic-eabi/lib/armv7e-m/fpu/fpv5-d16\libnosys.a(sbrk.o)
 *(COMMON)
 COMMON         0x2000016c       0x9c Src\eth.o
                0x2000016c                heth
                0x200001d4                TxConfig
 COMMON         0x20000208      0x100 Src\spi.o
                0x20000208                hspi1
                0x20000290                hdma_spi1_tx
 COMMON         0x20000308       0x80 Src\usart.o
                0x20000308                huart3
 COMMON         0x20000388      0x400 Src\usb_otg.o
                0x20000388                hpcd_USB_OTG_FS
 COMMON         0x20000788        0x4 c:/program files (x86)/atollic/truestudio for stm32 9.1.0/armtools/bin/../lib/gcc/arm-atollic-eabi/6.3.1/../../../../arm-atollic-eabi/lib/armv7e-m/fpu/fpv5-d16\libc_nano.a(lib_a-reent.o)
                0x20000788                errno
                0x2000078c                . = ALIGN (0x4)
                0x2000078c                _ebss = .
                0x2000078c                __bss_end__ = _ebss

._user_heap_stack
                0x2000078c      0x600 load address 0x08007d2c
                0x2000078c                . = ALIGN (0x4)
                0x2000078c                PROVIDE (end, .)
                [!provide]                PROVIDE (_end, .)
                0x2000098c                . = (. + _Min_Heap_Size)
 *fill*         0x2000078c      0x200 
                0x20000d8c                . = (. + _Min_Stack_Size)
 *fill*         0x2000098c      0x400 
                0x20000d8c                . = ALIGN (0x4)

/DISCARD/
 libc.a(*)
 libm.a(*)
 libgcc.a(*)

.ARM.attributes
                0x00000000       0x2e
 *(.ARM.attributes)
 .ARM.attributes
                0x00000000       0x20 c:/program files (x86)/atollic/truestudio for stm32 9.1.0/armtools/bin/../lib/gcc/arm-atollic-eabi/6.3.1/armv7e-m/fpu/fpv5-d16/crti.o
 .ARM.attributes
                0x00000020       0x32 c:/program files (x86)/atollic/truestudio for stm32 9.1.0/armtools/bin/../lib/gcc/arm-atollic-eabi/6.3.1/armv7e-m/fpu/fpv5-d16/crtbegin.o
 .ARM.attributes
                0x00000052       0x37 Drivers\STM32H7xx_HAL_Driver\Src\stm32h7xx_hal.o
 .ARM.attributes
                0x00000089       0x37 Drivers\STM32H7xx_HAL_Driver\Src\stm32h7xx_hal_cortex.o
 .ARM.attributes
                0x000000c0       0x37 Drivers\STM32H7xx_HAL_Driver\Src\stm32h7xx_hal_dma.o
 .ARM.attributes
                0x000000f7       0x37 Drivers\STM32H7xx_HAL_Driver\Src\stm32h7xx_hal_eth.o
 .ARM.attributes
                0x0000012e       0x37 Drivers\STM32H7xx_HAL_Driver\Src\stm32h7xx_hal_gpio.o
 .ARM.attributes
                0x00000165       0x37 Drivers\STM32H7xx_HAL_Driver\Src\stm32h7xx_hal_pcd.o
 .ARM.attributes
                0x0000019c       0x37 Drivers\STM32H7xx_HAL_Driver\Src\stm32h7xx_hal_pcd_ex.o
 .ARM.attributes
                0x000001d3       0x37 Drivers\STM32H7xx_HAL_Driver\Src\stm32h7xx_hal_rcc.o
 .ARM.attributes
                0x0000020a       0x37 Drivers\STM32H7xx_HAL_Driver\Src\stm32h7xx_hal_rcc_ex.o
 .ARM.attributes
                0x00000241       0x37 Drivers\STM32H7xx_HAL_Driver\Src\stm32h7xx_hal_spi.o
 .ARM.attributes
                0x00000278       0x37 Drivers\STM32H7xx_HAL_Driver\Src\stm32h7xx_hal_uart.o
 .ARM.attributes
                0x000002af       0x37 Drivers\STM32H7xx_HAL_Driver\Src\stm32h7xx_ll_usb.o
 .ARM.attributes
                0x000002e6       0x37 Src\N5110_LCD\N5110_lcd.o
 .ARM.attributes
                0x0000031d       0x37 Src\N5110_LCD\fonts\fontMenlo32.o
 .ARM.attributes
                0x00000354       0x37 Src\dma.o
 .ARM.attributes
                0x0000038b       0x37 Src\eth.o
 .ARM.attributes
                0x000003c2       0x37 Src\gpio.o
 .ARM.attributes
                0x000003f9       0x37 Src\main.o
 .ARM.attributes
                0x00000430       0x37 Src\spi.o
 .ARM.attributes
                0x00000467       0x37 Src\stm32h7xx_hal_msp.o
 .ARM.attributes
                0x0000049e       0x37 Src\stm32h7xx_it.o
 .ARM.attributes
                0x000004d5       0x37 Src\system_stm32h7xx.o
 .ARM.attributes
                0x0000050c       0x37 Src\usart.o
 .ARM.attributes
                0x00000543       0x37 Src\usb_otg.o
 .ARM.attributes
                0x0000057a       0x21 startup\startup_stm32h743xx.o
 .ARM.attributes
                0x0000059b       0x32 c:/program files (x86)/atollic/truestudio for stm32 9.1.0/armtools/bin/../lib/gcc/arm-atollic-eabi/6.3.1/../../../../arm-atollic-eabi/lib/armv7e-m/fpu/fpv5-d16\libc_nano.a(lib_a-init.o)
 .ARM.attributes
                0x000005cd       0x32 c:/program files (x86)/atollic/truestudio for stm32 9.1.0/armtools/bin/../lib/gcc/arm-atollic-eabi/6.3.1/../../../../arm-atollic-eabi/lib/armv7e-m/fpu/fpv5-d16\libc_nano.a(lib_a-malloc.o)
 .ARM.attributes
                0x000005ff       0x32 c:/program files (x86)/atollic/truestudio for stm32 9.1.0/armtools/bin/../lib/gcc/arm-atollic-eabi/6.3.1/../../../../arm-atollic-eabi/lib/armv7e-m/fpu/fpv5-d16\libc_nano.a(lib_a-memset.o)
 .ARM.attributes
                0x00000631       0x32 c:/program files (x86)/atollic/truestudio for stm32 9.1.0/armtools/bin/../lib/gcc/arm-atollic-eabi/6.3.1/../../../../arm-atollic-eabi/lib/armv7e-m/fpu/fpv5-d16\libc_nano.a(lib_a-nano-mallocr.o)
 .ARM.attributes
                0x00000663       0x32 c:/program files (x86)/atollic/truestudio for stm32 9.1.0/armtools/bin/../lib/gcc/arm-atollic-eabi/6.3.1/../../../../arm-atollic-eabi/lib/armv7e-m/fpu/fpv5-d16\libc_nano.a(lib_a-sbrkr.o)
 .ARM.attributes
                0x00000695       0x32 c:/program files (x86)/atollic/truestudio for stm32 9.1.0/armtools/bin/../lib/gcc/arm-atollic-eabi/6.3.1/../../../../arm-atollic-eabi/lib/armv7e-m/fpu/fpv5-d16\libc_nano.a(lib_a-impure.o)
 .ARM.attributes
                0x000006c7       0x32 c:/program files (x86)/atollic/truestudio for stm32 9.1.0/armtools/bin/../lib/gcc/arm-atollic-eabi/6.3.1/../../../../arm-atollic-eabi/lib/armv7e-m/fpu/fpv5-d16\libc_nano.a(lib_a-mlock.o)
 .ARM.attributes
                0x000006f9       0x32 c:/program files (x86)/atollic/truestudio for stm32 9.1.0/armtools/bin/../lib/gcc/arm-atollic-eabi/6.3.1/../../../../arm-atollic-eabi/lib/armv7e-m/fpu/fpv5-d16\libc_nano.a(lib_a-reent.o)
 .ARM.attributes
                0x0000072b       0x20 c:/program files (x86)/atollic/truestudio for stm32 9.1.0/armtools/bin/../lib/gcc/arm-atollic-eabi/6.3.1/armv7e-m/fpu/fpv5-d16\libgcc.a(_aeabi_uldivmod.o)
 .ARM.attributes
                0x0000074b       0x32 c:/program files (x86)/atollic/truestudio for stm32 9.1.0/armtools/bin/../lib/gcc/arm-atollic-eabi/6.3.1/armv7e-m/fpu/fpv5-d16\libgcc.a(_udivmoddi4.o)
 .ARM.attributes
                0x0000077d       0x20 c:/program files (x86)/atollic/truestudio for stm32 9.1.0/armtools/bin/../lib/gcc/arm-atollic-eabi/6.3.1/armv7e-m/fpu/fpv5-d16\libgcc.a(_dvmd_tls.o)
 .ARM.attributes
                0x0000079d       0x32 c:/program files (x86)/atollic/truestudio for stm32 9.1.0/armtools/bin/../lib/gcc/arm-atollic-eabi/6.3.1/../../../../arm-atollic-eabi/lib/armv7e-m/fpu/fpv5-d16\libnosys.a(sbrk.o)
 .ARM.attributes
                0x000007cf       0x20 c:/program files (x86)/atollic/truestudio for stm32 9.1.0/armtools/bin/../lib/gcc/arm-atollic-eabi/6.3.1/armv7e-m/fpu/fpv5-d16/crtn.o
OUTPUT(STM32F743_NUCLEO_Nokia5510_LCD.elf elf32-littlearm)

.debug_info     0x00000000    0x26926
 .debug_info    0x00000000     0x1d39 Drivers\STM32H7xx_HAL_Driver\Src\stm32h7xx_hal.o
 .debug_info    0x00001d39     0x1abd Drivers\STM32H7xx_HAL_Driver\Src\stm32h7xx_hal_cortex.o
 .debug_info    0x000037f6     0x1577 Drivers\STM32H7xx_HAL_Driver\Src\stm32h7xx_hal_dma.o
 .debug_info    0x00004d6d     0x3097 Drivers\STM32H7xx_HAL_Driver\Src\stm32h7xx_hal_eth.o
 .debug_info    0x00007e04     0x1499 Drivers\STM32H7xx_HAL_Driver\Src\stm32h7xx_hal_gpio.o
 .debug_info    0x0000929d     0x1e43 Drivers\STM32H7xx_HAL_Driver\Src\stm32h7xx_hal_pcd.o
 .debug_info    0x0000b0e0     0x12f4 Drivers\STM32H7xx_HAL_Driver\Src\stm32h7xx_hal_pcd_ex.o
 .debug_info    0x0000c3d4     0x1b03 Drivers\STM32H7xx_HAL_Driver\Src\stm32h7xx_hal_rcc.o
 .debug_info    0x0000ded7     0x217c Drivers\STM32H7xx_HAL_Driver\Src\stm32h7xx_hal_rcc_ex.o
 .debug_info    0x00010053     0x2154 Drivers\STM32H7xx_HAL_Driver\Src\stm32h7xx_hal_spi.o
 .debug_info    0x000121a7     0x2746 Drivers\STM32H7xx_HAL_Driver\Src\stm32h7xx_hal_uart.o
 .debug_info    0x000148ed     0x1f5b Drivers\STM32H7xx_HAL_Driver\Src\stm32h7xx_ll_usb.o
 .debug_info    0x00016848     0x11ec Src\N5110_LCD\N5110_lcd.o
 .debug_info    0x00017a34      0x155 Src\N5110_LCD\fonts\fontMenlo32.o
 .debug_info    0x00017b89     0x10f5 Src\dma.o
 .debug_info    0x00018c7e     0x1ec5 Src\eth.o
 .debug_info    0x0001ab43     0x104e Src\gpio.o
 .debug_info    0x0001bb91     0x3469 Src\main.o
 .debug_info    0x0001effa     0x1a99 Src\spi.o
 .debug_info    0x00020a93     0x11aa Src\stm32h7xx_hal_msp.o
 .debug_info    0x00021c3d     0x10f9 Src\stm32h7xx_it.o
 .debug_info    0x00022d36     0x118b Src\system_stm32h7xx.o
 .debug_info    0x00023ec1     0x1596 Src\usart.o
 .debug_info    0x00025457     0x1419 Src\usb_otg.o
 .debug_info    0x00026870       0xb6 startup\startup_stm32h743xx.o

.debug_abbrev   0x00000000     0x3f90
 .debug_abbrev  0x00000000      0x34d Drivers\STM32H7xx_HAL_Driver\Src\stm32h7xx_hal.o
 .debug_abbrev  0x0000034d      0x3cf Drivers\STM32H7xx_HAL_Driver\Src\stm32h7xx_hal_cortex.o
 .debug_abbrev  0x0000071c      0x2de Drivers\STM32H7xx_HAL_Driver\Src\stm32h7xx_hal_dma.o
 .debug_abbrev  0x000009fa      0x30f Drivers\STM32H7xx_HAL_Driver\Src\stm32h7xx_hal_eth.o
 .debug_abbrev  0x00000d09      0x2b3 Drivers\STM32H7xx_HAL_Driver\Src\stm32h7xx_hal_gpio.o
 .debug_abbrev  0x00000fbc      0x32a Drivers\STM32H7xx_HAL_Driver\Src\stm32h7xx_hal_pcd.o
 .debug_abbrev  0x000012e6      0x2f0 Drivers\STM32H7xx_HAL_Driver\Src\stm32h7xx_hal_pcd_ex.o
 .debug_abbrev  0x000015d6      0x32c Drivers\STM32H7xx_HAL_Driver\Src\stm32h7xx_hal_rcc.o
 .debug_abbrev  0x00001902      0x35b Drivers\STM32H7xx_HAL_Driver\Src\stm32h7xx_hal_rcc_ex.o
 .debug_abbrev  0x00001c5d      0x2d5 Drivers\STM32H7xx_HAL_Driver\Src\stm32h7xx_hal_spi.o
 .debug_abbrev  0x00001f32      0x30f Drivers\STM32H7xx_HAL_Driver\Src\stm32h7xx_hal_uart.o
 .debug_abbrev  0x00002241      0x2e7 Drivers\STM32H7xx_HAL_Driver\Src\stm32h7xx_ll_usb.o
 .debug_abbrev  0x00002528      0x2ec Src\N5110_LCD\N5110_lcd.o
 .debug_abbrev  0x00002814       0xa2 Src\N5110_LCD\fonts\fontMenlo32.o
 .debug_abbrev  0x000028b6      0x215 Src\dma.o
 .debug_abbrev  0x00002acb      0x291 Src\eth.o
 .debug_abbrev  0x00002d5c      0x219 Src\gpio.o
 .debug_abbrev  0x00002f75      0x2e4 Src\main.o
 .debug_abbrev  0x00003259      0x26b Src\spi.o
 .debug_abbrev  0x000034c4      0x215 Src\stm32h7xx_hal_msp.o
 .debug_abbrev  0x000036d9      0x1e2 Src\stm32h7xx_it.o
 .debug_abbrev  0x000038bb      0x23b Src\system_stm32h7xx.o
 .debug_abbrev  0x00003af6      0x246 Src\usart.o
 .debug_abbrev  0x00003d3c      0x242 Src\usb_otg.o
 .debug_abbrev  0x00003f7e       0x12 startup\startup_stm32h743xx.o

.debug_loc      0x00000000     0xb47c
 .debug_loc     0x00000000      0x426 Drivers\STM32H7xx_HAL_Driver\Src\stm32h7xx_hal.o
 .debug_loc     0x00000426      0x5f4 Drivers\STM32H7xx_HAL_Driver\Src\stm32h7xx_hal_cortex.o
 .debug_loc     0x00000a1a      0xf28 Drivers\STM32H7xx_HAL_Driver\Src\stm32h7xx_hal_dma.o
 .debug_loc     0x00001942     0x1982 Drivers\STM32H7xx_HAL_Driver\Src\stm32h7xx_hal_eth.o
 .debug_loc     0x000032c4      0x3de Drivers\STM32H7xx_HAL_Driver\Src\stm32h7xx_hal_gpio.o
 .debug_loc     0x000036a2      0xdac Drivers\STM32H7xx_HAL_Driver\Src\stm32h7xx_hal_pcd.o
 .debug_loc     0x0000444e      0x18d Drivers\STM32H7xx_HAL_Driver\Src\stm32h7xx_hal_pcd_ex.o
 .debug_loc     0x000045db      0x739 Drivers\STM32H7xx_HAL_Driver\Src\stm32h7xx_hal_rcc.o
 .debug_loc     0x00004d14     0x16c3 Drivers\STM32H7xx_HAL_Driver\Src\stm32h7xx_hal_rcc_ex.o
 .debug_loc     0x000063d7     0x1579 Drivers\STM32H7xx_HAL_Driver\Src\stm32h7xx_hal_spi.o
 .debug_loc     0x00007950     0x196e Drivers\STM32H7xx_HAL_Driver\Src\stm32h7xx_hal_uart.o
 .debug_loc     0x000092be     0x13d8 Drivers\STM32H7xx_HAL_Driver\Src\stm32h7xx_ll_usb.o
 .debug_loc     0x0000a696      0x885 Src\N5110_LCD\N5110_lcd.o
 .debug_loc     0x0000af1b       0x5b Src\eth.o
 .debug_loc     0x0000af76      0x1dc Src\main.o
 .debug_loc     0x0000b152       0x4a Src\spi.o
 .debug_loc     0x0000b19c      0x22a Src\system_stm32h7xx.o
 .debug_loc     0x0000b3c6       0x5b Src\usart.o
 .debug_loc     0x0000b421       0x5b Src\usb_otg.o

.debug_aranges  0x00000000     0x1000
 .debug_aranges
                0x00000000      0x1a0 Drivers\STM32H7xx_HAL_Driver\Src\stm32h7xx_hal.o
 .debug_aranges
                0x000001a0       0xb0 Drivers\STM32H7xx_HAL_Driver\Src\stm32h7xx_hal_cortex.o
 .debug_aranges
                0x00000250       0xa0 Drivers\STM32H7xx_HAL_Driver\Src\stm32h7xx_hal_dma.o
 .debug_aranges
                0x000002f0      0x1b0 Drivers\STM32H7xx_HAL_Driver\Src\stm32h7xx_hal_eth.o
 .debug_aranges
                0x000004a0       0x58 Drivers\STM32H7xx_HAL_Driver\Src\stm32h7xx_hal_gpio.o
 .debug_aranges
                0x000004f8      0x120 Drivers\STM32H7xx_HAL_Driver\Src\stm32h7xx_hal_pcd.o
 .debug_aranges
                0x00000618       0x60 Drivers\STM32H7xx_HAL_Driver\Src\stm32h7xx_hal_pcd_ex.o
 .debug_aranges
                0x00000678       0x80 Drivers\STM32H7xx_HAL_Driver\Src\stm32h7xx_hal_rcc.o
 .debug_aranges
                0x000006f8       0xe0 Drivers\STM32H7xx_HAL_Driver\Src\stm32h7xx_hal_rcc_ex.o
 .debug_aranges
                0x000007d8      0x1d0 Drivers\STM32H7xx_HAL_Driver\Src\stm32h7xx_hal_spi.o
 .debug_aranges
                0x000009a8      0x1e8 Drivers\STM32H7xx_HAL_Driver\Src\stm32h7xx_hal_uart.o
 .debug_aranges
                0x00000b90      0x180 Drivers\STM32H7xx_HAL_Driver\Src\stm32h7xx_ll_usb.o
 .debug_aranges
                0x00000d10       0xa8 Src\N5110_LCD\N5110_lcd.o
 .debug_aranges
                0x00000db8       0x18 Src\N5110_LCD\fonts\fontMenlo32.o
 .debug_aranges
                0x00000dd0       0x20 Src\dma.o
 .debug_aranges
                0x00000df0       0x30 Src\eth.o
 .debug_aranges
                0x00000e20       0x20 Src\gpio.o
 .debug_aranges
                0x00000e40       0x50 Src\main.o
 .debug_aranges
                0x00000e90       0x30 Src\spi.o
 .debug_aranges
                0x00000ec0       0x20 Src\stm32h7xx_hal_msp.o
 .debug_aranges
                0x00000ee0       0x70 Src\stm32h7xx_it.o
 .debug_aranges
                0x00000f50       0x28 Src\system_stm32h7xx.o
 .debug_aranges
                0x00000f78       0x30 Src\usart.o
 .debug_aranges
                0x00000fa8       0x30 Src\usb_otg.o
 .debug_aranges
                0x00000fd8       0x28 startup\startup_stm32h743xx.o

.debug_ranges   0x00000000      0xf38
 .debug_ranges  0x00000000      0x190 Drivers\STM32H7xx_HAL_Driver\Src\stm32h7xx_hal.o
 .debug_ranges  0x00000190      0x100 Drivers\STM32H7xx_HAL_Driver\Src\stm32h7xx_hal_cortex.o
 .debug_ranges  0x00000290       0x90 Drivers\STM32H7xx_HAL_Driver\Src\stm32h7xx_hal_dma.o
 .debug_ranges  0x00000320      0x1a0 Drivers\STM32H7xx_HAL_Driver\Src\stm32h7xx_hal_eth.o
 .debug_ranges  0x000004c0       0x48 Drivers\STM32H7xx_HAL_Driver\Src\stm32h7xx_hal_gpio.o
 .debug_ranges  0x00000508      0x110 Drivers\STM32H7xx_HAL_Driver\Src\stm32h7xx_hal_pcd.o
 .debug_ranges  0x00000618       0x50 Drivers\STM32H7xx_HAL_Driver\Src\stm32h7xx_hal_pcd_ex.o
 .debug_ranges  0x00000668       0x70 Drivers\STM32H7xx_HAL_Driver\Src\stm32h7xx_hal_rcc.o
 .debug_ranges  0x000006d8       0xd0 Drivers\STM32H7xx_HAL_Driver\Src\stm32h7xx_hal_rcc_ex.o
 .debug_ranges  0x000007a8      0x1c0 Drivers\STM32H7xx_HAL_Driver\Src\stm32h7xx_hal_spi.o
 .debug_ranges  0x00000968      0x1d8 Drivers\STM32H7xx_HAL_Driver\Src\stm32h7xx_hal_uart.o
 .debug_ranges  0x00000b40      0x170 Drivers\STM32H7xx_HAL_Driver\Src\stm32h7xx_ll_usb.o
 .debug_ranges  0x00000cb0      0x100 Src\N5110_LCD\N5110_lcd.o
 .debug_ranges  0x00000db0       0x10 Src\dma.o
 .debug_ranges  0x00000dc0       0x20 Src\eth.o
 .debug_ranges  0x00000de0       0x10 Src\gpio.o
 .debug_ranges  0x00000df0       0x40 Src\main.o
 .debug_ranges  0x00000e30       0x20 Src\spi.o
 .debug_ranges  0x00000e50       0x10 Src\stm32h7xx_hal_msp.o
 .debug_ranges  0x00000e60       0x60 Src\stm32h7xx_it.o
 .debug_ranges  0x00000ec0       0x18 Src\system_stm32h7xx.o
 .debug_ranges  0x00000ed8       0x20 Src\usart.o
 .debug_ranges  0x00000ef8       0x20 Src\usb_otg.o
 .debug_ranges  0x00000f18       0x20 startup\startup_stm32h743xx.o

.debug_line     0x00000000     0x8c54
 .debug_line    0x00000000      0x68e Drivers\STM32H7xx_HAL_Driver\Src\stm32h7xx_hal.o
 .debug_line    0x0000068e      0x4ff Drivers\STM32H7xx_HAL_Driver\Src\stm32h7xx_hal_cortex.o
 .debug_line    0x00000b8d      0x833 Drivers\STM32H7xx_HAL_Driver\Src\stm32h7xx_hal_dma.o
 .debug_line    0x000013c0      0xbbc Drivers\STM32H7xx_HAL_Driver\Src\stm32h7xx_hal_eth.o
 .debug_line    0x00001f7c      0x453 Drivers\STM32H7xx_HAL_Driver\Src\stm32h7xx_hal_gpio.o
 .debug_line    0x000023cf      0x807 Drivers\STM32H7xx_HAL_Driver\Src\stm32h7xx_hal_pcd.o
 .debug_line    0x00002bd6      0x3ec Drivers\STM32H7xx_HAL_Driver\Src\stm32h7xx_hal_pcd_ex.o
 .debug_line    0x00002fc2      0x6ed Drivers\STM32H7xx_HAL_Driver\Src\stm32h7xx_hal_rcc.o
 .debug_line    0x000036af      0xa08 Drivers\STM32H7xx_HAL_Driver\Src\stm32h7xx_hal_rcc_ex.o
 .debug_line    0x000040b7      0xd29 Drivers\STM32H7xx_HAL_Driver\Src\stm32h7xx_hal_spi.o
 .debug_line    0x00004de0      0xf72 Drivers\STM32H7xx_HAL_Driver\Src\stm32h7xx_hal_uart.o
 .debug_line    0x00005d52      0x8e8 Drivers\STM32H7xx_HAL_Driver\Src\stm32h7xx_ll_usb.o
 .debug_line    0x0000663a      0x40f Src\N5110_LCD\N5110_lcd.o
 .debug_line    0x00006a49      0x135 Src\N5110_LCD\fonts\fontMenlo32.o
 .debug_line    0x00006b7e      0x28d Src\dma.o
 .debug_line    0x00006e0b      0x334 Src\eth.o
 .debug_line    0x0000713f      0x2b5 Src\gpio.o
 .debug_line    0x000073f4      0x522 Src\main.o
 .debug_line    0x00007916      0x362 Src\spi.o
 .debug_line    0x00007c78      0x2a1 Src\stm32h7xx_hal_msp.o
 .debug_line    0x00007f19      0x38f Src\stm32h7xx_it.o
 .debug_line    0x000082a8      0x2ec Src\system_stm32h7xx.o
 .debug_line    0x00008594      0x30a Src\usart.o
 .debug_line    0x0000889e      0x337 Src\usb_otg.o
 .debug_line    0x00008bd5       0x7f startup\startup_stm32h743xx.o

.debug_str      0x00000000     0x6e79
 .debug_str     0x00000000     0x1882 Drivers\STM32H7xx_HAL_Driver\Src\stm32h7xx_hal.o
                               0x197d (size before relaxing)
 .debug_str     0x00001882      0x549 Drivers\STM32H7xx_HAL_Driver\Src\stm32h7xx_hal_cortex.o
                               0x1508 (size before relaxing)
 .debug_str     0x00001dcb      0x6a5 Drivers\STM32H7xx_HAL_Driver\Src\stm32h7xx_hal_dma.o
                                0xdfb (size before relaxing)
 .debug_str     0x00002470     0x13ea Drivers\STM32H7xx_HAL_Driver\Src\stm32h7xx_hal_eth.o
                               0x1e83 (size before relaxing)
 .debug_str     0x0000385a      0x188 Drivers\STM32H7xx_HAL_Driver\Src\stm32h7xx_hal_gpio.o
                                0xbb3 (size before relaxing)
 .debug_str     0x000039e2      0xaa6 Drivers\STM32H7xx_HAL_Driver\Src\stm32h7xx_hal_pcd.o
                               0x11dc (size before relaxing)
 .debug_str     0x00004488      0x199 Drivers\STM32H7xx_HAL_Driver\Src\stm32h7xx_hal_pcd_ex.o
                                0xd78 (size before relaxing)
 .debug_str     0x00004621      0x49d Drivers\STM32H7xx_HAL_Driver\Src\stm32h7xx_hal_rcc.o
                                0xe59 (size before relaxing)
 .debug_str     0x00004abe      0x89a Drivers\STM32H7xx_HAL_Driver\Src\stm32h7xx_hal_rcc_ex.o
                               0x1291 (size before relaxing)
 .debug_str     0x00005358      0x7df Drivers\STM32H7xx_HAL_Driver\Src\stm32h7xx_hal_spi.o
                               0x1272 (size before relaxing)
 .debug_str     0x00005b37      0x93b Drivers\STM32H7xx_HAL_Driver\Src\stm32h7xx_hal_uart.o
                               0x1796 (size before relaxing)
 .debug_str     0x00006472      0x3c9 Drivers\STM32H7xx_HAL_Driver\Src\stm32h7xx_ll_usb.o
                               0x10ba (size before relaxing)
 .debug_str     0x0000683b      0x33c Src\N5110_LCD\N5110_lcd.o
                                0x997 (size before relaxing)
 .debug_str     0x00006b77       0x37 Src\N5110_LCD\fonts\fontMenlo32.o
                                0x26d (size before relaxing)
 .debug_str     0x00006bae       0x19 Src\dma.o
                               0x1103 (size before relaxing)
 .debug_str     0x00006bc7       0x54 Src\eth.o
                               0x1307 (size before relaxing)
 .debug_str     0x00006c1b       0x1b Src\gpio.o
                                0x979 (size before relaxing)
 .debug_str     0x00006c36       0xc6 Src\main.o
                               0x2b40 (size before relaxing)
 .debug_str     0x00006cfc       0x24 Src\spi.o
                               0x182c (size before relaxing)
 .debug_str     0x00006d20       0x1b Src\stm32h7xx_hal_msp.o
                               0x111b (size before relaxing)
 .debug_str     0x00006d3b       0xce Src\stm32h7xx_it.o
                                0xd96 (size before relaxing)
 .debug_str     0x00006e09       0x3b Src\system_stm32h7xx.o
                                0xa3a (size before relaxing)
 .debug_str     0x00006e44       0x1a Src\usart.o
                                0xf83 (size before relaxing)
 .debug_str     0x00006e5e       0x1b Src\usb_otg.o
                                0xda9 (size before relaxing)

.comment        0x00000000       0x7c
 .comment       0x00000000       0x7c Drivers\STM32H7xx_HAL_Driver\Src\stm32h7xx_hal.o
                                 0x7d (size before relaxing)
 .comment       0x0000007c       0x7d Drivers\STM32H7xx_HAL_Driver\Src\stm32h7xx_hal_cortex.o
 .comment       0x0000007c       0x7d Drivers\STM32H7xx_HAL_Driver\Src\stm32h7xx_hal_dma.o
 .comment       0x0000007c       0x7d Drivers\STM32H7xx_HAL_Driver\Src\stm32h7xx_hal_eth.o
 .comment       0x0000007c       0x7d Drivers\STM32H7xx_HAL_Driver\Src\stm32h7xx_hal_gpio.o
 .comment       0x0000007c       0x7d Drivers\STM32H7xx_HAL_Driver\Src\stm32h7xx_hal_pcd.o
 .comment       0x0000007c       0x7d Drivers\STM32H7xx_HAL_Driver\Src\stm32h7xx_hal_pcd_ex.o
 .comment       0x0000007c       0x7d Drivers\STM32H7xx_HAL_Driver\Src\stm32h7xx_hal_rcc.o
 .comment       0x0000007c       0x7d Drivers\STM32H7xx_HAL_Driver\Src\stm32h7xx_hal_rcc_ex.o
 .comment       0x0000007c       0x7d Drivers\STM32H7xx_HAL_Driver\Src\stm32h7xx_hal_spi.o
 .comment       0x0000007c       0x7d Drivers\STM32H7xx_HAL_Driver\Src\stm32h7xx_hal_uart.o
 .comment       0x0000007c       0x7d Drivers\STM32H7xx_HAL_Driver\Src\stm32h7xx_ll_usb.o
 .comment       0x0000007c       0x7d Src\N5110_LCD\N5110_lcd.o
 .comment       0x0000007c       0x7d Src\N5110_LCD\fonts\fontMenlo32.o
 .comment       0x0000007c       0x7d Src\dma.o
 .comment       0x0000007c       0x7d Src\eth.o
 .comment       0x0000007c       0x7d Src\gpio.o
 .comment       0x0000007c       0x7d Src\main.o
 .comment       0x0000007c       0x7d Src\spi.o
 .comment       0x0000007c       0x7d Src\stm32h7xx_hal_msp.o
 .comment       0x0000007c       0x7d Src\stm32h7xx_it.o
 .comment       0x0000007c       0x7d Src\system_stm32h7xx.o
 .comment       0x0000007c       0x7d Src\usart.o
 .comment       0x0000007c       0x7d Src\usb_otg.o

.debug_frame    0x00000000     0x2ad8
 .debug_frame   0x00000000      0x3a4 Drivers\STM32H7xx_HAL_Driver\Src\stm32h7xx_hal.o
 .debug_frame   0x000003a4      0x16c Drivers\STM32H7xx_HAL_Driver\Src\stm32h7xx_hal_cortex.o
 .debug_frame   0x00000510      0x1f0 Drivers\STM32H7xx_HAL_Driver\Src\stm32h7xx_hal_dma.o
 .debug_frame   0x00000700      0x4cc Drivers\STM32H7xx_HAL_Driver\Src\stm32h7xx_hal_eth.o
 .debug_frame   0x00000bcc       0xd0 Drivers\STM32H7xx_HAL_Driver\Src\stm32h7xx_hal_gpio.o
 .debug_frame   0x00000c9c      0x2f0 Drivers\STM32H7xx_HAL_Driver\Src\stm32h7xx_hal_pcd.o
 .debug_frame   0x00000f8c       0xb8 Drivers\STM32H7xx_HAL_Driver\Src\stm32h7xx_hal_pcd_ex.o
 .debug_frame   0x00001044      0x14c Drivers\STM32H7xx_HAL_Driver\Src\stm32h7xx_hal_rcc.o
 .debug_frame   0x00001190      0x25c Drivers\STM32H7xx_HAL_Driver\Src\stm32h7xx_hal_rcc_ex.o
 .debug_frame   0x000013ec      0x4f0 Drivers\STM32H7xx_HAL_Driver\Src\stm32h7xx_hal_spi.o
 .debug_frame   0x000018dc      0x568 Drivers\STM32H7xx_HAL_Driver\Src\stm32h7xx_hal_uart.o
 .debug_frame   0x00001e44      0x490 Drivers\STM32H7xx_HAL_Driver\Src\stm32h7xx_ll_usb.o
 .debug_frame   0x000022d4      0x214 Src\N5110_LCD\N5110_lcd.o
 .debug_frame   0x000024e8       0x2c Src\dma.o
 .debug_frame   0x00002514       0x6c Src\eth.o
 .debug_frame   0x00002580       0x3c Src\gpio.o
 .debug_frame   0x000025bc       0xc4 Src\main.o
 .debug_frame   0x00002680       0x68 Src\spi.o
 .debug_frame   0x000026e8       0x2c Src\stm32h7xx_hal_msp.o
 .debug_frame   0x00002714       0xd8 Src\stm32h7xx_it.o
 .debug_frame   0x000027ec       0x50 Src\system_stm32h7xx.o
 .debug_frame   0x0000283c       0x5c Src\usart.o
 .debug_frame   0x00002898       0x60 Src\usb_otg.o
 .debug_frame   0x000028f8       0x2c c:/program files (x86)/atollic/truestudio for stm32 9.1.0/armtools/bin/../lib/gcc/arm-atollic-eabi/6.3.1/../../../../arm-atollic-eabi/lib/armv7e-m/fpu/fpv5-d16\libc_nano.a(lib_a-init.o)
 .debug_frame   0x00002924       0x30 c:/program files (x86)/atollic/truestudio for stm32 9.1.0/armtools/bin/../lib/gcc/arm-atollic-eabi/6.3.1/../../../../arm-atollic-eabi/lib/armv7e-m/fpu/fpv5-d16\libc_nano.a(lib_a-malloc.o)
 .debug_frame   0x00002954       0x20 c:/program files (x86)/atollic/truestudio for stm32 9.1.0/armtools/bin/../lib/gcc/arm-atollic-eabi/6.3.1/../../../../arm-atollic-eabi/lib/armv7e-m/fpu/fpv5-d16\libc_nano.a(lib_a-memset.o)
 .debug_frame   0x00002974       0x2c c:/program files (x86)/atollic/truestudio for stm32 9.1.0/armtools/bin/../lib/gcc/arm-atollic-eabi/6.3.1/../../../../arm-atollic-eabi/lib/armv7e-m/fpu/fpv5-d16\libc_nano.a(lib_a-nano-mallocr.o)
 .debug_frame   0x000029a0       0x2c c:/program files (x86)/atollic/truestudio for stm32 9.1.0/armtools/bin/../lib/gcc/arm-atollic-eabi/6.3.1/../../../../arm-atollic-eabi/lib/armv7e-m/fpu/fpv5-d16\libc_nano.a(lib_a-sbrkr.o)
 .debug_frame   0x000029cc       0x30 c:/program files (x86)/atollic/truestudio for stm32 9.1.0/armtools/bin/../lib/gcc/arm-atollic-eabi/6.3.1/../../../../arm-atollic-eabi/lib/armv7e-m/fpu/fpv5-d16\libc_nano.a(lib_a-mlock.o)
 .debug_frame   0x000029fc       0x5c c:/program files (x86)/atollic/truestudio for stm32 9.1.0/armtools/bin/../lib/gcc/arm-atollic-eabi/6.3.1/../../../../arm-atollic-eabi/lib/armv7e-m/fpu/fpv5-d16\libc_nano.a(lib_a-reent.o)
 .debug_frame   0x00002a58       0x2c c:/program files (x86)/atollic/truestudio for stm32 9.1.0/armtools/bin/../lib/gcc/arm-atollic-eabi/6.3.1/armv7e-m/fpu/fpv5-d16\libgcc.a(_aeabi_uldivmod.o)
 .debug_frame   0x00002a84       0x34 c:/program files (x86)/atollic/truestudio for stm32 9.1.0/armtools/bin/../lib/gcc/arm-atollic-eabi/6.3.1/armv7e-m/fpu/fpv5-d16\libgcc.a(_udivmoddi4.o)
 .debug_frame   0x00002ab8       0x20 c:/program files (x86)/atollic/truestudio for stm32 9.1.0/armtools/bin/../lib/gcc/arm-atollic-eabi/6.3.1/../../../../arm-atollic-eabi/lib/armv7e-m/fpu/fpv5-d16\libnosys.a(sbrk.o)
