stm32l0xx_hal_spi.c:3796:13:SPI_AbortRx_ISR	16	static
stm32l0xx_hal_spi.c:3830:13:SPI_AbortTx_ISR	0	static
stm32l0xx_hal_spi.c:3441:26:SPI_WaitFlagStateUntilTimeout	24	static
stm32l0xx_hal_spi.c:3541:26:SPI_EndRxTxTransaction	16	static
stm32l0xx_hal_spi.c:3491:26:SPI_EndRxTransaction	24	static
stm32l0xx_hal_spi.c:464:13:HAL_SPI_MspInit	0	static
stm32l0xx_hal_spi.c:318:19:HAL_SPI_Init	16	static
stm32l0xx_hal_spi.c:480:13:HAL_SPI_MspDeInit	0	static
stm32l0xx_hal_spi.c:420:19:HAL_SPI_DeInit	16	static
stm32l0xx_hal_spi.c:751:19:HAL_SPI_Transmit	40	static
stm32l0xx_hal_spi.c:1119:19:HAL_SPI_TransmitReceive	40	static
stm32l0xx_hal_spi.c:921:19:HAL_SPI_Receive	40	static
stm32l0xx_hal_spi.c:1346:19:HAL_SPI_Transmit_IT	12	static
stm32l0xx_hal_spi.c:1535:19:HAL_SPI_TransmitReceive_IT	20	static
stm32l0xx_hal_spi.c:1436:19:HAL_SPI_Receive_IT	16	static
stm32l0xx_hal_spi.c:1631:19:HAL_SPI_Transmit_DMA	8	static
stm32l0xx_hal_spi.c:1848:19:HAL_SPI_TransmitReceive_DMA	16	static
stm32l0xx_hal_spi.c:1736:19:HAL_SPI_Receive_DMA	16	static
stm32l0xx_hal_spi.c:1992:19:HAL_SPI_Abort	24	static
stm32l0xx_hal_spi.c:2301:19:HAL_SPI_DMAPause	8	static
stm32l0xx_hal_spi.c:2321:19:HAL_SPI_DMAResume	8	static
stm32l0xx_hal_spi.c:2341:19:HAL_SPI_DMAStop	16	static
stm32l0xx_hal_spi.c:2487:13:HAL_SPI_TxCpltCallback	0	static
stm32l0xx_hal_spi.c:2503:13:HAL_SPI_RxCpltCallback	0	static
stm32l0xx_hal_spi.c:2519:13:HAL_SPI_TxRxCpltCallback	0	static
stm32l0xx_hal_spi.c:2535:13:HAL_SPI_TxHalfCpltCallback	0	static
stm32l0xx_hal_spi.c:2880:13:SPI_DMAHalfTransmitCplt	8	static
stm32l0xx_hal_spi.c:2551:13:HAL_SPI_RxHalfCpltCallback	0	static
stm32l0xx_hal_spi.c:2898:13:SPI_DMAHalfReceiveCplt	8	static
stm32l0xx_hal_spi.c:2567:13:HAL_SPI_TxRxHalfCpltCallback	0	static
stm32l0xx_hal_spi.c:2916:13:SPI_DMAHalfTransmitReceiveCplt	8	static
stm32l0xx_hal_spi.c:2583:13:HAL_SPI_ErrorCallback	0	static
stm32l0xx_hal_spi.c:3734:13:SPI_CloseTx_ISR	16	static
stm32l0xx_hal_spi.c:3386:13:SPI_TxISR_8BIT	8	static
stm32l0xx_hal_spi.c:3411:13:SPI_TxISR_16BIT	8	static
stm32l0xx_hal_spi.c:3671:13:SPI_CloseRx_ISR	16	static
stm32l0xx_hal_spi.c:3301:13:SPI_RxISR_8BIT	8	static
stm32l0xx_hal_spi.c:3353:13:SPI_RxISR_16BIT	8	static
stm32l0xx_hal_spi.c:3575:13:SPI_CloseRxTx_ISR	16	static
stm32l0xx_hal_spi.c:3160:13:SPI_2linesTxISR_8BIT	8	static
stm32l0xx_hal_spi.c:3104:13:SPI_2linesRxISR_8BIT	8	static
stm32l0xx_hal_spi.c:3248:13:SPI_2linesTxISR_16BIT	8	static
stm32l0xx_hal_spi.c:3196:13:SPI_2linesRxISR_16BIT	8	static
stm32l0xx_hal_spi.c:2934:13:SPI_DMAError	8	static
stm32l0xx_hal_spi.c:2673:13:SPI_DMATransmitCplt	24	static
stm32l0xx_hal_spi.c:2730:13:SPI_DMAReceiveCplt	16	static
stm32l0xx_hal_spi.c:2805:13:SPI_DMATransmitReceiveCplt	16	static
stm32l0xx_hal_spi.c:2381:6:HAL_SPI_IRQHandler	32	static
stm32l0xx_hal_spi.c:2957:13:SPI_DMAAbortOnError	8	static
stm32l0xx_hal_spi.c:2601:13:HAL_SPI_AbortCpltCallback	0	static
stm32l0xx_hal_spi.c:2139:19:HAL_SPI_Abort_IT	32	static
stm32l0xx_hal_spi.c:3045:13:SPI_DMARxAbortCallback	16	static
stm32l0xx_hal_spi.c:2979:13:SPI_DMATxAbortCallback	24	static
stm32l0xx_hal_spi.c:2636:22:HAL_SPI_GetState	0	static
stm32l0xx_hal_spi.c:2648:10:HAL_SPI_GetError	0	static
