Archive member included to satisfy reference by file (symbol)

c:/program files (x86)/atollic/truestudio for stm32 9.0.0/armtools/bin/../lib/gcc/arm-atollic-eabi/6.3.1/../../../../arm-atollic-eabi/lib/armv6-m\libc.a(lib_a-calloc.o)
                              Src\gps.o (calloc)
c:/program files (x86)/atollic/truestudio for stm32 9.0.0/armtools/bin/../lib/gcc/arm-atollic-eabi/6.3.1/../../../../arm-atollic-eabi/lib/armv6-m\libc.a(lib_a-callocr.o)
                              c:/program files (x86)/atollic/truestudio for stm32 9.0.0/armtools/bin/../lib/gcc/arm-atollic-eabi/6.3.1/../../../../arm-atollic-eabi/lib/armv6-m\libc.a(lib_a-calloc.o) (_calloc_r)
c:/program files (x86)/atollic/truestudio for stm32 9.0.0/armtools/bin/../lib/gcc/arm-atollic-eabi/6.3.1/../../../../arm-atollic-eabi/lib/armv6-m\libc.a(lib_a-impure.o)
                              c:/program files (x86)/atollic/truestudio for stm32 9.0.0/armtools/bin/../lib/gcc/arm-atollic-eabi/6.3.1/../../../../arm-atollic-eabi/lib/armv6-m\libc.a(lib_a-calloc.o) (_impure_ptr)
c:/program files (x86)/atollic/truestudio for stm32 9.0.0/armtools/bin/../lib/gcc/arm-atollic-eabi/6.3.1/../../../../arm-atollic-eabi/lib/armv6-m\libc.a(lib_a-init.o)
                              startup\startup_stm32l072xx.o (__libc_init_array)
c:/program files (x86)/atollic/truestudio for stm32 9.0.0/armtools/bin/../lib/gcc/arm-atollic-eabi/6.3.1/../../../../arm-atollic-eabi/lib/armv6-m\libc.a(lib_a-malloc.o)
                              Src\N5110_LCD\N5110_lcd.o (malloc)
c:/program files (x86)/atollic/truestudio for stm32 9.0.0/armtools/bin/../lib/gcc/arm-atollic-eabi/6.3.1/../../../../arm-atollic-eabi/lib/armv6-m\libc.a(lib_a-mallocr.o)
                              c:/program files (x86)/atollic/truestudio for stm32 9.0.0/armtools/bin/../lib/gcc/arm-atollic-eabi/6.3.1/../../../../arm-atollic-eabi/lib/armv6-m\libc.a(lib_a-callocr.o) (_malloc_r)
c:/program files (x86)/atollic/truestudio for stm32 9.0.0/armtools/bin/../lib/gcc/arm-atollic-eabi/6.3.1/../../../../arm-atollic-eabi/lib/armv6-m\libc.a(lib_a-memcpy-stub.o)
                              Src\gps.o (memcpy)
c:/program files (x86)/atollic/truestudio for stm32 9.0.0/armtools/bin/../lib/gcc/arm-atollic-eabi/6.3.1/../../../../arm-atollic-eabi/lib/armv6-m\libc.a(lib_a-memset.o)
                              Drivers\STM32L0xx_HAL_Driver\Src\stm32l0xx_hal_rcc.o (memset)
c:/program files (x86)/atollic/truestudio for stm32 9.0.0/armtools/bin/../lib/gcc/arm-atollic-eabi/6.3.1/../../../../arm-atollic-eabi/lib/armv6-m\libc.a(lib_a-mlock.o)
                              c:/program files (x86)/atollic/truestudio for stm32 9.0.0/armtools/bin/../lib/gcc/arm-atollic-eabi/6.3.1/../../../../arm-atollic-eabi/lib/armv6-m\libc.a(lib_a-mallocr.o) (__malloc_lock)
c:/program files (x86)/atollic/truestudio for stm32 9.0.0/armtools/bin/../lib/gcc/arm-atollic-eabi/6.3.1/../../../../arm-atollic-eabi/lib/armv6-m\libc.a(lib_a-sbrkr.o)
                              c:/program files (x86)/atollic/truestudio for stm32 9.0.0/armtools/bin/../lib/gcc/arm-atollic-eabi/6.3.1/../../../../arm-atollic-eabi/lib/armv6-m\libc.a(lib_a-mallocr.o) (_sbrk_r)
c:/program files (x86)/atollic/truestudio for stm32 9.0.0/armtools/bin/../lib/gcc/arm-atollic-eabi/6.3.1/../../../../arm-atollic-eabi/lib/armv6-m\libc.a(lib_a-snprintf.o)
                              Src\main.o (snprintf)
c:/program files (x86)/atollic/truestudio for stm32 9.0.0/armtools/bin/../lib/gcc/arm-atollic-eabi/6.3.1/../../../../arm-atollic-eabi/lib/armv6-m\libc.a(lib_a-strchr.o)
                              Src\gps.o (strchr)
c:/program files (x86)/atollic/truestudio for stm32 9.0.0/armtools/bin/../lib/gcc/arm-atollic-eabi/6.3.1/../../../../arm-atollic-eabi/lib/armv6-m\libc.a(lib_a-strlen.o)
                              Src\N5110_LCD\N5110_lcd.o (strlen)
c:/program files (x86)/atollic/truestudio for stm32 9.0.0/armtools/bin/../lib/gcc/arm-atollic-eabi/6.3.1/../../../../arm-atollic-eabi/lib/armv6-m\libc.a(lib_a-strncmp.o)
                              Src\main.o (strncmp)
c:/program files (x86)/atollic/truestudio for stm32 9.0.0/armtools/bin/../lib/gcc/arm-atollic-eabi/6.3.1/../../../../arm-atollic-eabi/lib/armv6-m\libc.a(lib_a-strstr.o)
                              Src\gps.o (strstr)
c:/program files (x86)/atollic/truestudio for stm32 9.0.0/armtools/bin/../lib/gcc/arm-atollic-eabi/6.3.1/../../../../arm-atollic-eabi/lib/armv6-m\libc.a(lib_a-strtod.o)
                              Src\gps.o (strtof)
c:/program files (x86)/atollic/truestudio for stm32 9.0.0/armtools/bin/../lib/gcc/arm-atollic-eabi/6.3.1/../../../../arm-atollic-eabi/lib/armv6-m\libc.a(lib_a-strtok.o)
                              Src\gps.o (strtok)
c:/program files (x86)/atollic/truestudio for stm32 9.0.0/armtools/bin/../lib/gcc/arm-atollic-eabi/6.3.1/../../../../arm-atollic-eabi/lib/armv6-m\libc.a(lib_a-strtok_r.o)
[...]
Memory Configuration

Name             Origin             Length             Attributes
RAM              0x20000000         0x00005000         xrw
FLASH            0x08000000         0x00030000         xr
*default*        0x00000000         0xffffffff

Linker script and memory map

LOAD c:/program files (x86)/atollic/truestudio for stm32 9.0.0/armtools/bin/../lib/gcc/arm-atollic-eabi/6.3.1/armv6-m/crti.o
LOAD c:/program files (x86)/atollic/truestudio for stm32 9.0.0/armtools/bin/../lib/gcc/arm-atollic-eabi/6.3.1/armv6-m/crtbegin.o
LOAD Drivers\STM32L0xx_HAL_Driver\Src\stm32l0xx_hal.o
LOAD Drivers\STM32L0xx_HAL_Driver\Src\stm32l0xx_hal_cortex.o
LOAD Drivers\STM32L0xx_HAL_Driver\Src\stm32l0xx_hal_dma.o
LOAD Drivers\STM32L0xx_HAL_Driver\Src\stm32l0xx_hal_flash.o
LOAD Drivers\STM32L0xx_HAL_Driver\Src\stm32l0xx_hal_flash_ex.o
LOAD Drivers\STM32L0xx_HAL_Driver\Src\stm32l0xx_hal_flash_ramfunc.o
LOAD Drivers\STM32L0xx_HAL_Driver\Src\stm32l0xx_hal_gpio.o
LOAD Drivers\STM32L0xx_HAL_Driver\Src\stm32l0xx_hal_i2c.o
LOAD Drivers\STM32L0xx_HAL_Driver\Src\stm32l0xx_hal_i2c_ex.o
LOAD Drivers\STM32L0xx_HAL_Driver\Src\stm32l0xx_hal_pwr.o
LOAD Drivers\STM32L0xx_HAL_Driver\Src\stm32l0xx_hal_pwr_ex.o
LOAD Drivers\STM32L0xx_HAL_Driver\Src\stm32l0xx_hal_rcc.o
LOAD Drivers\STM32L0xx_HAL_Driver\Src\stm32l0xx_hal_rcc_ex.o
LOAD Drivers\STM32L0xx_HAL_Driver\Src\stm32l0xx_hal_rtc.o
LOAD Drivers\STM32L0xx_HAL_Driver\Src\stm32l0xx_hal_rtc_ex.o
LOAD Drivers\STM32L0xx_HAL_Driver\Src\stm32l0xx_hal_spi.o
LOAD Drivers\STM32L0xx_HAL_Driver\Src\stm32l0xx_hal_tim.o
LOAD Drivers\STM32L0xx_HAL_Driver\Src\stm32l0xx_hal_tim_ex.o
LOAD Drivers\STM32L0xx_HAL_Driver\Src\stm32l0xx_hal_uart.o
LOAD Drivers\STM32L0xx_HAL_Driver\Src\stm32l0xx_hal_uart_ex.o
LOAD Src\Lora\CMWX1ZZABZ-0xx\mlm32l07x01.o
LOAD Src\Lora\Utilities\low_power_manager.o
LOAD Src\Lora\Utilities\queue.o
LOAD Src\Lora\Utilities\systime.o
LOAD Src\Lora\Utilities\timeServer.o
LOAD Src\Lora\Utilities\utilities.o
LOAD Src\Lora\hw_rtc.o
LOAD Src\Lora\sx1276\sx1276.o
LOAD Src\N5110_LCD\N5110_lcd.o
LOAD Src\N5110_LCD\fonts\font20.o
LOAD Src\N5110_LCD\fonts\font24.o
LOAD Src\N5110_LCD\fonts\font8.o
LOAD Src\N5110_LCD\fonts\fontMenlo32.o
LOAD Src\gps.o
LOAD Src\main.o
LOAD Src\stm32l0xx_hal_msp.o
LOAD Src\stm32l0xx_it.o
LOAD Src\system_stm32l0xx.o
LOAD startup\startup_stm32l072xx.o
                0x00000080                malloc_getpagesize_P = 0x80
START GROUP
LOAD c:/program files (x86)/atollic/truestudio for stm32 9.0.0/armtools/bin/../lib/gcc/arm-atollic-eabi/6.3.1/../../../../arm-atollic-eabi/lib/armv6-m\libc.a
LOAD c:/program files (x86)/atollic/truestudio for stm32 9.0.0/armtools/bin/../lib/gcc/arm-atollic-eabi/6.3.1/../../../../arm-atollic-eabi/lib/armv6-m\libm.a
END GROUP
START GROUP
LOAD c:/program files (x86)/atollic/truestudio for stm32 9.0.0/armtools/bin/../lib/gcc/arm-atollic-eabi/6.3.1/armv6-m\libgcc.a
LOAD c:/program files (x86)/atollic/truestudio for stm32 9.0.0/armtools/bin/../lib/gcc/arm-atollic-eabi/6.3.1/../../../../arm-atollic-eabi/lib/armv6-m\libc.a
END GROUP
START GROUP
LOAD c:/program files (x86)/atollic/truestudio for stm32 9.0.0/armtools/bin/../lib/gcc/arm-atollic-eabi/6.3.1/armv6-m\libgcc.a
LOAD c:/program files (x86)/atollic/truestudio for stm32 9.0.0/armtools/bin/../lib/gcc/arm-atollic-eabi/6.3.1/../../../../arm-atollic-eabi/lib/armv6-m\libc.a
LOAD c:/program files (x86)/atollic/truestudio for stm32 9.0.0/armtools/bin/../lib/gcc/arm-atollic-eabi/6.3.1/../../../../arm-atollic-eabi/lib/armv6-m\libnosys.a
END GROUP
LOAD c:/program files (x86)/atollic/truestudio for stm32 9.0.0/armtools/bin/../lib/gcc/arm-atollic-eabi/6.3.1/armv6-m/crtend.o
LOAD c:/program files (x86)/atollic/truestudio for stm32 9.0.0/armtools/bin/../lib/gcc/arm-atollic-eabi/6.3.1/armv6-m/crtn.o
                0x20005000                _estack = 0x20005000
                0x00000200                _Min_Heap_Size = 0x200
                0x00000f00                _Min_Stack_Size = 0xf00

.isr_vector     0x08000000       0xc0
                0x08000000                . = ALIGN (0x4)
 *(.isr_vector)
 .isr_vector    0x08000000       0xc0 startup\startup_stm32l072xx.o
                0x08000000                g_pfnVectors
                0x080000c0                . = ALIGN (0x4)

.text           0x080000c0     0xd4bc
                0x080000c0                . = ALIGN (0x4)
 *(.text)
 .text          0x080000c0       0x48 c:/program files (x86)/atollic/truestudio for stm32 9.0.0/armtools/bin/../lib/gcc/arm-atollic-eabi/6.3.1/armv6-m/crtbegin.o
 .text          0x08000108        0xe c:/program files (x86)/atollic/truestudio for stm32 9.0.0/armtools/bin/../lib/gcc/arm-atollic-eabi/6.3.1/../../../../arm-atollic-eabi/lib/armv6-m\libc.a(lib_a-strlen.o)
                0x08000108                strlen
 *fill*         0x08000116        0x2 
 .text          0x08000118       0x14 c:/program files (x86)/atollic/truestudio for stm32 9.0.0/armtools/bin/../lib/gcc/arm-atollic-eabi/6.3.1/armv6-m\libgcc.a(_thumb1_case_uqi.o)
                0x08000118                __gnu_thumb1_case_uqi
 .text          0x0800012c       0x14 c:/program files (x86)/atollic/truestudio for stm32 9.0.0/armtools/bin/../lib/gcc/arm-atollic-eabi/6.3.1/armv6-m\libgcc.a(_thumb1_case_uhi.o)
                0x0800012c                __gnu_thumb1_case_uhi
 .text          0x08000140      0x114 c:/program files (x86)/atollic/truestudio for stm32 9.0.0/armtools/bin/../lib/gcc/arm-atollic-eabi/6.3.1/armv6-m\libgcc.a(_udivsi3.o)
                0x08000140                __aeabi_uidiv
                0x08000140                __udivsi3
                0x0800024c                __aeabi_uidivmod
 .text          0x08000254      0x1d4 c:/program files (x86)/atollic/truestudio for stm32 9.0.0/armtools/bin/../lib/gcc/arm-atollic-eabi/6.3.1/armv6-m\libgcc.a(_divsi3.o)
                0x08000254                __divsi3
                0x08000254                __aeabi_idiv
                0x08000420                __aeabi_idivmod
 .text          0x08000428        0x4 c:/program files (x86)/atollic/truestudio for stm32 9.0.0/armtools/bin/../lib/gcc/arm-atollic-eabi/6.3.1/armv6-m\libgcc.a(_dvmd_tls.o)
                0x08000428                __aeabi_idiv0
                0x08000428                __aeabi_ldiv0
 .text          0x0800042c       0x7c c:/program files (x86)/atollic/truestudio for stm32 9.0.0/armtools/bin/../lib/gcc/arm-atollic-eabi/6.3.1/armv6-m\libgcc.a(_arm_cmpdf2.o)
                0x0800042c                __aeabi_cdrcmple
                0x0800043c                __aeabi_cdcmple
                0x0800043c                __aeabi_cdcmpeq
                0x0800044c                __aeabi_dcmpeq
                0x08000458                __aeabi_dcmplt
                0x0800046c                __aeabi_dcmple
                0x08000480                __aeabi_dcmpgt
                0x08000494                __aeabi_dcmpge
 .text          0x080004a8       0x40 c:/program files (x86)/atollic/truestudio for stm32 9.0.0/armtools/bin/../lib/gcc/arm-atollic-eabi/6.3.1/armv6-m\libgcc.a(_aeabi_uldivmod.o)
                0x080004a8                __aeabi_uldivmod
 .text          0x080004e8       0x3c c:/program files (x86)/atollic/truestudio for stm32 9.0.0/armtools/bin/../lib/gcc/arm-atollic-eabi/6.3.1/armv6-m\libgcc.a(_fixunsdfsi.o)
                0x080004e8                __aeabi_d2uiz
                0x080004e8                __fixunsdfsi
 .text          0x08000524      0x180 c:/program files (x86)/atollic/truestudio for stm32 9.0.0/armtools/bin/../lib/gcc/arm-atollic-eabi/6.3.1/armv6-m\libgcc.a(_udivmoddi4.o)
                0x08000524                __udivmoddi4
 .text          0x080006a4      0x620 c:/program files (x86)/atollic/truestudio for stm32 9.0.0/armtools/bin/../lib/gcc/arm-atollic-eabi/6.3.1/armv6-m\libgcc.a(adddf3.o)
                0x080006a4                __aeabi_dadd
 .text          0x08000cc4      0x668 c:/program files (x86)/atollic/truestudio for stm32 9.0.0/armtools/bin/../lib/gcc/arm-atollic-eabi/6.3.1/armv6-m\libgcc.a(divdf3.o)
                0x08000cc4                __aeabi_ddiv
 .text          0x0800132c       0x74 c:/program files (x86)/atollic/truestudio for stm32 9.0.0/armtools/bin/../lib/gcc/arm-atollic-eabi/6.3.1/armv6-m\libgcc.a(eqdf2.o)
                0x0800132c                __nedf2
                0x0800132c                __eqdf2
 .text          0x080013a0       0xc8 c:/program files (x86)/atollic/truestudio for stm32 9.0.0/armtools/bin/../lib/gcc/arm-atollic-eabi/6.3.1/armv6-m\libgcc.a(gedf2.o)
                0x080013a0                __gedf2
                0x080013a0                __gtdf2
 .text          0x08001468       0xc4 c:/program files (x86)/atollic/truestudio for stm32 9.0.0/armtools/bin/../lib/gcc/arm-atollic-eabi/6.3.1/armv6-m\libgcc.a(ledf2.o)
                0x08001468                __ledf2
                0x08001468                __ltdf2
 .text          0x0800152c      0x500 c:/program files (x86)/atollic/truestudio for stm32 9.0.0/armtools/bin/../lib/gcc/arm-atollic-eabi/6.3.1/armv6-m\libgcc.a(muldf3.o)
                0x0800152c                __aeabi_dmul
 .text          0x08001a2c      0x62c c:/program files (x86)/atollic/truestudio for stm32 9.0.0/armtools/bin/../lib/gcc/arm-atollic-eabi/6.3.1/armv6-m\libgcc.a(subdf3.o)
                0x08001a2c                __aeabi_dsub
 .text          0x08002058       0x40 c:/program files (x86)/atollic/truestudio for stm32 9.0.0/armtools/bin/../lib/gcc/arm-atollic-eabi/6.3.1/armv6-m\libgcc.a(unorddf2.o)
                0x08002058                __aeabi_dcmpun
 .text          0x08002098       0x68 c:/program files (x86)/atollic/truestudio for stm32 9.0.0/armtools/bin/../lib/gcc/arm-atollic-eabi/6.3.1/armv6-m\libgcc.a(fixdfsi.o)
                0x08002098                __aeabi_d2iz
 .text          0x08002100       0x84 c:/program files (x86)/atollic/truestudio for stm32 9.0.0/armtools/bin/../lib/gcc/arm-atollic-eabi/6.3.1/armv6-m\libgcc.a(floatsidf.o)
                0x08002100                __aeabi_i2d
 .text          0x08002184       0x70 c:/program files (x86)/atollic/truestudio for stm32 9.0.0/armtools/bin/../lib/gcc/arm-atollic-eabi/6.3.1/armv6-m\libgcc.a(floatunsidf.o)
                0x08002184                __aeabi_ui2d
 .text          0x080021f4       0x3c c:/program files (x86)/atollic/truestudio for stm32 9.0.0/armtools/bin/../lib/gcc/arm-atollic-eabi/6.3.1/armv6-m\libgcc.a(_clzsi2.o)
                0x080021f4                __clzsi2
 .text          0x08002230       0x18 c:/program files (x86)/atollic/truestudio for stm32 9.0.0/armtools/bin/../lib/gcc/arm-atollic-eabi/6.3.1/armv6-m\libgcc.a(_clzdi2.o)
                0x08002230                __clzdi2
 *(.text*)
 .text.HAL_Init
                0x08002248       0x40 Drivers\STM32L0xx_HAL_Driver\Src\stm32l0xx_hal.o
                0x08002248                HAL_Init
 .text.HAL_InitTick
                0x08002288       0x54 Drivers\STM32L0xx_HAL_Driver\Src\stm32l0xx_hal.o
                0x08002288                HAL_InitTick
 .text.HAL_IncTick
                0x080022dc       0x18 Drivers\STM32L0xx_HAL_Driver\Src\stm32l0xx_hal.o
                0x080022dc                HAL_IncTick
 .text.HAL_GetTick
                0x080022f4       0x14 Drivers\STM32L0xx_HAL_Driver\Src\stm32l0xx_hal.o
                0x080022f4                HAL_GetTick
 .text.HAL_Delay
                0x08002308       0x3a Drivers\STM32L0xx_HAL_Driver\Src\stm32l0xx_hal.o
                0x08002308                HAL_Delay
 *fill*         0x08002342        0x2 
 .text.NVIC_EnableIRQ
                0x08002344       0x2c Drivers\STM32L0xx_HAL_Driver\Src\stm32l0xx_hal_cortex.o
 .text.NVIC_SetPriority
                0x08002370       0xdc Drivers\STM32L0xx_HAL_Driver\Src\stm32l0xx_hal_cortex.o
 .text.SysTick_Config
                0x0800244c       0x48 Drivers\STM32L0xx_HAL_Driver\Src\stm32l0xx_hal_cortex.o
 .text.HAL_NVIC_SetPriority
                0x08002494       0x2c Drivers\STM32L0xx_HAL_Driver\Src\stm32l0xx_hal_cortex.o
                0x08002494                HAL_NVIC_SetPriority
 .text.HAL_NVIC_EnableIRQ
                0x080024c0       0x20 Drivers\STM32L0xx_HAL_Driver\Src\stm32l0xx_hal_cortex.o
                0x080024c0                HAL_NVIC_EnableIRQ
 .text.HAL_SYSTICK_Config
                0x080024e0       0x1a Drivers\STM32L0xx_HAL_Driver\Src\stm32l0xx_hal_cortex.o
                0x080024e0                HAL_SYSTICK_Config
 *fill*         0x080024fa        0x2 
 .text.HAL_DMA_Init
                0x080024fc       0xf0 Drivers\STM32L0xx_HAL_Driver\Src\stm32l0xx_hal_dma.o
                0x080024fc                HAL_DMA_Init
 .text.HAL_DMA_Abort_IT
                0x080025ec       0x90 Drivers\STM32L0xx_HAL_Driver\Src\stm32l0xx_hal_dma.o
                0x080025ec                HAL_DMA_Abort_IT
 .text.HAL_DMA_IRQHandler
                0x0800267c      0x15c Drivers\STM32L0xx_HAL_Driver\Src\stm32l0xx_hal_dma.o
                0x0800267c                HAL_DMA_IRQHandler
 .text.HAL_GPIO_Init
                0x080027d8      0x2fc Drivers\STM32L0xx_HAL_Driver\Src\stm32l0xx_hal_gpio.o
                0x080027d8                HAL_GPIO_Init
 .text.HAL_GPIO_WritePin
                0x08002ad4       0x3a Drivers\STM32L0xx_HAL_Driver\Src\stm32l0xx_hal_gpio.o
                0x08002ad4                HAL_GPIO_WritePin
 .text.HAL_GPIO_TogglePin
                0x08002b0e       0x24 Drivers\STM32L0xx_HAL_Driver\Src\stm32l0xx_hal_gpio.o
                0x08002b0e                HAL_GPIO_TogglePin
 *fill*         0x08002b32        0x2 
 .text.HAL_GPIO_EXTI_IRQHandler
                0x08002b34       0x38 Drivers\STM32L0xx_HAL_Driver\Src\stm32l0xx_hal_gpio.o
                0x08002b34                HAL_GPIO_EXTI_IRQHandler
 .text.HAL_GPIO_EXTI_Callback
                0x08002b6c       0x14 Drivers\STM32L0xx_HAL_Driver\Src\stm32l0xx_hal_gpio.o
                0x08002b6c                HAL_GPIO_EXTI_Callback
 .text.HAL_RCC_OscConfig
                0x08002b80      0x798 Drivers\STM32L0xx_HAL_Driver\Src\stm32l0xx_hal_rcc.o
                0x08002b80                HAL_RCC_OscConfig
 .text.HAL_RCC_ClockConfig
                0x08003318      0x254 Drivers\STM32L0xx_HAL_Driver\Src\stm32l0xx_hal_rcc.o
                0x08003318                HAL_RCC_ClockConfig
 .text.HAL_RCC_GetSysClockFreq
                0x0800356c       0xe4 Drivers\STM32L0xx_HAL_Driver\Src\stm32l0xx_hal_rcc.o
                0x0800356c                HAL_RCC_GetSysClockFreq
 .text.HAL_RCC_GetHCLKFreq
                0x08003650       0x14 Drivers\STM32L0xx_HAL_Driver\Src\stm32l0xx_hal_rcc.o
                0x08003650                HAL_RCC_GetHCLKFreq
 .text.HAL_RCC_GetPCLK1Freq
                0x08003664       0x2c Drivers\STM32L0xx_HAL_Driver\Src\stm32l0xx_hal_rcc.o
                0x08003664                HAL_RCC_GetPCLK1Freq
 .text.HAL_RCC_GetPCLK2Freq
                0x08003690       0x2c Drivers\STM32L0xx_HAL_Driver\Src\stm32l0xx_hal_rcc.o
                0x08003690                HAL_RCC_GetPCLK2Freq
 .text.HAL_RCCEx_PeriphCLKConfig
                0x080036bc      0x2a4 Drivers\STM32L0xx_HAL_Driver\Src\stm32l0xx_hal_rcc_ex.o
                0x080036bc                HAL_RCCEx_PeriphCLKConfig
 .text.HAL_RTC_Init
                0x08003960      0x13c Drivers\STM32L0xx_HAL_Driver\Src\stm32l0xx_hal_rtc.o
                0x08003960                HAL_RTC_Init
 .text.HAL_RTC_SetTime
                0x08003a9c      0x188 Drivers\STM32L0xx_HAL_Driver\Src\stm32l0xx_hal_rtc.o
                0x08003a9c                HAL_RTC_SetTime
 .text.HAL_RTC_GetTime
                0x08003c24       0xb8 Drivers\STM32L0xx_HAL_Driver\Src\stm32l0xx_hal_rtc.o
                0x08003c24                HAL_RTC_GetTime
 .text.HAL_RTC_SetDate
                0x08003cdc      0x15c Drivers\STM32L0xx_HAL_Driver\Src\stm32l0xx_hal_rtc.o
                0x08003cdc                HAL_RTC_SetDate
 .text.HAL_RTC_GetDate
                0x08003e38       0x9c Drivers\STM32L0xx_HAL_Driver\Src\stm32l0xx_hal_rtc.o
                0x08003e38                HAL_RTC_GetDate
 .text.HAL_RTC_SetAlarm_IT
                0x08003ed4      0x298 Drivers\STM32L0xx_HAL_Driver\Src\stm32l0xx_hal_rtc.o
                0x08003ed4                HAL_RTC_SetAlarm_IT
 .text.HAL_RTC_DeactivateAlarm
                0x0800416c      0x140 Drivers\STM32L0xx_HAL_Driver\Src\stm32l0xx_hal_rtc.o
                0x0800416c                HAL_RTC_DeactivateAlarm
 .text.HAL_RTC_AlarmIRQHandler
                0x080042ac       0x9c Drivers\STM32L0xx_HAL_Driver\Src\stm32l0xx_hal_rtc.o
                0x080042ac                HAL_RTC_AlarmIRQHandler
 .text.HAL_RTC_AlarmAEventCallback
                0x08004348       0x10 Drivers\STM32L0xx_HAL_Driver\Src\stm32l0xx_hal_rtc.o
                0x08004348                HAL_RTC_AlarmAEventCallback
 .text.HAL_RTC_WaitForSynchro
                0x08004358       0x4e Drivers\STM32L0xx_HAL_Driver\Src\stm32l0xx_hal_rtc.o
                0x08004358                HAL_RTC_WaitForSynchro
 .text.RTC_EnterInitMode
                0x080043a6       0x54 Drivers\STM32L0xx_HAL_Driver\Src\stm32l0xx_hal_rtc.o
                0x080043a6                RTC_EnterInitMode
 .text.RTC_ByteToBcd2
                0x080043fa       0x54 Drivers\STM32L0xx_HAL_Driver\Src\stm32l0xx_hal_rtc.o
                0x080043fa                RTC_ByteToBcd2
 .text.RTC_Bcd2ToByte
                0x0800444e       0x3a Drivers\STM32L0xx_HAL_Driver\Src\stm32l0xx_hal_rtc.o
                0x0800444e                RTC_Bcd2ToByte
 .text.HAL_RTCEx_AlarmBEventCallback
                0x08004488       0x10 Drivers\STM32L0xx_HAL_Driver\Src\stm32l0xx_hal_rtc_ex.o
                0x08004488                HAL_RTCEx_AlarmBEventCallback
 .text.HAL_SPI_Init
                0x08004498       0xd0 Drivers\STM32L0xx_HAL_Driver\Src\stm32l0xx_hal_spi.o
                0x08004498                HAL_SPI_Init
 .text.HAL_SPI_TransmitReceive
                0x08004568      0x37a Drivers\STM32L0xx_HAL_Driver\Src\stm32l0xx_hal_spi.o
                0x08004568                HAL_SPI_TransmitReceive
 *fill*         0x080048e2        0x2 
 .text.HAL_SPI_IRQHandler
                0x080048e4      0x1d4 Drivers\STM32L0xx_HAL_Driver\Src\stm32l0xx_hal_spi.o
                0x080048e4                HAL_SPI_IRQHandler
 .text.HAL_SPI_ErrorCallback
                0x08004ab8       0x10 Drivers\STM32L0xx_HAL_Driver\Src\stm32l0xx_hal_spi.o
                0x08004ab8                HAL_SPI_ErrorCallback
 .text.SPI_DMAAbortOnError
                0x08004ac8       0x2a Drivers\STM32L0xx_HAL_Driver\Src\stm32l0xx_hal_spi.o
 *fill*         0x08004af2        0x2 
 .text.SPI_WaitFlagStateUntilTimeout
                0x08004af4       0xe0 Drivers\STM32L0xx_HAL_Driver\Src\stm32l0xx_hal_spi.o
 .text.SPI_EndRxTxTransaction
                0x08004bd4       0x7a Drivers\STM32L0xx_HAL_Driver\Src\stm32l0xx_hal_spi.o
 *fill*         0x08004c4e        0x2 
 .text.HAL_UART_Init
                0x08004c50       0xa8 Drivers\STM32L0xx_HAL_Driver\Src\stm32l0xx_hal_uart.o
                0x08004c50                HAL_UART_Init
 .text.HAL_UART_Transmit
                0x08004cf8      0x14c Drivers\STM32L0xx_HAL_Driver\Src\stm32l0xx_hal_uart.o
                0x08004cf8                HAL_UART_Transmit
 .text.HAL_UART_IRQHandler
                0x08004e44      0x24c Drivers\STM32L0xx_HAL_Driver\Src\stm32l0xx_hal_uart.o
                0x08004e44                HAL_UART_IRQHandler
 .text.HAL_UART_TxCpltCallback
                0x08005090       0x10 Drivers\STM32L0xx_HAL_Driver\Src\stm32l0xx_hal_uart.o
                0x08005090                HAL_UART_TxCpltCallback
 .text.HAL_UART_ErrorCallback
                0x080050a0       0x10 Drivers\STM32L0xx_HAL_Driver\Src\stm32l0xx_hal_uart.o
                0x080050a0                HAL_UART_ErrorCallback
 .text.UART_SetConfig
                0x080050b0      0x678 Drivers\STM32L0xx_HAL_Driver\Src\stm32l0xx_hal_uart.o
                0x080050b0                UART_SetConfig
 .text.UART_AdvFeatureConfig
                0x08005728      0x158 Drivers\STM32L0xx_HAL_Driver\Src\stm32l0xx_hal_uart.o
                0x08005728                UART_AdvFeatureConfig
 .text.UART_CheckIdleState
                0x08005880       0x8c Drivers\STM32L0xx_HAL_Driver\Src\stm32l0xx_hal_uart.o
                0x08005880                UART_CheckIdleState
 .text.UART_WaitOnFlagUntilTimeout
                0x0800590c       0x94 Drivers\STM32L0xx_HAL_Driver\Src\stm32l0xx_hal_uart.o
                0x0800590c                UART_WaitOnFlagUntilTimeout
 .text.UART_EndRxTransfer
                0x080059a0       0x40 Drivers\STM32L0xx_HAL_Driver\Src\stm32l0xx_hal_uart.o
 .text.UART_DMAAbortOnError
                0x080059e0       0x2e Drivers\STM32L0xx_HAL_Driver\Src\stm32l0xx_hal_uart.o
 .text.UART_EndTransmit_IT
                0x08005a0e       0x34 Drivers\STM32L0xx_HAL_Driver\Src\stm32l0xx_hal_uart.o
 .text.HAL_UARTEx_WakeupCallback
                0x08005a42       0x10 Drivers\STM32L0xx_HAL_Driver\Src\stm32l0xx_hal_uart_ex.o
                0x08005a42                HAL_UARTEx_WakeupCallback
 .text.SX1276GetWakeTime
                0x08005a52        0xc Src\Lora\CMWX1ZZABZ-0xx\mlm32l07x01.o
                0x08005a52                SX1276GetWakeTime
 .text.SX1276SetXO
                0x08005a5e       0x44 Src\Lora\CMWX1ZZABZ-0xx\mlm32l07x01.o
                0x08005a5e                SX1276SetXO
 *fill*         0x08005aa2        0x2 
 .text.SX1276IoInit
                0x08005aa4       0x18 Src\Lora\CMWX1ZZABZ-0xx\mlm32l07x01.o
                0x08005aa4                SX1276IoInit
 .text.SX1276IoDeInit
                0x08005abc        0xa Src\Lora\CMWX1ZZABZ-0xx\mlm32l07x01.o
                0x08005abc                SX1276IoDeInit
 *fill*         0x08005ac6        0x2 
 .text.HW_GPIO_GetBitPos
                0x08005ac8       0x98 Src\Lora\CMWX1ZZABZ-0xx\mlm32l07x01.o
 .text.MSP_GetIRQn
                0x08005b60       0x36 Src\Lora\CMWX1ZZABZ-0xx\mlm32l07x01.o
                0x08005b60                MSP_GetIRQn
 *fill*         0x08005b96        0x2 
 .text.HW_GPIO_SetIrq
                0x08005b98       0x80 Src\Lora\CMWX1ZZABZ-0xx\mlm32l07x01.o
                0x08005b98                HW_GPIO_SetIrq
 .text.SX1276IoIrqInit
                0x08005c18       0x58 Src\Lora\CMWX1ZZABZ-0xx\mlm32l07x01.o
                0x08005c18                SX1276IoIrqInit
 .text.SX1276AntSwInit
                0x08005c70       0x34 Src\Lora\CMWX1ZZABZ-0xx\mlm32l07x01.o
 .text.SX1276AntSwDeInit
                0x08005ca4       0x34 Src\Lora\CMWX1ZZABZ-0xx\mlm32l07x01.o
 .text.SX1276SetRfTxPower
                0x08005cd8      0x1be Src\Lora\CMWX1ZZABZ-0xx\mlm32l07x01.o
                0x08005cd8                SX1276SetRfTxPower
 .text.SX1276GetPaSelect
                0x08005e96       0x22 Src\Lora\CMWX1ZZABZ-0xx\mlm32l07x01.o
                0x08005e96                SX1276GetPaSelect
 .text.SX1276SetAntSwLowPower
                0x08005eb8       0x2c Src\Lora\CMWX1ZZABZ-0xx\mlm32l07x01.o
                0x08005eb8                SX1276SetAntSwLowPower
 .text.SX1276SetAntSw
                0x08005ee4       0x78 Src\Lora\CMWX1ZZABZ-0xx\mlm32l07x01.o
                0x08005ee4                SX1276SetAntSw
 .text.SX1276CheckRfFrequency
                0x08005f5c       0x12 Src\Lora\CMWX1ZZABZ-0xx\mlm32l07x01.o
                0x08005f5c                SX1276CheckRfFrequency
 *fill*         0x08005f6e        0x2 
 .text.LPM_SetStopMode
                0x08005f70       0x64 Src\Lora\Utilities\low_power_manager.o
                0x08005f70                LPM_SetStopMode
 .text.LPM_GetMode
                0x08005fd4       0x60 Src\Lora\Utilities\low_power_manager.o
                0x08005fd4                LPM_GetMode
 .text.TimerInit
                0x08006034       0x3c Src\Lora\Utilities\timeServer.o
                0x08006034                TimerInit
 .text.TimerStart
                0x08006070       0xa8 Src\Lora\Utilities\timeServer.o
                0x08006070                TimerStart
 .text.TimerStop
                0x08006118       0xf4 Src\Lora\Utilities\timeServer.o
                0x08006118                TimerStop
 .text.TimerSetValue
                0x0800620c       0x4a Src\Lora\Utilities\timeServer.o
                0x0800620c                TimerSetValue
 .text.TimerGetCurrentTime
                0x08006256       0x20 Src\Lora\Utilities\timeServer.o
                0x08006256                TimerGetCurrentTime
 .text.TimerGetElapsedTime
                0x08006276       0x32 Src\Lora\Utilities\timeServer.o
                0x08006276                TimerGetElapsedTime
 .text.TimerExists
                0x080062a8       0x38 Src\Lora\Utilities\timeServer.o
 .text.TimerSetTimeout
                0x080062e0       0x48 Src\Lora\Utilities\timeServer.o
 .text.TimerInsertTimer
                0x08006328       0x5c Src\Lora\Utilities\timeServer.o
 .text.TimerInsertNewHeadTimer
                0x08006384       0x3c Src\Lora\Utilities\timeServer.o
 .text.memcpy1  0x080063c0       0x36 Src\Lora\Utilities\utilities.o
                0x080063c0                memcpy1
 .text.HW_RTC_GetMinimumTimeout
                0x080063f6        0xc Src\Lora\hw_rtc.o
                0x080063f6                HW_RTC_GetMinimumTimeout
 .text.HW_RTC_ms2Tick
                0x08006402       0x30 Src\Lora\hw_rtc.o
                0x08006402                HW_RTC_ms2Tick
 .text.HW_RTC_Tick2ms
                0x08006432       0x32 Src\Lora\hw_rtc.o
                0x08006432                HW_RTC_Tick2ms
 .text.HW_RTC_SetAlarm
                0x08006464       0x60 Src\Lora\hw_rtc.o
                0x08006464                HW_RTC_SetAlarm
 .text.HW_RTC_GetTimerElapsedTime
                0x080064c4       0x30 Src\Lora\hw_rtc.o
                0x080064c4                HW_RTC_GetTimerElapsedTime
 .text.HW_RTC_GetTimerValue
                0x080064f4       0x24 Src\Lora\hw_rtc.o
                0x080064f4                HW_RTC_GetTimerValue
 .text.HW_RTC_StopAlarm
                0x08006518       0x40 Src\Lora\hw_rtc.o
                0x08006518                HW_RTC_StopAlarm
 .text.HW_RTC_SetTimerContext
                0x08006558       0x30 Src\Lora\hw_rtc.o
                0x08006558                HW_RTC_SetTimerContext
 .text.HW_RTC_StartWakeUpAlarm
                0x08006588      0x2f8 Src\Lora\hw_rtc.o
 .text.HW_RTC_GetCalendarValue
                0x08006880      0x13c Src\Lora\hw_rtc.o
 .text.HW_SPI_InOut
                0x080069bc       0x34 Src\Lora\sx1276\sx1276.o
                0x080069bc                HW_SPI_InOut
 .text.SX1276BoardInit
                0x080069f0       0x1c Src\Lora\sx1276\sx1276.o
                0x080069f0                SX1276BoardInit
 .text.SX1276Init
                0x08006a0c      0x104 Src\Lora\sx1276\sx1276.o
                0x08006a0c                SX1276Init
 .text.SX1276GetStatus
                0x08006b10       0x14 Src\Lora\sx1276\sx1276.o
                0x08006b10                SX1276GetStatus
 .text.SX1276SetChannel
                0x08006b24       0x80 Src\Lora\sx1276\sx1276.o
                0x08006b24                SX1276SetChannel
 .text.SX1276IsChannelFree
                0x08006ba4       0xae Src\Lora\sx1276\sx1276.o
                0x08006ba4                SX1276IsChannelFree
 .text.SX1276Random
                0x08006c52       0x68 Src\Lora\sx1276\sx1276.o
                0x08006c52                SX1276Random
 *fill*         0x08006cba        0x2 
 .text.RxChainCalibration
                0x08006cbc       0xe8 Src\Lora\sx1276\sx1276.o
                0x08006cbc                RxChainCalibration
 .text.GetFskBandwidthRegValue
                0x08006da4       0x70 Src\Lora\sx1276\sx1276.o
 .text.SX1276SetRxConfig
                0x08006e14      0x4b8 Src\Lora\sx1276\sx1276.o
                0x08006e14                SX1276SetRxConfig
 .text.SX1276SetTxConfig
                0x080072cc      0x3a8 Src\Lora\sx1276\sx1276.o
                0x080072cc                SX1276SetTxConfig
 .text.SX1276GetTimeOnAir
                0x08007674      0x324 Src\Lora\sx1276\sx1276.o
                0x08007674                SX1276GetTimeOnAir
 .text.SX1276Send
                0x08007998      0x180 Src\Lora\sx1276\sx1276.o
                0x08007998                SX1276Send
 .text.SX1276SetSleep
                0x08007b18       0x34 Src\Lora\sx1276\sx1276.o
                0x08007b18                SX1276SetSleep
 .text.SX1276SetStby
                0x08007b4c       0x34 Src\Lora\sx1276\sx1276.o
                0x08007b4c                SX1276SetStby
 .text.SX1276SetRx
                0x08007b80      0x320 Src\Lora\sx1276\sx1276.o
                0x08007b80                SX1276SetRx
 .text.SX1276SetTx
                0x08007ea0       0xf4 Src\Lora\sx1276\sx1276.o
                0x08007ea0                SX1276SetTx
 .text.SX1276StartCad
                0x08007f94       0x50 Src\Lora\sx1276\sx1276.o
                0x08007f94                SX1276StartCad
 .text.SX1276SetTxContinuousWave
                0x08007fe4       0xbc Src\Lora\sx1276\sx1276.o
                0x08007fe4                SX1276SetTxContinuousWave
 .text.SX1276ReadRssi
                0x080080a0       0x98 Src\Lora\sx1276\sx1276.o
                0x080080a0                SX1276ReadRssi
 .text.SX1276Reset
                0x08008138       0x34 Src\Lora\sx1276\sx1276.o
                0x08008138                SX1276Reset
 .text.SX1276SetOpMode
                0x0800816c       0xa0 Src\Lora\sx1276\sx1276.o
                0x0800816c                SX1276SetOpMode
 .text.SX1276SetModem
                0x0800820c       0xb0 Src\Lora\sx1276\sx1276.o
                0x0800820c                SX1276SetModem
 .text.SX1276Write
                0x080082bc       0x28 Src\Lora\sx1276\sx1276.o
                0x080082bc                SX1276Write
 .text.SX1276Read
                0x080082e4       0x2a Src\Lora\sx1276\sx1276.o
                0x080082e4                SX1276Read
 .text.SX1276WriteBuffer
                0x0800830e       0x88 Src\Lora\sx1276\sx1276.o
                0x0800830e                SX1276WriteBuffer
 *fill*         0x08008396        0x2 
 .text.SX1276ReadBuffer
                0x08008398       0xc0 Src\Lora\sx1276\sx1276.o
                0x08008398                SX1276ReadBuffer
 .text.SX1276WriteFifo
                0x08008458       0x24 Src\Lora\sx1276\sx1276.o
                0x08008458                SX1276WriteFifo
 .text.SX1276ReadFifo
                0x0800847c       0x24 Src\Lora\sx1276\sx1276.o
                0x0800847c                SX1276ReadFifo
 .text.SX1276SetMaxPayloadLength
                0x080084a0       0x64 Src\Lora\sx1276\sx1276.o
                0x080084a0                SX1276SetMaxPayloadLength
 .text.SX1276SetPublicNetwork
                0x08008504       0x44 Src\Lora\sx1276\sx1276.o
                0x08008504                SX1276SetPublicNetwork
 .text.SX1276GetWakeupTime
                0x08008548       0x1c Src\Lora\sx1276\sx1276.o
                0x08008548                SX1276GetWakeupTime
 .text.SX1276OnTimeoutIrq
                0x08008564      0x168 Src\Lora\sx1276\sx1276.o
                0x08008564                SX1276OnTimeoutIrq
 .text.SX1276OnDio0Irq
                0x080086cc      0x46c Src\Lora\sx1276\sx1276.o
                0x080086cc                SX1276OnDio0Irq
 .text.SX1276OnDio1Irq
                0x08008b38      0x1a4 Src\Lora\sx1276\sx1276.o
                0x08008b38                SX1276OnDio1Irq
 .text.SX1276OnDio2Irq
                0x08008cdc      0x17c Src\Lora\sx1276\sx1276.o
                0x08008cdc                SX1276OnDio2Irq
 .text.SX1276OnDio3Irq
                0x08008e58       0x8c Src\Lora\sx1276\sx1276.o
                0x08008e58                SX1276OnDio3Irq
 .text.SX1276OnDio4Irq
                0x08008ee4       0x3c Src\Lora\sx1276\sx1276.o
                0x08008ee4                SX1276OnDio4Irq
 .text.PRINTF   0x08008f20       0x4c Src\main.o
                0x08008f20                PRINTF
 .text.OnTxDone
                0x08008f6c       0x2c Src\main.o
                0x08008f6c                OnTxDone
 .text.OnRxDone
                0x08008f98       0xac Src\main.o
                0x08008f98                OnRxDone
 .text.OnTxTimeout
                0x08009044       0x2c Src\main.o
                0x08009044                OnTxTimeout
 .text.OnRxTimeout
                0x08009070       0x34 Src\main.o
                0x08009070                OnRxTimeout
 .text.OnRxError
                0x080090a4       0x2c Src\main.o
                0x080090a4                OnRxError
 .text.OnledEvent
                0x080090d0       0x4c Src\main.o
 .text.main     0x0800911c      0x4f0 Src\main.o
                0x0800911c                main
 .text.SystemClock_Config
                0x0800960c      0x114 Src\main.o
                0x0800960c                SystemClock_Config
 .text.MX_RTC_Init
                0x08009720      0x150 Src\main.o
 .text.MX_SPI1_Init
                0x08009870       0x70 Src\main.o
 .text.MX_SPI2_Init
                0x080098e0       0x70 Src\main.o
 .text.MX_USART1_UART_Init
                0x08009950       0x60 Src\main.o
 .text.MX_USART2_UART_Init
                0x080099b0       0x60 Src\main.o
 .text.MX_DMA_Init
                0x08009a10       0x4c Src\main.o
 .text.MX_GPIO_Init
                0x08009a5c      0x1f8 Src\main.o
 .text.Error_Handler
                0x08009c54        0xa Src\main.o
                0x08009c54                Error_Handler
 *fill*         0x08009c5e        0x2 
 .text.HAL_MspInit
                0x08009c60       0x28 Src\stm32l0xx_hal_msp.o
                0x08009c60                HAL_MspInit
 .text.HAL_RTC_MspInit
                0x08009c88       0x40 Src\stm32l0xx_hal_msp.o
                0x08009c88                HAL_RTC_MspInit
 .text.HAL_SPI_MspInit
                0x08009cc8      0x1cc Src\stm32l0xx_hal_msp.o
                0x08009cc8                HAL_SPI_MspInit
 .text.HAL_UART_MspInit
                0x08009e94      0x1d8 Src\stm32l0xx_hal_msp.o
                0x08009e94                HAL_UART_MspInit
 .text.NMI_Handler
                0x0800a06c        0xa Src\stm32l0xx_it.o
                0x0800a06c                NMI_Handler
 .text.HardFault_Handler
                0x0800a076        0x6 Src\stm32l0xx_it.o
                0x0800a076                HardFault_Handler
 .text.SVC_Handler
                0x0800a07c        0xa Src\stm32l0xx_it.o
                0x0800a07c                SVC_Handler
 .text.PendSV_Handler
                0x0800a086        0xa Src\stm32l0xx_it.o
                0x0800a086                PendSV_Handler
 .text.SysTick_Handler
                0x0800a090        0xe Src\stm32l0xx_it.o
                0x0800a090                SysTick_Handler
 *fill*         0x0800a09e        0x2 
 .text.RTC_IRQHandler
                0x0800a0a0       0x18 Src\stm32l0xx_it.o
                0x0800a0a0                RTC_IRQHandler
 .text.EXTI0_1_IRQHandler
                0x0800a0b8       0x16 Src\stm32l0xx_it.o
                0x0800a0b8                EXTI0_1_IRQHandler
 .text.EXTI4_15_IRQHandler
                0x0800a0ce       0x1a Src\stm32l0xx_it.o
                0x0800a0ce                EXTI4_15_IRQHandler
 .text.DMA1_Channel2_3_IRQHandler
                0x0800a0e8       0x24 Src\stm32l0xx_it.o
                0x0800a0e8                DMA1_Channel2_3_IRQHandler
 .text.DMA1_Channel4_5_6_7_IRQHandler
                0x0800a10c       0x18 Src\stm32l0xx_it.o
                0x0800a10c                DMA1_Channel4_5_6_7_IRQHandler
 .text.SPI1_IRQHandler
                0x0800a124       0x18 Src\stm32l0xx_it.o
                0x0800a124                SPI1_IRQHandler
 .text.SPI2_IRQHandler
                0x0800a13c       0x18 Src\stm32l0xx_it.o
                0x0800a13c                SPI2_IRQHandler
 .text.USART1_IRQHandler
                0x0800a154       0x38 Src\stm32l0xx_it.o
                0x0800a154                USART1_IRQHandler
 .text.USART2_IRQHandler
                0x0800a18c       0x18 Src\stm32l0xx_it.o
                0x0800a18c                USART2_IRQHandler
 .text.SystemInit
                0x0800a1a4       0x7c Src\system_stm32l0xx.o
                0x0800a1a4                SystemInit
 .text.Reset_Handler
                0x0800a220       0x50 startup\startup_stm32l072xx.o
                0x0800a220                Reset_Handler
 .text.Default_Handler
                0x0800a270        0x2 startup\startup_stm32l072xx.o
                0x0800a270                TSC_IRQHandler
                0x0800a270                ADC1_COMP_IRQHandler
                0x0800a270                PVD_IRQHandler
                0x0800a270                I2C1_IRQHandler
                0x0800a270                RCC_CRS_IRQHandler
                0x0800a270                TIM6_DAC_IRQHandler
                0x0800a270                EXTI2_3_IRQHandler
                0x0800a270                I2C2_IRQHandler
                0x0800a270                TIM3_IRQHandler
                0x0800a270                DMA1_Channel1_IRQHandler
                0x0800a270                USART4_5_IRQHandler
                0x0800a270                Default_Handler
                0x0800a270                TIM22_IRQHandler
                0x0800a270                TIM7_IRQHandler
                0x0800a270                USB_IRQHandler
                0x0800a270                I2C3_IRQHandler
                0x0800a270                TIM21_IRQHandler
                0x0800a270                WWDG_IRQHandler
                0x0800a270                TIM2_IRQHandler
                0x0800a270                FLASH_IRQHandler
                0x0800a270                RNG_LPUART1_IRQHandler
                0x0800a270                LPTIM1_IRQHandler
 .text._calloc_r
                0x0800a272       0x58 c:/program files (x86)/atollic/truestudio for stm32 9.0.0/armtools/bin/../lib/gcc/arm-atollic-eabi/6.3.1/../../../../arm-atollic-eabi/lib/armv6-m\libc.a(lib_a-callocr.o)
                0x0800a272                _calloc_r
 *fill*         0x0800a2ca        0x2 
 .text.__libc_init_array
                0x0800a2cc       0x48 c:/program files (x86)/atollic/truestudio for stm32 9.0.0/armtools/bin/../lib/gcc/arm-atollic-eabi/6.3.1/../../../../arm-atollic-eabi/lib/armv6-m\libc.a(lib_a-init.o)
                0x0800a2cc                __libc_init_array
 .text.malloc   0x0800a314       0x14 c:/program files (x86)/atollic/truestudio for stm32 9.0.0/armtools/bin/../lib/gcc/arm-atollic-eabi/6.3.1/../../../../arm-atollic-eabi/lib/armv6-m\libc.a(lib_a-malloc.o)
                0x0800a314                malloc
 .text._malloc_r
                0x0800a328      0x408 c:/program files (x86)/atollic/truestudio for stm32 9.0.0/armtools/bin/../lib/gcc/arm-atollic-eabi/6.3.1/../../../../arm-atollic-eabi/lib/armv6-m\libc.a(lib_a-mallocr.o)
                0x0800a328                _malloc_r
 .text.memcpy   0x0800a730       0x12 c:/program files (x86)/atollic/truestudio for stm32 9.0.0/armtools/bin/../lib/gcc/arm-atollic-eabi/6.3.1/../../../../arm-atollic-eabi/lib/armv6-m\libc.a(lib_a-memcpy-stub.o)
                0x0800a730                memcpy
 .text.memset   0x0800a742       0x10 c:/program files (x86)/atollic/truestudio for stm32 9.0.0/armtools/bin/../lib/gcc/arm-atollic-eabi/6.3.1/../../../../arm-atollic-eabi/lib/armv6-m\libc.a(lib_a-memset.o)
                0x0800a742                memset
 *fill*         0x0800a752        0x2 
 .text.__malloc_lock
                0x0800a754       0x10 c:/program files (x86)/atollic/truestudio for stm32 9.0.0/armtools/bin/../lib/gcc/arm-atollic-eabi/6.3.1/../../../../arm-atollic-eabi/lib/armv6-m\libc.a(lib_a-mlock.o)
                0x0800a754                __malloc_lock
 .text.__malloc_unlock
                0x0800a764       0x10 c:/program files (x86)/atollic/truestudio for stm32 9.0.0/armtools/bin/../lib/gcc/arm-atollic-eabi/6.3.1/../../../../arm-atollic-eabi/lib/armv6-m\libc.a(lib_a-mlock.o)
                0x0800a764                __malloc_unlock
 .text._sbrk_r  0x0800a774       0x24 c:/program files (x86)/atollic/truestudio for stm32 9.0.0/armtools/bin/../lib/gcc/arm-atollic-eabi/6.3.1/../../../../arm-atollic-eabi/lib/armv6-m\libc.a(lib_a-sbrkr.o)
                0x0800a774                _sbrk_r
 .text.snprintf
                0x0800a798       0x64 c:/program files (x86)/atollic/truestudio for stm32 9.0.0/armtools/bin/../lib/gcc/arm-atollic-eabi/6.3.1/../../../../arm-atollic-eabi/lib/armv6-m\libc.a(lib_a-snprintf.o)
                0x0800a798                snprintf
 .text.strncmp  0x0800a7fc       0x22 c:/program files (x86)/atollic/truestudio for stm32 9.0.0/armtools/bin/../lib/gcc/arm-atollic-eabi/6.3.1/../../../../arm-atollic-eabi/lib/armv6-m\libc.a(lib_a-strncmp.o)
                0x0800a7fc                strncmp
 *fill*         0x0800a81e        0x2 
 .text._svfprintf_r
                0x0800a820     0x10ec c:/program files (x86)/atollic/truestudio for stm32 9.0.0/armtools/bin/../lib/gcc/arm-atollic-eabi/6.3.1/../../../../arm-atollic-eabi/lib/armv6-m\libc.a(lib_a-svfprintf.o)
                0x0800a820                _svfprintf_r
 .text._vsnprintf_r
                0x0800b90c       0x56 c:/program files (x86)/atollic/truestudio for stm32 9.0.0/armtools/bin/../lib/gcc/arm-atollic-eabi/6.3.1/../../../../arm-atollic-eabi/lib/armv6-m\libc.a(lib_a-vsnprintf.o)
                0x0800b90c                _vsnprintf_r
 *fill*         0x0800b962        0x2 
 .text.vsnprintf
                0x0800b964       0x18 c:/program files (x86)/atollic/truestudio for stm32 9.0.0/armtools/bin/../lib/gcc/arm-atollic-eabi/6.3.1/../../../../arm-atollic-eabi/lib/armv6-m\libc.a(lib_a-vsnprintf.o)
                0x0800b964                vsnprintf
 .text.quorem   0x0800b97c      0x108 c:/program files (x86)/atollic/truestudio for stm32 9.0.0/armtools/bin/../lib/gcc/arm-atollic-eabi/6.3.1/../../../../arm-atollic-eabi/lib/armv6-m\libc.a(lib_a-dtoa.o)
 .text._dtoa_r  0x0800ba84      0xbd0 c:/program files (x86)/atollic/truestudio for stm32 9.0.0/armtools/bin/../lib/gcc/arm-atollic-eabi/6.3.1/../../../../arm-atollic-eabi/lib/armv6-m\libc.a(lib_a-dtoa.o)
                0x0800ba84                _dtoa_r
 .text._malloc_trim_r
                0x0800c654       0xa8 c:/program files (x86)/atollic/truestudio for stm32 9.0.0/armtools/bin/../lib/gcc/arm-atollic-eabi/6.3.1/../../../../arm-atollic-eabi/lib/armv6-m\libc.a(lib_a-freer.o)
                0x0800c654                _malloc_trim_r
 .text._free_r  0x0800c6fc      0x168 c:/program files (x86)/atollic/truestudio for stm32 9.0.0/armtools/bin/../lib/gcc/arm-atollic-eabi/6.3.1/../../../../arm-atollic-eabi/lib/armv6-m\libc.a(lib_a-freer.o)
                0x0800c6fc                _free_r
 .text._localeconv_r
                0x0800c864       0x18 c:/program files (x86)/atollic/truestudio for stm32 9.0.0/armtools/bin/../lib/gcc/arm-atollic-eabi/6.3.1/../../../../arm-atollic-eabi/lib/armv6-m\libc.a(lib_a-localeconv.o)
                0x0800c864                _localeconv_r
 .text.__retarget_lock_acquire_recursive
                0x0800c87c        0x2 c:/program files (x86)/atollic/truestudio for stm32 9.0.0/armtools/bin/../lib/gcc/arm-atollic-eabi/6.3.1/../../../../arm-atollic-eabi/lib/armv6-m\libc.a(lib_a-lock.o)
                0x0800c87c                __retarget_lock_acquire_recursive
 .text.__retarget_lock_release_recursive
                0x0800c87e        0x2 c:/program files (x86)/atollic/truestudio for stm32 9.0.0/armtools/bin/../lib/gcc/arm-atollic-eabi/6.3.1/../../../../arm-atollic-eabi/lib/armv6-m\libc.a(lib_a-lock.o)
                0x0800c87e                __retarget_lock_release_recursive
 .text.__ascii_mbtowc
                0x0800c880       0x24 c:/program files (x86)/atollic/truestudio for stm32 9.0.0/armtools/bin/../lib/gcc/arm-atollic-eabi/6.3.1/../../../../arm-atollic-eabi/lib/armv6-m\libc.a(lib_a-mbtowc_r.o)
                0x0800c880                __ascii_mbtowc
 .text.memchr   0x0800c8a4       0x16 c:/program files (x86)/atollic/truestudio for stm32 9.0.0/armtools/bin/../lib/gcc/arm-atollic-eabi/6.3.1/../../../../arm-atollic-eabi/lib/armv6-m\libc.a(lib_a-memchr-stub.o)
                0x0800c8a4                memchr
 .text._Balloc  0x0800c8ba       0x70 c:/program files (x86)/atollic/truestudio for stm32 9.0.0/armtools/bin/../lib/gcc/arm-atollic-eabi/6.3.1/../../../../arm-atollic-eabi/lib/armv6-m\libc.a(lib_a-mprec.o)
                0x0800c8ba                _Balloc
 .text._Bfree   0x0800c92a       0x32 c:/program files (x86)/atollic/truestudio for stm32 9.0.0/armtools/bin/../lib/gcc/arm-atollic-eabi/6.3.1/../../../../arm-atollic-eabi/lib/armv6-m\libc.a(lib_a-mprec.o)
                0x0800c92a                _Bfree
 .text.__multadd
                0x0800c95c       0x78 c:/program files (x86)/atollic/truestudio for stm32 9.0.0/armtools/bin/../lib/gcc/arm-atollic-eabi/6.3.1/../../../../arm-atollic-eabi/lib/armv6-m\libc.a(lib_a-mprec.o)
                0x0800c95c                __multadd
 .text.__hi0bits
                0x0800c9d4       0x34 c:/program files (x86)/atollic/truestudio for stm32 9.0.0/armtools/bin/../lib/gcc/arm-atollic-eabi/6.3.1/../../../../arm-atollic-eabi/lib/armv6-m\libc.a(lib_a-mprec.o)
                0x0800c9d4                __hi0bits
 .text.__lo0bits
                0x0800ca08       0x5e c:/program files (x86)/atollic/truestudio for stm32 9.0.0/armtools/bin/../lib/gcc/arm-atollic-eabi/6.3.1/../../../../arm-atollic-eabi/lib/armv6-m\libc.a(lib_a-mprec.o)
                0x0800ca08                __lo0bits
 .text.__i2b    0x0800ca66       0x12 c:/program files (x86)/atollic/truestudio for stm32 9.0.0/armtools/bin/../lib/gcc/arm-atollic-eabi/6.3.1/../../../../arm-atollic-eabi/lib/armv6-m\libc.a(lib_a-mprec.o)
                0x0800ca66                __i2b
 .text.__multiply
                0x0800ca78      0x11e c:/program files (x86)/atollic/truestudio for stm32 9.0.0/armtools/bin/../lib/gcc/arm-atollic-eabi/6.3.1/../../../../arm-atollic-eabi/lib/armv6-m\libc.a(lib_a-mprec.o)
                0x0800ca78                __multiply
 *fill*         0x0800cb96        0x2 
 .text.__pow5mult
                0x0800cb98       0xa4 c:/program files (x86)/atollic/truestudio for stm32 9.0.0/armtools/bin/../lib/gcc/arm-atollic-eabi/6.3.1/../../../../arm-atollic-eabi/lib/armv6-m\libc.a(lib_a-mprec.o)
                0x0800cb98                __pow5mult
 .text.__lshift
                0x0800cc3c       0xa2 c:/program files (x86)/atollic/truestudio for stm32 9.0.0/armtools/bin/../lib/gcc/arm-atollic-eabi/6.3.1/../../../../arm-atollic-eabi/lib/armv6-m\libc.a(lib_a-mprec.o)
                0x0800cc3c                __lshift
 .text.__mcmp   0x0800ccde       0x32 c:/program files (x86)/atollic/truestudio for stm32 9.0.0/armtools/bin/../lib/gcc/arm-atollic-eabi/6.3.1/../../../../arm-atollic-eabi/lib/armv6-m\libc.a(lib_a-mprec.o)
                0x0800ccde                __mcmp
 .text.__mdiff  0x0800cd10       0xc8 c:/program files (x86)/atollic/truestudio for stm32 9.0.0/armtools/bin/../lib/gcc/arm-atollic-eabi/6.3.1/../../../../arm-atollic-eabi/lib/armv6-m\libc.a(lib_a-mprec.o)
                0x0800cd10                __mdiff
 .text.__d2b    0x0800cdd8       0xa8 c:/program files (x86)/atollic/truestudio for stm32 9.0.0/armtools/bin/../lib/gcc/arm-atollic-eabi/6.3.1/../../../../arm-atollic-eabi/lib/armv6-m\libc.a(lib_a-mprec.o)
                0x0800cdd8                __d2b
 .text.__ssprint_r
                0x0800ce80       0xfc c:/program files (x86)/atollic/truestudio for stm32 9.0.0/armtools/bin/../lib/gcc/arm-atollic-eabi/6.3.1/../../../../arm-atollic-eabi/lib/armv6-m\libc.a(lib_a-svfiprintf.o)
                0x0800ce80                __ssprint_r
 .text.__ascii_wctomb
                0x0800cf7c       0x18 c:/program files (x86)/atollic/truestudio for stm32 9.0.0/armtools/bin/../lib/gcc/arm-atollic-eabi/6.3.1/../../../../arm-atollic-eabi/lib/armv6-m\libc.a(lib_a-wctomb_r.o)
                0x0800cf7c                __ascii_wctomb
 .text.memmove  0x0800cf94       0x24 c:/program files (x86)/atollic/truestudio for stm32 9.0.0/armtools/bin/../lib/gcc/arm-atollic-eabi/6.3.1/../../../../arm-atollic-eabi/lib/armv6-m\libc.a(lib_a-memmove.o)
                0x0800cf94                memmove
 .text._realloc_r
                0x0800cfb8      0x2f8 c:/program files (x86)/atollic/truestudio for stm32 9.0.0/armtools/bin/../lib/gcc/arm-atollic-eabi/6.3.1/../../../../arm-atollic-eabi/lib/armv6-m\libc.a(lib_a-reallocr.o)
                0x0800cfb8                _realloc_r
 .text.ceil     0x0800d2b0      0x104 c:/program files (x86)/atollic/truestudio for stm32 9.0.0/armtools/bin/../lib/gcc/arm-atollic-eabi/6.3.1/../../../../arm-atollic-eabi/lib/armv6-m\libm.a(lib_a-s_ceil.o)
                0x0800d2b0                ceil
 .text.floor    0x0800d3b4      0x104 c:/program files (x86)/atollic/truestudio for stm32 9.0.0/armtools/bin/../lib/gcc/arm-atollic-eabi/6.3.1/../../../../arm-atollic-eabi/lib/armv6-m\libm.a(lib_a-s_floor.o)
                0x0800d3b4                floor
 .text.round    0x0800d4b8       0x8c c:/program files (x86)/atollic/truestudio for stm32 9.0.0/armtools/bin/../lib/gcc/arm-atollic-eabi/6.3.1/../../../../arm-atollic-eabi/lib/armv6-m\libm.a(lib_a-s_round.o)
                0x0800d4b8                round
 .text._sbrk    0x0800d544       0x20 c:/program files (x86)/atollic/truestudio for stm32 9.0.0/armtools/bin/../lib/gcc/arm-atollic-eabi/6.3.1/../../../../arm-atollic-eabi/lib/armv6-m\libnosys.a(sbrk.o)
                0x0800d544                _sbrk
 *(.glue_7)
 .glue_7        0x0800d564        0x0 linker stubs
 *(.glue_7t)
 .glue_7t       0x0800d564        0x0 linker stubs
 *(.eh_frame)
 .eh_frame      0x0800d564        0x0 c:/program files (x86)/atollic/truestudio for stm32 9.0.0/armtools/bin/../lib/gcc/arm-atollic-eabi/6.3.1/armv6-m/crtbegin.o
 *(.init)
 .init          0x0800d564        0x4 c:/program files (x86)/atollic/truestudio for stm32 9.0.0/armtools/bin/../lib/gcc/arm-atollic-eabi/6.3.1/armv6-m/crti.o
                0x0800d564                _init
 .init          0x0800d568        0x8 c:/program files (x86)/atollic/truestudio for stm32 9.0.0/armtools/bin/../lib/gcc/arm-atollic-eabi/6.3.1/armv6-m/crtn.o
 *(.fini)
 .fini          0x0800d570        0x4 c:/program files (x86)/atollic/truestudio for stm32 9.0.0/armtools/bin/../lib/gcc/arm-atollic-eabi/6.3.1/armv6-m/crti.o
                0x0800d570                _fini
 .fini          0x0800d574        0x8 c:/program files (x86)/atollic/truestudio for stm32 9.0.0/armtools/bin/../lib/gcc/arm-atollic-eabi/6.3.1/armv6-m/crtn.o
                0x0800d57c                . = ALIGN (0x4)
                0x0800d57c                _etext = .

.vfp11_veneer   0x0800d57c        0x0
 .vfp11_veneer  0x0800d57c        0x0 linker stubs

.v4_bx          0x0800d57c        0x0
 .v4_bx         0x0800d57c        0x0 linker stubs

.iplt           0x0800d57c        0x0
 .iplt          0x0800d57c        0x0 c:/program files (x86)/atollic/truestudio for stm32 9.0.0/armtools/bin/../lib/gcc/arm-atollic-eabi/6.3.1/armv6-m/crtbegin.o

.rodata         0x0800d580      0x5c8
                0x0800d580                . = ALIGN (0x4)
 *(.rodata)
 .rodata        0x0800d580       0xb6 Src\main.o
 *fill*         0x0800d636        0x2 
 .rodata        0x0800d638       0x40 c:/program files (x86)/atollic/truestudio for stm32 9.0.0/armtools/bin/../lib/gcc/arm-atollic-eabi/6.3.1/armv6-m\libgcc.a(divdf3.o)
 .rodata        0x0800d678       0x40 c:/program files (x86)/atollic/truestudio for stm32 9.0.0/armtools/bin/../lib/gcc/arm-atollic-eabi/6.3.1/armv6-m\libgcc.a(muldf3.o)
 *(.rodata*)
 .rodata.UART_SetConfig
                0x0800d6b8       0x48 Drivers\STM32L0xx_HAL_Driver\Src\stm32l0xx_hal_uart.o
 .rodata.Radio  0x0800d700       0x74 Src\Lora\CMWX1ZZABZ-0xx\mlm32l07x01.o
                0x0800d700                Radio
 .rodata.DaysInMonth
                0x0800d774        0xc Src\Lora\hw_rtc.o
 .rodata.DaysInMonthLeapYear
                0x0800d780        0xc Src\Lora\hw_rtc.o
 .rodata.RadioRegsInit
                0x0800d78c       0x30 Src\Lora\sx1276\sx1276.o
                0x0800d78c                RadioRegsInit
 .rodata.FskBandwidths
                0x0800d7bc       0xb0 Src\Lora\sx1276\sx1276.o
                0x0800d7bc                FskBandwidths
 .rodata.SX1276SetRx
                0x0800d86c       0x24 Src\Lora\sx1276\sx1276.o
 .rodata.PingMsg
                0x0800d890        0x5 Src\main.o
                0x0800d890                PingMsg
 *fill*         0x0800d895        0x3 
 .rodata.PongMsg
                0x0800d898        0x5 Src\main.o
                0x0800d898                PongMsg
 *fill*         0x0800d89d        0x3 
 .rodata.main   0x0800d8a0       0x18 Src\main.o
 .rodata.AHBPrescTable
                0x0800d8b8       0x10 Src\system_stm32l0xx.o
                0x0800d8b8                AHBPrescTable
 .rodata.APBPrescTable
                0x0800d8c8        0x8 Src\system_stm32l0xx.o
                0x0800d8c8                APBPrescTable
 .rodata.PLLMulTable
                0x0800d8d0        0x9 Src\system_stm32l0xx.o
                0x0800d8d0                PLLMulTable
 .rodata._svfprintf_r.str1.1
                0x0800d8d9       0x34 c:/program files (x86)/atollic/truestudio for stm32 9.0.0/armtools/bin/../lib/gcc/arm-atollic-eabi/6.3.1/../../../../arm-atollic-eabi/lib/armv6-m\libc.a(lib_a-svfprintf.o)
 .rodata.blanks.7236
                0x0800d90d       0x10 c:/program files (x86)/atollic/truestudio for stm32 9.0.0/armtools/bin/../lib/gcc/arm-atollic-eabi/6.3.1/../../../../arm-atollic-eabi/lib/armv6-m\libc.a(lib_a-svfprintf.o)
 .rodata.zeroes.7237
                0x0800d91d       0x10 c:/program files (x86)/atollic/truestudio for stm32 9.0.0/armtools/bin/../lib/gcc/arm-atollic-eabi/6.3.1/../../../../arm-atollic-eabi/lib/armv6-m\libc.a(lib_a-svfprintf.o)
 .rodata._dtoa_r.str1.1
                0x0800d92d        0xd c:/program files (x86)/atollic/truestudio for stm32 9.0.0/armtools/bin/../lib/gcc/arm-atollic-eabi/6.3.1/../../../../arm-atollic-eabi/lib/armv6-m\libc.a(lib_a-dtoa.o)
                                  0xf (size before relaxing)
 .rodata._setlocale_r.str1.1
                0x0800d93a        0x8 c:/program files (x86)/atollic/truestudio for stm32 9.0.0/armtools/bin/../lib/gcc/arm-atollic-eabi/6.3.1/../../../../arm-atollic-eabi/lib/armv6-m\libc.a(lib_a-locale.o)
                                  0x9 (size before relaxing)
 .rodata.str1.1
                0x0800d942        0x2 c:/program files (x86)/atollic/truestudio for stm32 9.0.0/armtools/bin/../lib/gcc/arm-atollic-eabi/6.3.1/../../../../arm-atollic-eabi/lib/armv6-m\libc.a(lib_a-locale.o)
 *fill*         0x0800d944        0x4 
 .rodata.__mprec_bigtens
                0x0800d948       0x28 c:/program files (x86)/atollic/truestudio for stm32 9.0.0/armtools/bin/../lib/gcc/arm-atollic-eabi/6.3.1/../../../../arm-atollic-eabi/lib/armv6-m\libc.a(lib_a-mprec.o)
                0x0800d948                __mprec_bigtens
 .rodata.__mprec_tens
                0x0800d970       0xc8 c:/program files (x86)/atollic/truestudio for stm32 9.0.0/armtools/bin/../lib/gcc/arm-atollic-eabi/6.3.1/../../../../arm-atollic-eabi/lib/armv6-m\libc.a(lib_a-mprec.o)
                0x0800d970                __mprec_tens
 .rodata.p05.6073
                0x0800da38        0xc c:/program files (x86)/atollic/truestudio for stm32 9.0.0/armtools/bin/../lib/gcc/arm-atollic-eabi/6.3.1/../../../../arm-atollic-eabi/lib/armv6-m\libc.a(lib_a-mprec.o)
 .rodata._ctype_
                0x0800da44      0x101 c:/program files (x86)/atollic/truestudio for stm32 9.0.0/armtools/bin/../lib/gcc/arm-atollic-eabi/6.3.1/../../../../arm-atollic-eabi/lib/armv6-m\libc.a(lib_a-ctype_.o)
                0x0800da44                _ctype_
                0x0800db48                . = ALIGN (0x4)
 *fill*         0x0800db45        0x3 

.ARM.extab
 *(.ARM.extab* .gnu.linkonce.armextab.*)

.ARM            0x0800db48        0x8
                0x0800db48                __exidx_start = .
 *(.ARM.exidx*)
 .ARM.exidx     0x0800db48        0x8 c:/program files (x86)/atollic/truestudio for stm32 9.0.0/armtools/bin/../lib/gcc/arm-atollic-eabi/6.3.1/armv6-m\libgcc.a(_udivmoddi4.o)
                0x0800db50                __exidx_end = .

.rel.dyn        0x0800db50        0x0
 .rel.iplt      0x0800db50        0x0 c:/program files (x86)/atollic/truestudio for stm32 9.0.0/armtools/bin/../lib/gcc/arm-atollic-eabi/6.3.1/armv6-m/crtbegin.o

.preinit_array  0x0800db50        0x0
                0x0800db50                PROVIDE (__preinit_array_start, .)
 *(.preinit_array*)
                0x0800db50                PROVIDE (__preinit_array_end, .)

.init_array     0x0800db50        0x4
                0x0800db50                PROVIDE (__init_array_start, .)
 *(SORT(.init_array.*))
 *(.init_array*)
 .init_array    0x0800db50        0x4 c:/program files (x86)/atollic/truestudio for stm32 9.0.0/armtools/bin/../lib/gcc/arm-atollic-eabi/6.3.1/armv6-m/crtbegin.o
                0x0800db54                PROVIDE (__init_array_end, .)

.fini_array     0x0800db54        0x4
                [!provide]                PROVIDE (__fini_array_start, .)
 *(SORT(.fini_array.*))
 *(.fini_array*)
 .fini_array    0x0800db54        0x4 c:/program files (x86)/atollic/truestudio for stm32 9.0.0/armtools/bin/../lib/gcc/arm-atollic-eabi/6.3.1/armv6-m/crtbegin.o
                [!provide]                PROVIDE (__fini_array_end, .)
                0x0800db58                _sidata = LOADADDR (.data)

.data           0x20000000      0x6b0 load address 0x0800db58
                0x20000000                . = ALIGN (0x4)
                0x20000000                _sdata = .
 *(.data)
 *(.data*)
 .data.BoardCallbacks
                0x20000000       0x18 Src\Lora\CMWX1ZZABZ-0xx\mlm32l07x01.o
 .data.DioIrq   0x20000018       0x18 Src\Lora\sx1276\sx1276.o
                0x20000018                DioIrq
 .data.State    0x20000030        0x1 Src\main.o
                0x20000030                State
 *fill*         0x20000031        0x1 
 .data.BufferSize
                0x20000032        0x2 Src\main.o
                0x20000032                BufferSize
 .data.LORA_SPREADING_FACTOR
                0x20000034        0x4 Src\main.o
                0x20000034                LORA_SPREADING_FACTOR
 .data.txData.8239
                0x20000038        0x2 Src\main.o
 *fill*         0x2000003a        0x2 
 .data.SystemCoreClock
                0x2000003c        0x4 Src\system_stm32l0xx.o
                0x2000003c                SystemCoreClock
 .data._impure_ptr
                0x20000040        0x4 c:/program files (x86)/atollic/truestudio for stm32 9.0.0/armtools/bin/../lib/gcc/arm-atollic-eabi/6.3.1/../../../../arm-atollic-eabi/lib/armv6-m\libc.a(lib_a-impure.o)
                0x20000040                _impure_ptr
 .data.impure_data
                0x20000044       0xf0 c:/program files (x86)/atollic/truestudio for stm32 9.0.0/armtools/bin/../lib/gcc/arm-atollic-eabi/6.3.1/../../../../arm-atollic-eabi/lib/armv6-m\libc.a(lib_a-impure.o)
 .data.__malloc_av_
                0x20000134      0x408 c:/program files (x86)/atollic/truestudio for stm32 9.0.0/armtools/bin/../lib/gcc/arm-atollic-eabi/6.3.1/../../../../arm-atollic-eabi/lib/armv6-m\libc.a(lib_a-mallocr.o)
                0x20000134                __malloc_av_
 .data.__malloc_sbrk_base
                0x2000053c        0x4 c:/program files (x86)/atollic/truestudio for stm32 9.0.0/armtools/bin/../lib/gcc/arm-atollic-eabi/6.3.1/../../../../arm-atollic-eabi/lib/armv6-m\libc.a(lib_a-mallocr.o)
                0x2000053c                __malloc_sbrk_base
 .data.__malloc_trim_threshold
                0x20000540        0x4 c:/program files (x86)/atollic/truestudio for stm32 9.0.0/armtools/bin/../lib/gcc/arm-atollic-eabi/6.3.1/../../../../arm-atollic-eabi/lib/armv6-m\libc.a(lib_a-mallocr.o)
                0x20000540                __malloc_trim_threshold
 .data.__global_locale
                0x20000544      0x16c c:/program files (x86)/atollic/truestudio for stm32 9.0.0/armtools/bin/../lib/gcc/arm-atollic-eabi/6.3.1/../../../../arm-atollic-eabi/lib/armv6-m\libc.a(lib_a-locale.o)
                0x20000544                __global_locale
                0x200006b0                . = ALIGN (0x4)
                0x200006b0                _edata = .

.igot.plt       0x200006b0        0x0 load address 0x0800e208
 .igot.plt      0x200006b0        0x0 c:/program files (x86)/atollic/truestudio for stm32 9.0.0/armtools/bin/../lib/gcc/arm-atollic-eabi/6.3.1/armv6-m/crtbegin.o
                0x200006b0                . = ALIGN (0x4)

.bss            0x200006b0      0xccc load address 0x0800e208
                0x200006b0                _sbss = .
                0x200006b0                __bss_start__ = _sbss
 *(.bss)
 .bss           0x200006b0       0x1c c:/program files (x86)/atollic/truestudio for stm32 9.0.0/armtools/bin/../lib/gcc/arm-atollic-eabi/6.3.1/armv6-m/crtbegin.o
 *(.bss*)
 .bss.GpioIrq   0x200006cc       0x40 Src\Lora\CMWX1ZZABZ-0xx\mlm32l07x01.o
 .bss.StopModeDisable
                0x2000070c        0x4 Src\Lora\Utilities\low_power_manager.o
 .bss.OffModeDisable
                0x20000710        0x4 Src\Lora\Utilities\low_power_manager.o
 .bss.TimerListHead
                0x20000714        0x4 Src\Lora\Utilities\timeServer.o
 .bss.McuWakeUpTimeCal
                0x20000718        0x2 Src\Lora\hw_rtc.o
 *fill*         0x2000071a        0x2 
 .bss.RtcHandle
                0x2000071c       0x24 Src\Lora\hw_rtc.o
 .bss.RTC_AlarmStructure
                0x20000740       0x28 Src\Lora\hw_rtc.o
 .bss.RtcTimerContext
                0x20000768       0x1c Src\Lora\hw_rtc.o
 .bss.RadioEvents
                0x20000784        0x4 Src\Lora\sx1276\sx1276.o
 .bss.RxTxBuffer
                0x20000788      0x100 Src\Lora\sx1276\sx1276.o
 .bss.LoRaBoardCallbacks
                0x20000888        0x4 Src\Lora\sx1276\sx1276.o
 .bss.RssiValue
                0x2000088c        0x1 Src\main.o
                0x2000088c                RssiValue
 .bss.SnrValue  0x2000088d        0x1 Src\main.o
                0x2000088d                SnrValue
 *fill*         0x2000088e        0x2 
 .bss.timerLed  0x20000890       0x18 Src\main.o
 .bss.buf.8204  0x200008a8      0x100 Src\main.o
 .bss.RadioEvents.8237
                0x200009a8       0x1c Src\main.o
 .bss.rxData.8238
                0x200009c4        0x2 Src\main.o
 *fill*         0x200009c6        0x2 
 .bss.__malloc_current_mallinfo
                0x200009c8       0x28 c:/program files (x86)/atollic/truestudio for stm32 9.0.0/armtools/bin/../lib/gcc/arm-atollic-eabi/6.3.1/../../../../arm-atollic-eabi/lib/armv6-m\libc.a(lib_a-mallocr.o)
                0x200009c8                __malloc_current_mallinfo
 .bss.__malloc_max_sbrked_mem
                0x200009f0        0x4 c:/program files (x86)/atollic/truestudio for stm32 9.0.0/armtools/bin/../lib/gcc/arm-atollic-eabi/6.3.1/../../../../arm-atollic-eabi/lib/armv6-m\libc.a(lib_a-mallocr.o)
                0x200009f0                __malloc_max_sbrked_mem
 .bss.__malloc_max_total_mem
                0x200009f4        0x4 c:/program files (x86)/atollic/truestudio for stm32 9.0.0/armtools/bin/../lib/gcc/arm-atollic-eabi/6.3.1/../../../../arm-atollic-eabi/lib/armv6-m\libc.a(lib_a-mallocr.o)
                0x200009f4                __malloc_max_total_mem
 .bss.__malloc_top_pad
                0x200009f8        0x4 c:/program files (x86)/atollic/truestudio for stm32 9.0.0/armtools/bin/../lib/gcc/arm-atollic-eabi/6.3.1/../../../../arm-atollic-eabi/lib/armv6-m\libc.a(lib_a-mallocr.o)
                0x200009f8                __malloc_top_pad
 .bss.heap_end.4116
                0x200009fc        0x4 c:/program files (x86)/atollic/truestudio for stm32 9.0.0/armtools/bin/../lib/gcc/arm-atollic-eabi/6.3.1/../../../../arm-atollic-eabi/lib/armv6-m\libnosys.a(sbrk.o)
 *(COMMON)
 COMMON         0x20000a00        0x4 Drivers\STM32L0xx_HAL_Driver\Src\stm32l0xx_hal.o
                0x20000a00                uwTick
 COMMON         0x20000a04       0xb0 Src\Lora\sx1276\sx1276.o
                0x20000a04                TxTimeoutTimer
                0x20000a1c                RxTimeoutSyncWord
                0x20000a34                SX1276
                0x20000a9c                RxTimeoutTimer
 COMMON         0x20000ab4      0x8b8 Src\main.o
                0x20000ab4                gpsHandle
                0x20000ab8                hspi2
                0x20000b10                GPS_buffer
                0x20000d10                hdma_usart1_tx
                0x20000d58                hdma_usart1_rx
                0x20000da0                huart1
                0x20000e20                DMA_buffer1
                0x20001020                DMA_buffer2
                0x20001220                hrtc
                0x20001244                Buffer
                0x2000124c                hspi1
                0x200012a4                huart2
                0x20001324                hdma_spi2_tx
 COMMON         0x2000136c        0x9 c:/program files (x86)/atollic/truestudio for stm32 9.0.0/armtools/bin/../lib/gcc/arm-atollic-eabi/6.3.1/../../../../arm-atollic-eabi/lib/armv6-m\libc.a(lib_a-lock.o)
                0x2000136c                __lock___atexit_recursive_mutex
                0x2000136d                __lock___arc4random_mutex
                0x2000136e                __lock___env_recursive_mutex
                0x2000136f                __lock___sinit_recursive_mutex
                0x20001370                __lock___malloc_recursive_mutex
                0x20001371                __lock___at_quick_exit_mutex
                0x20001372                __lock___dd_hash_mutex
                0x20001373                __lock___tz_mutex
                0x20001374                __lock___sfp_recursive_mutex
 *fill*         0x20001375        0x3 
 COMMON         0x20001378        0x4 c:/program files (x86)/atollic/truestudio for stm32 9.0.0/armtools/bin/../lib/gcc/arm-atollic-eabi/6.3.1/../../../../arm-atollic-eabi/lib/armv6-m\libc.a(lib_a-reent.o)
                0x20001378                errno
                0x2000137c                . = ALIGN (0x4)
                0x2000137c                _ebss = .
                0x2000137c                __bss_end__ = _ebss

._user_heap_stack
                0x2000137c     0x1100 load address 0x0800e208
                0x2000137c                . = ALIGN (0x4)
                0x2000137c                PROVIDE (end, .)
                [!provide]                PROVIDE (_end, .)
                0x2000157c                . = (. + _Min_Heap_Size)
 *fill*         0x2000137c      0x200 
                0x2000247c                . = (. + _Min_Stack_Size)
 *fill*         0x2000157c      0xf00 
                0x2000247c                . = ALIGN (0x4)

/DISCARD/
 libc.a(*)
 libm.a(*)
 libgcc.a(*)

.ARM.attributes
                0x00000000       0x28
 *(.ARM.attributes)
 .ARM.attributes
                0x00000000       0x1e c:/program files (x86)/atollic/truestudio for stm32 9.0.0/armtools/bin/../lib/gcc/arm-atollic-eabi/6.3.1/armv6-m/crti.o
 .ARM.attributes
                0x0000001e       0x2c c:/program files (x86)/atollic/truestudio for stm32 9.0.0/armtools/bin/../lib/gcc/arm-atollic-eabi/6.3.1/armv6-m/crtbegin.o
 .ARM.attributes
                0x0000004a       0x32 Drivers\STM32L0xx_HAL_Driver\Src\stm32l0xx_hal.o
 .ARM.attributes
                0x0000007c       0x32 Drivers\STM32L0xx_HAL_Driver\Src\stm32l0xx_hal_cortex.o
 .ARM.attributes
                0x000000ae       0x32 Drivers\STM32L0xx_HAL_Driver\Src\stm32l0xx_hal_dma.o
 .ARM.attributes
                0x000000e0       0x32 Drivers\STM32L0xx_HAL_Driver\Src\stm32l0xx_hal_gpio.o
 .ARM.attributes
                0x00000112       0x32 Drivers\STM32L0xx_HAL_Driver\Src\stm32l0xx_hal_rcc.o
 .ARM.attributes
                0x00000144       0x32 Drivers\STM32L0xx_HAL_Driver\Src\stm32l0xx_hal_rcc_ex.o
 .ARM.attributes
                0x00000176       0x32 Drivers\STM32L0xx_HAL_Driver\Src\stm32l0xx_hal_rtc.o
 .ARM.attributes
                0x000001a8       0x32 Drivers\STM32L0xx_HAL_Driver\Src\stm32l0xx_hal_rtc_ex.o
 .ARM.attributes
                0x000001da       0x32 Drivers\STM32L0xx_HAL_Driver\Src\stm32l0xx_hal_spi.o
 .ARM.attributes
                0x0000020c       0x32 Drivers\STM32L0xx_HAL_Driver\Src\stm32l0xx_hal_uart.o
 .ARM.attributes
                0x0000023e       0x32 Drivers\STM32L0xx_HAL_Driver\Src\stm32l0xx_hal_uart_ex.o
 .ARM.attributes
                0x00000270       0x32 Src\Lora\CMWX1ZZABZ-0xx\mlm32l07x01.o
 .ARM.attributes
                0x000002a2       0x32 Src\Lora\Utilities\low_power_manager.o
 .ARM.attributes
                0x000002d4       0x32 Src\Lora\Utilities\timeServer.o
 .ARM.attributes
                0x00000306       0x32 Src\Lora\Utilities\utilities.o
 .ARM.attributes
                0x00000338       0x32 Src\Lora\hw_rtc.o
 .ARM.attributes
                0x0000036a       0x32 Src\Lora\sx1276\sx1276.o
 .ARM.attributes
                0x0000039c       0x32 Src\main.o
 .ARM.attributes
                0x000003ce       0x32 Src\stm32l0xx_hal_msp.o
 .ARM.attributes
                0x00000400       0x32 Src\stm32l0xx_it.o
 .ARM.attributes
                0x00000432       0x32 Src\system_stm32l0xx.o
 .ARM.attributes
                0x00000464       0x22 startup\startup_stm32l072xx.o
 .ARM.attributes
                0x00000486       0x2c c:/program files (x86)/atollic/truestudio for stm32 9.0.0/armtools/bin/../lib/gcc/arm-atollic-eabi/6.3.1/../../../../arm-atollic-eabi/lib/armv6-m\libc.a(lib_a-callocr.o)
 .ARM.attributes
                0x000004b2       0x2c c:/program files (x86)/atollic/truestudio for stm32 9.0.0/armtools/bin/../lib/gcc/arm-atollic-eabi/6.3.1/../../../../arm-atollic-eabi/lib/armv6-m\libc.a(lib_a-impure.o)
 .ARM.attributes
                0x000004de       0x2c c:/program files (x86)/atollic/truestudio for stm32 9.0.0/armtools/bin/../lib/gcc/arm-atollic-eabi/6.3.1/../../../../arm-atollic-eabi/lib/armv6-m\libc.a(lib_a-init.o)
 .ARM.attributes
                0x0000050a       0x2c c:/program files (x86)/atollic/truestudio for stm32 9.0.0/armtools/bin/../lib/gcc/arm-atollic-eabi/6.3.1/../../../../arm-atollic-eabi/lib/armv6-m\libc.a(lib_a-malloc.o)
 .ARM.attributes
                0x00000536       0x2c c:/program files (x86)/atollic/truestudio for stm32 9.0.0/armtools/bin/../lib/gcc/arm-atollic-eabi/6.3.1/../../../../arm-atollic-eabi/lib/armv6-m\libc.a(lib_a-mallocr.o)
 .ARM.attributes
                0x00000562       0x2c c:/program files (x86)/atollic/truestudio for stm32 9.0.0/armtools/bin/../lib/gcc/arm-atollic-eabi/6.3.1/../../../../arm-atollic-eabi/lib/armv6-m\libc.a(lib_a-memcpy-stub.o)
 .ARM.attributes
                0x0000058e       0x2c c:/program files (x86)/atollic/truestudio for stm32 9.0.0/armtools/bin/../lib/gcc/arm-atollic-eabi/6.3.1/../../../../arm-atollic-eabi/lib/armv6-m\libc.a(lib_a-memset.o)
 .ARM.attributes
                0x000005ba       0x2c c:/program files (x86)/atollic/truestudio for stm32 9.0.0/armtools/bin/../lib/gcc/arm-atollic-eabi/6.3.1/../../../../arm-atollic-eabi/lib/armv6-m\libc.a(lib_a-mlock.o)
 .ARM.attributes
                0x000005e6       0x2c c:/program files (x86)/atollic/truestudio for stm32 9.0.0/armtools/bin/../lib/gcc/arm-atollic-eabi/6.3.1/../../../../arm-atollic-eabi/lib/armv6-m\libc.a(lib_a-sbrkr.o)
 .ARM.attributes
                0x00000612       0x2c c:/program files (x86)/atollic/truestudio for stm32 9.0.0/armtools/bin/../lib/gcc/arm-atollic-eabi/6.3.1/../../../../arm-atollic-eabi/lib/armv6-m\libc.a(lib_a-snprintf.o)
 .ARM.attributes
                0x0000063e       0x1c c:/program files (x86)/atollic/truestudio for stm32 9.0.0/armtools/bin/../lib/gcc/arm-atollic-eabi/6.3.1/../../../../arm-atollic-eabi/lib/armv6-m\libc.a(lib_a-strlen.o)
 .ARM.attributes
                0x0000065a       0x2c c:/program files (x86)/atollic/truestudio for stm32 9.0.0/armtools/bin/../lib/gcc/arm-atollic-eabi/6.3.1/../../../../arm-atollic-eabi/lib/armv6-m\libc.a(lib_a-strncmp.o)
 .ARM.attributes
                0x00000686       0x2c c:/program files (x86)/atollic/truestudio for stm32 9.0.0/armtools/bin/../lib/gcc/arm-atollic-eabi/6.3.1/../../../../arm-atollic-eabi/lib/armv6-m\libc.a(lib_a-svfprintf.o)
 .ARM.attributes
                0x000006b2       0x2c c:/program files (x86)/atollic/truestudio for stm32 9.0.0/armtools/bin/../lib/gcc/arm-atollic-eabi/6.3.1/../../../../arm-atollic-eabi/lib/armv6-m\libc.a(lib_a-vsnprintf.o)
 .ARM.attributes
                0x000006de       0x2c c:/program files (x86)/atollic/truestudio for stm32 9.0.0/armtools/bin/../lib/gcc/arm-atollic-eabi/6.3.1/../../../../arm-atollic-eabi/lib/armv6-m\libc.a(lib_a-dtoa.o)
 .ARM.attributes
                0x0000070a       0x2c c:/program files (x86)/atollic/truestudio for stm32 9.0.0/armtools/bin/../lib/gcc/arm-atollic-eabi/6.3.1/../../../../arm-atollic-eabi/lib/armv6-m\libc.a(lib_a-freer.o)
 .ARM.attributes
                0x00000736       0x2c c:/program files (x86)/atollic/truestudio for stm32 9.0.0/armtools/bin/../lib/gcc/arm-atollic-eabi/6.3.1/../../../../arm-atollic-eabi/lib/armv6-m\libc.a(lib_a-locale.o)
 .ARM.attributes
                0x00000762       0x2c c:/program files (x86)/atollic/truestudio for stm32 9.0.0/armtools/bin/../lib/gcc/arm-atollic-eabi/6.3.1/../../../../arm-atollic-eabi/lib/armv6-m\libc.a(lib_a-localeconv.o)
 .ARM.attributes
                0x0000078e       0x2c c:/program files (x86)/atollic/truestudio for stm32 9.0.0/armtools/bin/../lib/gcc/arm-atollic-eabi/6.3.1/../../../../arm-atollic-eabi/lib/armv6-m\libc.a(lib_a-lock.o)
 .ARM.attributes
                0x000007ba       0x2c c:/program files (x86)/atollic/truestudio for stm32 9.0.0/armtools/bin/../lib/gcc/arm-atollic-eabi/6.3.1/../../../../arm-atollic-eabi/lib/armv6-m\libc.a(lib_a-mbtowc_r.o)
 .ARM.attributes
                0x000007e6       0x2c c:/program files (x86)/atollic/truestudio for stm32 9.0.0/armtools/bin/../lib/gcc/arm-atollic-eabi/6.3.1/../../../../arm-atollic-eabi/lib/armv6-m\libc.a(lib_a-memchr-stub.o)
 .ARM.attributes
                0x00000812       0x2c c:/program files (x86)/atollic/truestudio for stm32 9.0.0/armtools/bin/../lib/gcc/arm-atollic-eabi/6.3.1/../../../../arm-atollic-eabi/lib/armv6-m\libc.a(lib_a-mprec.o)
 .ARM.attributes
                0x0000083e       0x2c c:/program files (x86)/atollic/truestudio for stm32 9.0.0/armtools/bin/../lib/gcc/arm-atollic-eabi/6.3.1/../../../../arm-atollic-eabi/lib/armv6-m\libc.a(lib_a-reent.o)
 .ARM.attributes
                0x0000086a       0x2c c:/program files (x86)/atollic/truestudio for stm32 9.0.0/armtools/bin/../lib/gcc/arm-atollic-eabi/6.3.1/../../../../arm-atollic-eabi/lib/armv6-m\libc.a(lib_a-svfiprintf.o)
 .ARM.attributes
                0x00000896       0x2c c:/program files (x86)/atollic/truestudio for stm32 9.0.0/armtools/bin/../lib/gcc/arm-atollic-eabi/6.3.1/../../../../arm-atollic-eabi/lib/armv6-m\libc.a(lib_a-wctomb_r.o)
 .ARM.attributes
                0x000008c2       0x2c c:/program files (x86)/atollic/truestudio for stm32 9.0.0/armtools/bin/../lib/gcc/arm-atollic-eabi/6.3.1/../../../../arm-atollic-eabi/lib/armv6-m\libc.a(lib_a-ctype_.o)
 .ARM.attributes
                0x000008ee       0x2c c:/program files (x86)/atollic/truestudio for stm32 9.0.0/armtools/bin/../lib/gcc/arm-atollic-eabi/6.3.1/../../../../arm-atollic-eabi/lib/armv6-m\libc.a(lib_a-memmove.o)
 .ARM.attributes
                0x0000091a       0x2c c:/program files (x86)/atollic/truestudio for stm32 9.0.0/armtools/bin/../lib/gcc/arm-atollic-eabi/6.3.1/../../../../arm-atollic-eabi/lib/armv6-m\libc.a(lib_a-reallocr.o)
 .ARM.attributes
                0x00000946       0x2c c:/program files (x86)/atollic/truestudio for stm32 9.0.0/armtools/bin/../lib/gcc/arm-atollic-eabi/6.3.1/../../../../arm-atollic-eabi/lib/armv6-m\libm.a(lib_a-s_ceil.o)
 .ARM.attributes
                0x00000972       0x2c c:/program files (x86)/atollic/truestudio for stm32 9.0.0/armtools/bin/../lib/gcc/arm-atollic-eabi/6.3.1/../../../../arm-atollic-eabi/lib/armv6-m\libm.a(lib_a-s_floor.o)
 .ARM.attributes
                0x0000099e       0x2c c:/program files (x86)/atollic/truestudio for stm32 9.0.0/armtools/bin/../lib/gcc/arm-atollic-eabi/6.3.1/../../../../arm-atollic-eabi/lib/armv6-m\libm.a(lib_a-s_round.o)
 .ARM.attributes
                0x000009ca       0x1e c:/program files (x86)/atollic/truestudio for stm32 9.0.0/armtools/bin/../lib/gcc/arm-atollic-eabi/6.3.1/armv6-m\libgcc.a(_thumb1_case_uqi.o)
 .ARM.attributes
                0x000009e8       0x1e c:/program files (x86)/atollic/truestudio for stm32 9.0.0/armtools/bin/../lib/gcc/arm-atollic-eabi/6.3.1/armv6-m\libgcc.a(_thumb1_case_uhi.o)
 .ARM.attributes
                0x00000a06       0x1e c:/program files (x86)/atollic/truestudio for stm32 9.0.0/armtools/bin/../lib/gcc/arm-atollic-eabi/6.3.1/armv6-m\libgcc.a(_udivsi3.o)
 .ARM.attributes
                0x00000a24       0x1e c:/program files (x86)/atollic/truestudio for stm32 9.0.0/armtools/bin/../lib/gcc/arm-atollic-eabi/6.3.1/armv6-m\libgcc.a(_divsi3.o)
 .ARM.attributes
                0x00000a42       0x1e c:/program files (x86)/atollic/truestudio for stm32 9.0.0/armtools/bin/../lib/gcc/arm-atollic-eabi/6.3.1/armv6-m\libgcc.a(_dvmd_tls.o)
 .ARM.attributes
                0x00000a60       0x1e c:/program files (x86)/atollic/truestudio for stm32 9.0.0/armtools/bin/../lib/gcc/arm-atollic-eabi/6.3.1/armv6-m\libgcc.a(_arm_cmpdf2.o)
 .ARM.attributes
                0x00000a7e       0x1e c:/program files (x86)/atollic/truestudio for stm32 9.0.0/armtools/bin/../lib/gcc/arm-atollic-eabi/6.3.1/armv6-m\libgcc.a(_aeabi_uldivmod.o)
 .ARM.attributes
                0x00000a9c       0x2c c:/program files (x86)/atollic/truestudio for stm32 9.0.0/armtools/bin/../lib/gcc/arm-atollic-eabi/6.3.1/armv6-m\libgcc.a(_fixunsdfsi.o)
 .ARM.attributes
                0x00000ac8       0x2c c:/program files (x86)/atollic/truestudio for stm32 9.0.0/armtools/bin/../lib/gcc/arm-atollic-eabi/6.3.1/armv6-m\libgcc.a(_udivmoddi4.o)
 .ARM.attributes
                0x00000af4       0x2c c:/program files (x86)/atollic/truestudio for stm32 9.0.0/armtools/bin/../lib/gcc/arm-atollic-eabi/6.3.1/armv6-m\libgcc.a(adddf3.o)
 .ARM.attributes
                0x00000b20       0x2c c:/program files (x86)/atollic/truestudio for stm32 9.0.0/armtools/bin/../lib/gcc/arm-atollic-eabi/6.3.1/armv6-m\libgcc.a(divdf3.o)
 .ARM.attributes
                0x00000b4c       0x2c c:/program files (x86)/atollic/truestudio for stm32 9.0.0/armtools/bin/../lib/gcc/arm-atollic-eabi/6.3.1/armv6-m\libgcc.a(eqdf2.o)
 .ARM.attributes
                0x00000b78       0x2c c:/program files (x86)/atollic/truestudio for stm32 9.0.0/armtools/bin/../lib/gcc/arm-atollic-eabi/6.3.1/armv6-m\libgcc.a(gedf2.o)
 .ARM.attributes
                0x00000ba4       0x2c c:/program files (x86)/atollic/truestudio for stm32 9.0.0/armtools/bin/../lib/gcc/arm-atollic-eabi/6.3.1/armv6-m\libgcc.a(ledf2.o)
 .ARM.attributes
                0x00000bd0       0x2c c:/program files (x86)/atollic/truestudio for stm32 9.0.0/armtools/bin/../lib/gcc/arm-atollic-eabi/6.3.1/armv6-m\libgcc.a(muldf3.o)
 .ARM.attributes
                0x00000bfc       0x2c c:/program files (x86)/atollic/truestudio for stm32 9.0.0/armtools/bin/../lib/gcc/arm-atollic-eabi/6.3.1/armv6-m\libgcc.a(subdf3.o)
 .ARM.attributes
                0x00000c28       0x2c c:/program files (x86)/atollic/truestudio for stm32 9.0.0/armtools/bin/../lib/gcc/arm-atollic-eabi/6.3.1/armv6-m\libgcc.a(unorddf2.o)
 .ARM.attributes
                0x00000c54       0x2c c:/program files (x86)/atollic/truestudio for stm32 9.0.0/armtools/bin/../lib/gcc/arm-atollic-eabi/6.3.1/armv6-m\libgcc.a(fixdfsi.o)
 .ARM.attributes
                0x00000c80       0x2c c:/program files (x86)/atollic/truestudio for stm32 9.0.0/armtools/bin/../lib/gcc/arm-atollic-eabi/6.3.1/armv6-m\libgcc.a(floatsidf.o)
 .ARM.attributes
                0x00000cac       0x2c c:/program files (x86)/atollic/truestudio for stm32 9.0.0/armtools/bin/../lib/gcc/arm-atollic-eabi/6.3.1/armv6-m\libgcc.a(floatunsidf.o)
 .ARM.attributes
                0x00000cd8       0x1e c:/program files (x86)/atollic/truestudio for stm32 9.0.0/armtools/bin/../lib/gcc/arm-atollic-eabi/6.3.1/armv6-m\libgcc.a(_clzsi2.o)
 .ARM.attributes
                0x00000cf6       0x1e c:/program files (x86)/atollic/truestudio for stm32 9.0.0/armtools/bin/../lib/gcc/arm-atollic-eabi/6.3.1/armv6-m\libgcc.a(_clzdi2.o)
 .ARM.attributes
                0x00000d14       0x2c c:/program files (x86)/atollic/truestudio for stm32 9.0.0/armtools/bin/../lib/gcc/arm-atollic-eabi/6.3.1/../../../../arm-atollic-eabi/lib/armv6-m\libnosys.a(sbrk.o)
 .ARM.attributes
                0x00000d40       0x1e c:/program files (x86)/atollic/truestudio for stm32 9.0.0/armtools/bin/../lib/gcc/arm-atollic-eabi/6.3.1/armv6-m/crtn.o
OUTPUT(GPS_Demo.elf elf32-littlearm)

.debug_info     0x00000000    0x148e5
 .debug_info    0x00000000      0x7ed Drivers\STM32L0xx_HAL_Driver\Src\stm32l0xx_hal.o
 .debug_info    0x000007ed      0x8e1 Drivers\STM32L0xx_HAL_Driver\Src\stm32l0xx_hal_cortex.o
 .debug_info    0x000010ce      0x77a Drivers\STM32L0xx_HAL_Driver\Src\stm32l0xx_hal_dma.o
 .debug_info    0x00001848      0x6cb Drivers\STM32L0xx_HAL_Driver\Src\stm32l0xx_hal_gpio.o
 .debug_info    0x00001f13      0x9a1 Drivers\STM32L0xx_HAL_Driver\Src\stm32l0xx_hal_rcc.o
 .debug_info    0x000028b4      0x819 Drivers\STM32L0xx_HAL_Driver\Src\stm32l0xx_hal_rcc_ex.o
 .debug_info    0x000030cd      0xaab Drivers\STM32L0xx_HAL_Driver\Src\stm32l0xx_hal_rtc.o
 .debug_info    0x00003b78      0xde9 Drivers\STM32L0xx_HAL_Driver\Src\stm32l0xx_hal_rtc_ex.o
 .debug_info    0x00004961     0x159b Drivers\STM32L0xx_HAL_Driver\Src\stm32l0xx_hal_spi.o
 .debug_info    0x00005efc     0x1522 Drivers\STM32L0xx_HAL_Driver\Src\stm32l0xx_hal_uart.o
 .debug_info    0x0000741e      0x88e Drivers\STM32L0xx_HAL_Driver\Src\stm32l0xx_hal_uart_ex.o
 .debug_info    0x00007cac     0x1687 Src\Lora\CMWX1ZZABZ-0xx\mlm32l07x01.o
 .debug_info    0x00009333      0xcc1 Src\Lora\Utilities\low_power_manager.o
 .debug_info    0x00009ff4      0xf19 Src\Lora\Utilities\timeServer.o
 .debug_info    0x0000af0d      0xa95 Src\Lora\Utilities\utilities.o
 .debug_info    0x0000b9a2     0x1575 Src\Lora\hw_rtc.o
 .debug_info    0x0000cf17     0x238a Src\Lora\sx1276\sx1276.o
 .debug_info    0x0000f2a1     0x2bd1 Src\main.o
 .debug_info    0x00011e72      0xfa1 Src\stm32l0xx_hal_msp.o
 .debug_info    0x00012e13     0x16c7 Src\stm32l0xx_it.o
 .debug_info    0x000144da      0x393 Src\system_stm32l0xx.o
 .debug_info    0x0001486d       0x78 startup\startup_stm32l072xx.o

.debug_abbrev   0x00000000     0x2f4e
 .debug_abbrev  0x00000000      0x214 Drivers\STM32L0xx_HAL_Driver\Src\stm32l0xx_hal.o
 .debug_abbrev  0x00000214      0x25c Drivers\STM32L0xx_HAL_Driver\Src\stm32l0xx_hal_cortex.o
 .debug_abbrev  0x00000470      0x1c7 Drivers\STM32L0xx_HAL_Driver\Src\stm32l0xx_hal_dma.o
 .debug_abbrev  0x00000637      0x1bb Drivers\STM32L0xx_HAL_Driver\Src\stm32l0xx_hal_gpio.o
 .debug_abbrev  0x000007f2      0x215 Drivers\STM32L0xx_HAL_Driver\Src\stm32l0xx_hal_rcc.o
 .debug_abbrev  0x00000a07      0x1e5 Drivers\STM32L0xx_HAL_Driver\Src\stm32l0xx_hal_rcc_ex.o
 .debug_abbrev  0x00000bec      0x1b0 Drivers\STM32L0xx_HAL_Driver\Src\stm32l0xx_hal_rtc.o
 .debug_abbrev  0x00000d9c      0x1db Drivers\STM32L0xx_HAL_Driver\Src\stm32l0xx_hal_rtc_ex.o
 .debug_abbrev  0x00000f77      0x23b Drivers\STM32L0xx_HAL_Driver\Src\stm32l0xx_hal_spi.o
 .debug_abbrev  0x000011b2      0x20f Drivers\STM32L0xx_HAL_Driver\Src\stm32l0xx_hal_uart.o
 .debug_abbrev  0x000013c1      0x1ec Drivers\STM32L0xx_HAL_Driver\Src\stm32l0xx_hal_uart_ex.o
 .debug_abbrev  0x000015ad      0x2e0 Src\Lora\CMWX1ZZABZ-0xx\mlm32l07x01.o
 .debug_abbrev  0x0000188d      0x2bc Src\Lora\Utilities\low_power_manager.o
 .debug_abbrev  0x00001b49      0x371 Src\Lora\Utilities\timeServer.o
 .debug_abbrev  0x00001eba      0x1f2 Src\Lora\Utilities\utilities.o
 .debug_abbrev  0x000020ac      0x35b Src\Lora\hw_rtc.o
 .debug_abbrev  0x00002407      0x34e Src\Lora\sx1276\sx1276.o
 .debug_abbrev  0x00002755      0x332 Src\main.o
 .debug_abbrev  0x00002a87      0x1c8 Src\stm32l0xx_hal_msp.o
 .debug_abbrev  0x00002c4f      0x1df Src\stm32l0xx_it.o
 .debug_abbrev  0x00002e2e      0x10e Src\system_stm32l0xx.o
 .debug_abbrev  0x00002f3c       0x12 startup\startup_stm32l072xx.o

.debug_aranges  0x00000000      0xfd0
 .debug_aranges
                0x00000000       0xf8 Drivers\STM32L0xx_HAL_Driver\Src\stm32l0xx_hal.o
 .debug_aranges
                0x000000f8       0xd8 Drivers\STM32L0xx_HAL_Driver\Src\stm32l0xx_hal_cortex.o
 .debug_aranges
                0x000001d0       0x80 Drivers\STM32L0xx_HAL_Driver\Src\stm32l0xx_hal_dma.o
 .debug_aranges
                0x00000250       0x58 Drivers\STM32L0xx_HAL_Driver\Src\stm32l0xx_hal_gpio.o
 .debug_aranges
                0x000002a8       0x80 Drivers\STM32L0xx_HAL_Driver\Src\stm32l0xx_hal_rcc.o
 .debug_aranges
                0x00000328       0xb0 Drivers\STM32L0xx_HAL_Driver\Src\stm32l0xx_hal_rcc_ex.o
 .debug_aranges
                0x000003d8       0xb8 Drivers\STM32L0xx_HAL_Driver\Src\stm32l0xx_hal_rtc.o
 .debug_aranges
                0x00000490      0x130 Drivers\STM32L0xx_HAL_Driver\Src\stm32l0xx_hal_rtc_ex.o
 .debug_aranges
                0x000005c0      0x1d0 Drivers\STM32L0xx_HAL_Driver\Src\stm32l0xx_hal_spi.o
 .debug_aranges
                0x00000790      0x1f8 Drivers\STM32L0xx_HAL_Driver\Src\stm32l0xx_hal_uart.o
 .debug_aranges
                0x00000988       0x60 Drivers\STM32L0xx_HAL_Driver\Src\stm32l0xx_hal_uart_ex.o
 .debug_aranges
                0x000009e8       0x90 Src\Lora\CMWX1ZZABZ-0xx\mlm32l07x01.o
 .debug_aranges
                0x00000a78       0x68 Src\Lora\Utilities\low_power_manager.o
 .debug_aranges
                0x00000ae0       0x90 Src\Lora\Utilities\timeServer.o
 .debug_aranges
                0x00000b70       0x50 Src\Lora\Utilities\utilities.o
 .debug_aranges
                0x00000bc0       0xc8 Src\Lora\hw_rtc.o
 .debug_aranges
                0x00000c88      0x150 Src\Lora\sx1276\sx1276.o
 .debug_aranges
                0x00000dd8       0xd0 Src\main.o
 .debug_aranges
                0x00000ea8       0x50 Src\stm32l0xx_hal_msp.o
 .debug_aranges
                0x00000ef8       0x88 Src\stm32l0xx_it.o
 .debug_aranges
                0x00000f80       0x28 Src\system_stm32l0xx.o
 .debug_aranges
                0x00000fa8       0x28 startup\startup_stm32l072xx.o

.debug_ranges   0x00000000      0xe90
 .debug_ranges  0x00000000       0xe8 Drivers\STM32L0xx_HAL_Driver\Src\stm32l0xx_hal.o
 .debug_ranges  0x000000e8       0xc8 Drivers\STM32L0xx_HAL_Driver\Src\stm32l0xx_hal_cortex.o
 .debug_ranges  0x000001b0       0x70 Drivers\STM32L0xx_HAL_Driver\Src\stm32l0xx_hal_dma.o
 .debug_ranges  0x00000220       0x48 Drivers\STM32L0xx_HAL_Driver\Src\stm32l0xx_hal_gpio.o
 .debug_ranges  0x00000268       0x70 Drivers\STM32L0xx_HAL_Driver\Src\stm32l0xx_hal_rcc.o
 .debug_ranges  0x000002d8       0xa0 Drivers\STM32L0xx_HAL_Driver\Src\stm32l0xx_hal_rcc_ex.o
 .debug_ranges  0x00000378       0xa8 Drivers\STM32L0xx_HAL_Driver\Src\stm32l0xx_hal_rtc.o
 .debug_ranges  0x00000420      0x120 Drivers\STM32L0xx_HAL_Driver\Src\stm32l0xx_hal_rtc_ex.o
 .debug_ranges  0x00000540      0x1c0 Drivers\STM32L0xx_HAL_Driver\Src\stm32l0xx_hal_spi.o
 .debug_ranges  0x00000700      0x1e8 Drivers\STM32L0xx_HAL_Driver\Src\stm32l0xx_hal_uart.o
 .debug_ranges  0x000008e8       0x50 Drivers\STM32L0xx_HAL_Driver\Src\stm32l0xx_hal_uart_ex.o
 .debug_ranges  0x00000938       0x80 Src\Lora\CMWX1ZZABZ-0xx\mlm32l07x01.o
 .debug_ranges  0x000009b8       0x58 Src\Lora\Utilities\low_power_manager.o
 .debug_ranges  0x00000a10       0x80 Src\Lora\Utilities\timeServer.o
 .debug_ranges  0x00000a90       0x40 Src\Lora\Utilities\utilities.o
 .debug_ranges  0x00000ad0       0xb8 Src\Lora\hw_rtc.o
 .debug_ranges  0x00000b88      0x158 Src\Lora\sx1276\sx1276.o
 .debug_ranges  0x00000ce0       0xc0 Src\main.o
 .debug_ranges  0x00000da0       0x40 Src\stm32l0xx_hal_msp.o
 .debug_ranges  0x00000de0       0x78 Src\stm32l0xx_it.o
 .debug_ranges  0x00000e58       0x18 Src\system_stm32l0xx.o
 .debug_ranges  0x00000e70       0x20 startup\startup_stm32l072xx.o

.debug_line     0x00000000     0x796e
 .debug_line    0x00000000      0x41a Drivers\STM32L0xx_HAL_Driver\Src\stm32l0xx_hal.o
 .debug_line    0x0000041a      0x457 Drivers\STM32L0xx_HAL_Driver\Src\stm32l0xx_hal_cortex.o
 .debug_line    0x00000871      0x404 Drivers\STM32L0xx_HAL_Driver\Src\stm32l0xx_hal_dma.o
 .debug_line    0x00000c75      0x3ac Drivers\STM32L0xx_HAL_Driver\Src\stm32l0xx_hal_gpio.o
 .debug_line    0x00001021      0x4e1 Drivers\STM32L0xx_HAL_Driver\Src\stm32l0xx_hal_rcc.o
 .debug_line    0x00001502      0x537 Drivers\STM32L0xx_HAL_Driver\Src\stm32l0xx_hal_rcc_ex.o
 .debug_line    0x00001a39      0x599 Drivers\STM32L0xx_HAL_Driver\Src\stm32l0xx_hal_rtc.o
 .debug_line    0x00001fd2      0x8bf Drivers\STM32L0xx_HAL_Driver\Src\stm32l0xx_hal_rtc_ex.o
 .debug_line    0x00002891      0xbd7 Drivers\STM32L0xx_HAL_Driver\Src\stm32l0xx_hal_spi.o
 .debug_line    0x00003468      0xcf6 Drivers\STM32L0xx_HAL_Driver\Src\stm32l0xx_hal_uart.o
 .debug_line    0x0000415e      0x390 Drivers\STM32L0xx_HAL_Driver\Src\stm32l0xx_hal_uart_ex.o
 .debug_line    0x000044ee      0x4d6 Src\Lora\CMWX1ZZABZ-0xx\mlm32l07x01.o
 .debug_line    0x000049c4      0x46c Src\Lora\Utilities\low_power_manager.o
 .debug_line    0x00004e30      0x545 Src\Lora\Utilities\timeServer.o
 .debug_line    0x00005375      0x2a9 Src\Lora\Utilities\utilities.o
 .debug_line    0x0000561e      0x64b Src\Lora\hw_rtc.o
 .debug_line    0x00005c69      0xbb0 Src\Lora\sx1276\sx1276.o
 .debug_line    0x00006819      0x7af Src\main.o
 .debug_line    0x00006fc8      0x337 Src\stm32l0xx_hal_msp.o
 .debug_line    0x000072ff      0x3cd Src\stm32l0xx_it.o
 .debug_line    0x000076cc      0x21f Src\system_stm32l0xx.o
 .debug_line    0x000078eb       0x83 startup\startup_stm32l072xx.o

.debug_str      0x00000000     0x4e3f
 .debug_str     0x00000000      0x78a Drivers\STM32L0xx_HAL_Driver\Src\stm32l0xx_hal.o
                                0x7e1 (size before relaxing)
 .debug_str     0x0000078a      0x306 Drivers\STM32L0xx_HAL_Driver\Src\stm32l0xx_hal_cortex.o
                                0x77c (size before relaxing)
 .debug_str     0x00000a90      0x416 Drivers\STM32L0xx_HAL_Driver\Src\stm32l0xx_hal_dma.o
                                0x684 (size before relaxing)
 .debug_str     0x00000ea6      0x1a4 Drivers\STM32L0xx_HAL_Driver\Src\stm32l0xx_hal_gpio.o
                                0x4aa (size before relaxing)
 .debug_str     0x0000104a      0x322 Drivers\STM32L0xx_HAL_Driver\Src\stm32l0xx_hal_rcc.o
                                0x6e4 (size before relaxing)
 .debug_str     0x0000136c      0x43a Drivers\STM32L0xx_HAL_Driver\Src\stm32l0xx_hal_rcc_ex.o
                                0x7a1 (size before relaxing)
 .debug_str     0x000017a6      0x3fd Drivers\STM32L0xx_HAL_Driver\Src\stm32l0xx_hal_rtc.o
                                0x6e1 (size before relaxing)
 .debug_str     0x00001ba3      0x586 Drivers\STM32L0xx_HAL_Driver\Src\stm32l0xx_hal_rtc_ex.o
                                0xa23 (size before relaxing)
 .debug_str     0x00002129      0x6fb Drivers\STM32L0xx_HAL_Driver\Src\stm32l0xx_hal_spi.o
                                0xb5b (size before relaxing)
 .debug_str     0x00002824      0x826 Drivers\STM32L0xx_HAL_Driver\Src\stm32l0xx_hal_uart.o
                                0xdad (size before relaxing)
 .debug_str     0x0000304a      0x19f Drivers\STM32L0xx_HAL_Driver\Src\stm32l0xx_hal_uart_ex.o
                                0x7b2 (size before relaxing)
 .debug_str     0x000031e9      0x914 Src\Lora\CMWX1ZZABZ-0xx\mlm32l07x01.o
                                0xefd (size before relaxing)
 .debug_str     0x00003afd      0x1ea Src\Lora\Utilities\low_power_manager.o
                                0x86b (size before relaxing)
 .debug_str     0x00003ce7      0x1ce Src\Lora\Utilities\timeServer.o
                                0x8d8 (size before relaxing)
 .debug_str     0x00003eb5       0x60 Src\Lora\Utilities\utilities.o
                                0x663 (size before relaxing)
 .debug_str     0x00003f15      0x37d Src\Lora\hw_rtc.o
                                0xf8f (size before relaxing)
 .debug_str     0x00004292      0x4f0 Src\Lora\sx1276\sx1276.o
                               0x14d3 (size before relaxing)
 .debug_str     0x00004782      0x541 Src\main.o
                               0x1d31 (size before relaxing)
 .debug_str     0x00004cc3       0x1b Src\stm32l0xx_hal_msp.o
                                0xc43 (size before relaxing)
 .debug_str     0x00004cde      0x113 Src\stm32l0xx_it.o
                               0x1071 (size before relaxing)
 .debug_str     0x00004df1       0x4e Src\system_stm32l0xx.o
                                0x2fc (size before relaxing)

.comment        0x00000000       0x7c
 .comment       0x00000000       0x7c Drivers\STM32L0xx_HAL_Driver\Src\stm32l0xx_hal.o