rtc-board.c:689:13:RtcCheckCalendarRollOver	0	static
rtc-board.c:703:22:RtcGetCalendar	48	static
rtc-board.c:424:22:RtcComputeTimerTimeToAlarmTick	48	static
rtc-board.c:390:13:RtcStartWakeUpAlarm	152	static
rtc-board.c:632:20:RtcConvertCalendarTickToTimerTime	56	static
rtc-board.c:369:13:RtcComputeWakeUpTime	88	static
rtc-board.c:193:6:RtcInit	56	static
rtc-board.c:238:6:RtcSetTimeout	8	static
rtc-board.c:243:13:RtcGetAdjustedTimeoutValue	0	static
rtc-board.c:269:13:RtcGetTimerValue	8	static
rtc-board.c:274:13:RtcGetElapsedAlarmTime	8	static
rtc-board.c:292:13:RtcComputeFutureEventTime	8	static
rtc-board.c:297:13:RtcComputeElapsedTime	8	static
rtc-board.c:328:6:RtcEnterLowPowerStopMode	8	static
rtc-board.c:350:6:RtcRecoverMcuStatus	8	static
rtc-board.c:319:6:BlockLowPowerDuringTask	8	static
rtc-board.c:533:15:RtcConvertTimerTimeToCalendarTick	48	static
rtc-board.c:717:6:RTC_Alarm_IRQHandler	8	static
