stm32l0xx_hal_flash.c:690:13:FLASH_SetErrorCode	12	static
stm32l0xx_hal_flash.c:273:19:HAL_FLASH_Program_IT	20	static
stm32l0xx_hal_flash.c:428:13:HAL_FLASH_EndOfOperationCallback	0	static
stm32l0xx_hal_flash.c:445:13:HAL_FLASH_OperationErrorCallback	0	static
stm32l0xx_hal_flash.c:304:6:HAL_FLASH_IRQHandler	16	static
stm32l0xx_hal_flash.c:478:19:HAL_FLASH_Unlock	0	static
stm32l0xx_hal_flash.c:523:19:HAL_FLASH_Lock	0	static
stm32l0xx_hal_flash.c:538:19:HAL_FLASH_OB_Unlock	0	static
stm32l0xx_hal_flash.c:566:19:HAL_FLASH_OB_Lock	0	static
stm32l0xx_hal_flash.c:611:10:HAL_FLASH_GetError	0	static
stm32l0xx_hal_flash.c:633:19:FLASH_WaitForLastOperation	16	static
stm32l0xx_hal_flash.c:231:19:HAL_FLASH_Program	16	static
stm32l0xx_hal_flash.c:579:19:HAL_FLASH_OB_Launch	8	static
