stm32l0xx_hal_spi.c:3783:13:SPI_AbortRx_ISR	16	static
stm32l0xx_hal_spi.c:3817:13:SPI_AbortTx_ISR	0	static
stm32l0xx_hal_spi.c:3470:26:SPI_WaitFlagStateUntilTimeout.constprop	24	static
stm32l0xx_hal_spi.c:3520:26:SPI_EndRxTransaction	16	static
stm32l0xx_hal_spi.c:3545:26:SPI_EndRxTxTransaction	8	static
stm32l0xx_hal_spi.c:464:13:HAL_SPI_MspInit	0	static
stm32l0xx_hal_spi.c:318:19:HAL_SPI_Init	16	static
stm32l0xx_hal_spi.c:480:13:HAL_SPI_MspDeInit	0	static
stm32l0xx_hal_spi.c:420:19:HAL_SPI_DeInit	16	static
stm32l0xx_hal_spi.c:751:19:HAL_SPI_Transmit	48	static
stm32l0xx_hal_spi.c:1119:19:HAL_SPI_TransmitReceive	40	static
stm32l0xx_hal_spi.c:921:19:HAL_SPI_Receive	48	static
stm32l0xx_hal_spi.c:1346:19:HAL_SPI_Transmit_IT	20	static
stm32l0xx_hal_spi.c:1535:19:HAL_SPI_TransmitReceive_IT	32	static
stm32l0xx_hal_spi.c:1436:19:HAL_SPI_Receive_IT	24	static
stm32l0xx_hal_spi.c:1631:19:HAL_SPI_Transmit_DMA	16	static
stm32l0xx_hal_spi.c:1848:19:HAL_SPI_TransmitReceive_DMA	32	static
stm32l0xx_hal_spi.c:1736:19:HAL_SPI_Receive_DMA	24	static
stm32l0xx_hal_spi.c:1992:19:HAL_SPI_Abort	24	static
stm32l0xx_hal_spi.c:2330:19:HAL_SPI_DMAPause	0	static
stm32l0xx_hal_spi.c:2350:19:HAL_SPI_DMAResume	0	static
stm32l0xx_hal_spi.c:2370:19:HAL_SPI_DMAStop	16	static
stm32l0xx_hal_spi.c:2516:13:HAL_SPI_TxCpltCallback	0	static
stm32l0xx_hal_spi.c:2532:13:HAL_SPI_RxCpltCallback	0	static
stm32l0xx_hal_spi.c:2548:13:HAL_SPI_TxRxCpltCallback	0	static
stm32l0xx_hal_spi.c:2564:13:HAL_SPI_TxHalfCpltCallback	0	static
stm32l0xx_hal_spi.c:2909:13:SPI_DMAHalfTransmitCplt	8	static
stm32l0xx_hal_spi.c:2580:13:HAL_SPI_RxHalfCpltCallback	0	static
stm32l0xx_hal_spi.c:2927:13:SPI_DMAHalfReceiveCplt	8	static
stm32l0xx_hal_spi.c:2596:13:HAL_SPI_TxRxHalfCpltCallback	0	static
stm32l0xx_hal_spi.c:2945:13:SPI_DMAHalfTransmitReceiveCplt	8	static
stm32l0xx_hal_spi.c:2612:13:HAL_SPI_ErrorCallback	0	static
stm32l0xx_hal_spi.c:3721:13:SPI_CloseTx_ISR	16	static
stm32l0xx_hal_spi.c:3415:13:SPI_TxISR_8BIT	8	static
stm32l0xx_hal_spi.c:3440:13:SPI_TxISR_16BIT	8	static
stm32l0xx_hal_spi.c:3658:13:SPI_CloseRx_ISR	16	static
stm32l0xx_hal_spi.c:3330:13:SPI_RxISR_8BIT	8	static
stm32l0xx_hal_spi.c:3382:13:SPI_RxISR_16BIT	8	static
stm32l0xx_hal_spi.c:3562:13:SPI_CloseRxTx_ISR	16	static
stm32l0xx_hal_spi.c:3189:13:SPI_2linesTxISR_8BIT	8	static
stm32l0xx_hal_spi.c:3133:13:SPI_2linesRxISR_8BIT	8	static
stm32l0xx_hal_spi.c:3277:13:SPI_2linesTxISR_16BIT	8	static
stm32l0xx_hal_spi.c:3225:13:SPI_2linesRxISR_16BIT	8	static
stm32l0xx_hal_spi.c:2963:13:SPI_DMAError	8	static
stm32l0xx_hal_spi.c:2702:13:SPI_DMATransmitCplt	24	static
stm32l0xx_hal_spi.c:2759:13:SPI_DMAReceiveCplt	16	static
stm32l0xx_hal_spi.c:2834:13:SPI_DMATransmitReceiveCplt	16	static
stm32l0xx_hal_spi.c:2410:6:HAL_SPI_IRQHandler	32	static
stm32l0xx_hal_spi.c:2986:13:SPI_DMAAbortOnError	8	static
stm32l0xx_hal_spi.c:2630:13:HAL_SPI_AbortCpltCallback	0	static
stm32l0xx_hal_spi.c:2134:19:HAL_SPI_Abort_IT	32	static
stm32l0xx_hal_spi.c:3074:13:SPI_DMARxAbortCallback	24	static
stm32l0xx_hal_spi.c:3008:13:SPI_DMATxAbortCallback	24	static
stm32l0xx_hal_spi.c:2665:22:HAL_SPI_GetState	0	static
stm32l0xx_hal_spi.c:2677:10:HAL_SPI_GetError	0	static
