stm32l0xx_hal_rcc.c:224:19:HAL_RCC_DeInit	32	static
stm32l0xx_hal_rcc.c:1097:6:HAL_RCC_MCOConfig	56	static
stm32l0xx_hal_rcc.c:1155:6:HAL_RCC_EnableCSS	0	static
stm32l0xx_hal_rcc.c:1191:10:HAL_RCC_GetSysClockFreq	8	static
stm32l0xx_hal_rcc.c:339:19:HAL_RCC_OscConfig	48	static
stm32l0xx_hal_rcc.c:851:19:HAL_RCC_ClockConfig	32	static
stm32l0xx_hal_rcc.c:1261:10:HAL_RCC_GetHCLKFreq	0	static
stm32l0xx_hal_rcc.c:1272:10:HAL_RCC_GetPCLK1Freq	0	static
stm32l0xx_hal_rcc.c:1284:10:HAL_RCC_GetPCLK2Freq	0	static
stm32l0xx_hal_rcc.c:1297:6:HAL_RCC_GetOscConfig	0	static
stm32l0xx_hal_rcc.c:1400:6:HAL_RCC_GetClockConfig	12	static
stm32l0xx_hal_rcc.c:1448:13:HAL_RCC_CSSCallback	0	static
stm32l0xx_hal_rcc.c:1431:6:HAL_RCC_NMI_IRQHandler	16	static
