stm32h7xx_hal_pcd.c:1287:26:PCD_WriteEmptyTxFifo	40	static
stm32h7xx_hal_pcd.c:248:13:HAL_PCD_MspInit	0	static
stm32h7xx_hal_pcd.c:139:19:HAL_PCD_Init	64	static
stm32h7xx_hal_pcd.c:263:13:HAL_PCD_MspDeInit	0	static
stm32h7xx_hal_pcd.c:297:19:HAL_PCD_Start	8	static
stm32h7xx_hal_pcd.c:311:19:HAL_PCD_Stop	8	static
stm32h7xx_hal_pcd.c:222:19:HAL_PCD_DeInit	8	static
stm32h7xx_hal_pcd.c:734:14:HAL_PCD_DataOutStageCallback	0	static
stm32h7xx_hal_pcd.c:751:14:HAL_PCD_DataInStageCallback	0	static
stm32h7xx_hal_pcd.c:766:14:HAL_PCD_SetupStageCallback	0	static
stm32h7xx_hal_pcd.c:781:14:HAL_PCD_SOFCallback	0	static
stm32h7xx_hal_pcd.c:796:14:HAL_PCD_ResetCallback	0	static
stm32h7xx_hal_pcd.c:812:14:HAL_PCD_SuspendCallback	0	static
stm32h7xx_hal_pcd.c:827:14:HAL_PCD_ResumeCallback	0	static
stm32h7xx_hal_pcd.c:843:14:HAL_PCD_ISOOUTIncompleteCallback	0	static
stm32h7xx_hal_pcd.c:860:14:HAL_PCD_ISOINIncompleteCallback	0	static
stm32h7xx_hal_pcd.c:876:14:HAL_PCD_ConnectCallback	0	static
stm32h7xx_hal_pcd.c:891:14:HAL_PCD_DisconnectCallback	0	static
stm32h7xx_hal_pcd.c:326:6:HAL_PCD_IRQHandler	32	static
stm32h7xx_hal_pcd.c:925:19:HAL_PCD_DevConnect	8	static
stm32h7xx_hal_pcd.c:938:19:HAL_PCD_DevDisconnect	8	static
stm32h7xx_hal_pcd.c:952:19:HAL_PCD_SetAddress	8	static
stm32h7xx_hal_pcd.c:968:19:HAL_PCD_EP_Open	16	static
stm32h7xx_hal_pcd.c:1010:19:HAL_PCD_EP_Close	8	static
stm32h7xx_hal_pcd.c:1041:19:HAL_PCD_EP_Receive	16	static
stm32h7xx_hal_pcd.c:1077:10:HAL_PCD_EP_GetRxCount	0	static
stm32h7xx_hal_pcd.c:1090:19:HAL_PCD_EP_Transmit	16	static
stm32h7xx_hal_pcd.c:1126:19:HAL_PCD_EP_SetStall	16	static
stm32h7xx_hal_pcd.c:1161:19:HAL_PCD_EP_ClrStall	8	static
stm32h7xx_hal_pcd.c:1191:19:HAL_PCD_EP_Flush	8	static
stm32h7xx_hal_pcd.c:1214:19:HAL_PCD_ActivateRemoteWakeup	0	static
stm32h7xx_hal_pcd.c:1231:19:HAL_PCD_DeActivateRemoteWakeup	0	static
stm32h7xx_hal_pcd.c:1263:18:HAL_PCD_GetState	0	static
