stm32h7xx_hal_flash_ex.c:581:13:FLASH_MassErase	0	static
stm32h7xx_hal_flash_ex.c:805:13:FLASH_OB_GetWRP	0	static
stm32h7xx_hal_flash_ex.c:882:17:FLASH_OB_GetRDP	0	static
stm32h7xx_hal_flash_ex.c:1011:17:FLASH_OB_GetUser	0	static
stm32h7xx_hal_flash_ex.c:1186:17:FLASH_OB_GetBOR	0	static
stm32h7xx_hal_flash_ex.c:1246:13:FLASH_OB_GetBootAdd	0	static
stm32h7xx_hal_flash_ex.c:680:26:FLASH_OB_EnableWRP	24	static
stm32h7xx_hal_flash_ex.c:742:26:FLASH_OB_DisableWRP	24	static
stm32h7xx_hal_flash_ex.c:850:26:FLASH_OB_RDPConfig	16	static
stm32h7xx_hal_flash_ex.c:1155:26:FLASH_OB_BOR_LevelConfig	16	static
stm32h7xx_hal_flash_ex.c:1201:26:FLASH_OB_BootAddConfig	24	static
stm32h7xx_hal_flash_ex.c:906:26:FLASH_OB_UserConfig	16	static
stm32h7xx_hal_flash_ex.c:1045:26:FLASH_OB_PCROPConfig	24	static
stm32h7xx_hal_flash_ex.c:1267:26:FLASH_OB_SecureAreaConfig	24	static
stm32h7xx_hal_flash_ex.c:1118:13:FLASH_OB_GetPCROP	8	static
stm32h7xx_hal_flash_ex.c:1331:13:FLASH_OB_GetSecureArea	8	static
stm32h7xx_hal_flash_ex.c:344:19:HAL_FLASHEx_OBProgram	8	static
stm32h7xx_hal_flash_ex.c:472:6:HAL_FLASHEx_OBGetConfig	8	static
stm32h7xx_hal_flash_ex.c:506:19:HAL_FLASHEx_Unlock_Bank1	0	static
stm32h7xx_hal_flash_ex.c:526:19:HAL_FLASHEx_Lock_Bank1	0	static
stm32h7xx_hal_flash_ex.c:537:19:HAL_FLASHEx_Unlock_Bank2	0	static
stm32h7xx_hal_flash_ex.c:557:19:HAL_FLASHEx_Lock_Bank2	0	static
stm32h7xx_hal_flash_ex.c:639:6:FLASH_Erase_Sector	8	static
stm32h7xx_hal_flash_ex.c:160:19:HAL_FLASHEx_Erase	24	static
stm32h7xx_hal_flash_ex.c:260:19:HAL_FLASHEx_Erase_IT	8	static
