core_cm0plus.h:745:22:NVIC_EnableIRQ	16	static
core_cm0plus.h:756:22:NVIC_DisableIRQ	16	static
core_cm0plus.h:769:26:NVIC_GetPendingIRQ	16	static
core_cm0plus.h:780:22:NVIC_SetPendingIRQ	16	static
core_cm0plus.h:791:22:NVIC_ClearPendingIRQ	16	static
core_cm0plus.h:804:22:NVIC_SetPriority	24	static
core_cm0plus.h:828:26:NVIC_GetPriority	16	static
core_cm0plus.h:846:22:NVIC_SystemReset	8	static
core_cm0plus.h:885:26:SysTick_Config	16	static
stm32l0xx_hal_cortex.c:149:6:HAL_NVIC_SetPriority	24	static
stm32l0xx_hal_cortex.c:165:6:HAL_NVIC_EnableIRQ	16	static
stm32l0xx_hal_cortex.c:181:6:HAL_NVIC_DisableIRQ	16	static
stm32l0xx_hal_cortex.c:194:6:HAL_NVIC_SystemReset	8	static
stm32l0xx_hal_cortex.c:207:10:HAL_SYSTICK_Config	16	static
stm32l0xx_hal_cortex.c:239:10:HAL_NVIC_GetPriority	16	static
stm32l0xx_hal_cortex.c:252:6:HAL_NVIC_SetPendingIRQ	16	static
stm32l0xx_hal_cortex.c:267:10:HAL_NVIC_GetPendingIRQ	16	static
stm32l0xx_hal_cortex.c:280:6:HAL_NVIC_ClearPendingIRQ	16	static
stm32l0xx_hal_cortex.c:295:6:HAL_SYSTICK_CLKSourceConfig	16	static
stm32l0xx_hal_cortex.c:313:6:HAL_SYSTICK_IRQHandler	8	static
stm32l0xx_hal_cortex.c:322:13:HAL_SYSTICK_Callback	8	static
stm32l0xx_hal_cortex.c:336:6:HAL_MPU_ConfigRegion	16	static
