stm32l0xx_hal_flash_ramfunc.c:131:12:HAL_FLASHEx_EnableRunPowerDown	8	static
stm32l0xx_hal_flash_ramfunc.c:144:12:HAL_FLASHEx_DisableRunPowerDown	8	static
stm32l0xx_hal_flash_ramfunc.c:181:12:HAL_FLASHEx_EraseParallelPage	32	static
stm32l0xx_hal_flash_ramfunc.c:240:12:HAL_FLASHEx_ProgramParallelHalfPage	40	static
stm32l0xx_hal_flash_ramfunc.c:321:12:HAL_FLASHEx_HalfPageProgram	32	static
stm32l0xx_hal_flash_ramfunc.c:392:12:HAL_FLASHEx_GetError	16	static
stm32l0xx_hal_flash_ramfunc.c:474:20:FLASHRAM_WaitForLastOperation	16	static
stm32l0xx_hal_flash_ramfunc.c:414:19:FLASHRAM_SetErrorCode	16	static
