stm32l0xx_hal.c:165:19:HAL_Init	8	static
stm32l0xx_hal.c:197:19:HAL_DeInit	8	static
stm32l0xx_hal.c:223:13:HAL_MspInit	8	static
stm32l0xx_hal.c:234:13:HAL_MspDeInit	8	static
stm32l0xx_hal.c:258:26:HAL_InitTick	16	static
stm32l0xx_hal.c:305:13:HAL_IncTick	8	static
stm32l0xx_hal.c:316:17:HAL_GetTick	8	static
stm32l0xx_hal.c:331:13:HAL_Delay	24	static
stm32l0xx_hal.c:350:13:HAL_SuspendTick	8	static
stm32l0xx_hal.c:366:13:HAL_ResumeTick	8	static
stm32l0xx_hal.c:376:10:HAL_GetHalVersion	8	static
stm32l0xx_hal.c:385:10:HAL_GetREVID	8	static
stm32l0xx_hal.c:394:10:HAL_GetDEVID	8	static
stm32l0xx_hal.c:403:6:HAL_DBGMCU_EnableDBGSleepMode	8	static
stm32l0xx_hal.c:412:6:HAL_DBGMCU_DisableDBGSleepMode	8	static
stm32l0xx_hal.c:421:6:HAL_DBGMCU_EnableDBGStopMode	8	static
stm32l0xx_hal.c:430:6:HAL_DBGMCU_DisableDBGStopMode	8	static
stm32l0xx_hal.c:439:6:HAL_DBGMCU_EnableDBGStandbyMode	8	static
stm32l0xx_hal.c:448:6:HAL_DBGMCU_DisableDBGStandbyMode	8	static
stm32l0xx_hal.c:462:6:HAL_DBGMCU_DBG_EnableLowPowerConfig	16	static
stm32l0xx_hal.c:479:6:HAL_DBGMCU_DBG_DisableLowPowerConfig	16	static
stm32l0xx_hal.c:496:11:HAL_SYSCFG_GetBootMode	8	static
stm32l0xx_hal.c:513:6:HAL_SYSCFG_VREFINT_OutputSelect	16	static
stm32l0xx_hal.c:527:6:HAL_SYSCFG_Enable_Lock_VREFINT	8	static
stm32l0xx_hal.c:537:6:HAL_SYSCFG_Disable_Lock_VREFINT	8	static
