stm32l0xx_hal_flash_ex.c:187:19:HAL_FLASHEx_Erase	32	static
stm32l0xx_hal_flash_ex.c:251:19:HAL_FLASHEx_Erase_IT	32	static
stm32l0xx_hal_flash_ex.c:343:19:HAL_FLASHEx_OBProgram	32	static
stm32l0xx_hal_flash_ex.c:426:6:HAL_FLASHEx_OBGetConfig	16	static
stm32l0xx_hal_flash_ex.c:459:19:HAL_FLASHEx_AdvOBProgram	32	static
stm32l0xx_hal_flash_ex.c:502:6:HAL_FLASHEx_AdvOBGetConfig	16	static
stm32l0xx_hal_flash_ex.c:542:19:HAL_FLASHEx_OB_SelectPCROP	32	static
stm32l0xx_hal_flash_ex.c:584:19:HAL_FLASHEx_OB_DeSelectPCROP	32	static
stm32l0xx_hal_flash_ex.c:650:19:HAL_FLASHEx_DATAEEPROM_Unlock	8	static
stm32l0xx_hal_flash_ex.c:669:19:HAL_FLASHEx_DATAEEPROM_Lock	8	static
stm32l0xx_hal_flash_ex.c:687:19:HAL_FLASHEx_DATAEEPROM_Erase	32	static
stm32l0xx_hal_flash_ex.c:729:21:HAL_FLASHEx_DATAEEPROM_Program	40	static
stm32l0xx_hal_flash_ex.c:785:6:HAL_FLASHEx_DATAEEPROM_EnableFixedTimeProgram	8	static
stm32l0xx_hal_flash_ex.c:794:6:HAL_FLASHEx_DATAEEPROM_DisableFixedTimeProgram	8	static
stm32l0xx_hal_flash_ex.c:830:26:FLASH_OB_RDPConfig	40	static
stm32l0xx_hal_flash_ex.c:881:26:FLASH_OB_BORConfig	40	static
stm32l0xx_hal_flash_ex.c:923:27:FLASH_OB_BOOTBit1Config	40	static
stm32l0xx_hal_flash_ex.c:958:16:FLASH_OB_GetUser	8	static
stm32l0xx_hal_flash_ex.c:972:16:FLASH_OB_GetRDP	8	static
stm32l0xx_hal_flash_ex.c:981:16:FLASH_OB_GetBOR	8	static
stm32l0xx_hal_flash_ex.c:991:16:FLASH_OB_GetBOOTBit1	8	static
stm32l0xx_hal_flash_ex.c:1002:17:FLASH_OB_GetWRP	8	static
stm32l0xx_hal_flash_ex.c:1013:17:FLASH_OB_GetWRP2	8	static
stm32l0xx_hal_flash_ex.c:1031:26:FLASH_OB_ProtectedSectorsConfig	48	static
stm32l0xx_hal_flash_ex.c:1136:26:FLASH_OB_UserConfig	40	static
stm32l0xx_hal_flash_ex.c:1182:26:FLASH_OB_BootConfig	40	static
stm32l0xx_hal_flash_ex.c:1242:6:FLASH_PageErase	16	static
