N5110_lcd.c:155:13:AT_N5110LCD_write_buffer	16	static
N5110_lcd.c:162:13:AT_N5110LCD_write_buffer_dma	8	static
N5110_lcd.c:167:13:AT_N5110LCD_set_reset	8	static
N5110_lcd.c:172:13:AT_N5110LCD_clear_reset	8	static
N5110_lcd.c:177:13:AT_N5110LCD_reset_duration	16	static
N5110_lcd.c:189:13:AT_N5110LCD_send_data	24	static
N5110_lcd.c:195:13:AT_N5110LCD_send_command	24	static
N5110_lcd.c:201:13:AT_N5110LCD_clear	16	static
N5110_lcd.c:47:13:AT_N5110LCD_init_hw	8	static
N5110_lcd.c:26:22:AT_N5110LCD_open	8	static
N5110_lcd.c:37:6:AT_N5110LCD_init	8	static
N5110_lcd.c:58:6:AT_N5110LCD_update_display	8	static
N5110_lcd.c:67:14:AT_N5110LCD_get_pixel	8	static
N5110_lcd.c:78:14:AT_N5110LCD_set_pixel	4	static
N5110_lcd.c:89:14:AT_N5110LCD_clear_pixel	4	static
N5110_lcd.c:100:14:AT_N5110LCD_draw_pixel	8	static
N5110_lcd.c:114:14:AT_N5110LCD_print_char	48	static
N5110_lcd.c:138:14:AT_N5110LCD_print_string	40	static
