Archive member included to satisfy reference by file (symbol)

/opt/Atollic_TrueSTUDIO_for_STM32_x86_64_9.3.0/ARMTools/bin/../lib/gcc/arm-atollic-eabi/6.3.1/../../../../arm-atollic-eabi/lib/armv6-m/libc.a(lib_a-calloc.o)
                              Src/gps.o (calloc)
/opt/Atollic_TrueSTUDIO_for_STM32_x86_64_9.3.0/ARMTools/bin/../lib/gcc/arm-atollic-eabi/6.3.1/../../../../arm-atollic-eabi/lib/armv6-m/libc.a(lib_a-callocr.o)
                              /opt/Atollic_TrueSTUDIO_for_STM32_x86_64_9.3.0/ARMTools/bin/../lib/gcc/arm-atollic-eabi/6.3.1/../../../../arm-atollic-eabi/lib/armv6-m/libc.a(lib_a-calloc.o) (_calloc_r)
/opt/Atollic_TrueSTUDIO_for_STM32_x86_64_9.3.0/ARMTools/bin/../lib/gcc/arm-atollic-eabi/6.3.1/../../../../arm-atollic-eabi/lib/armv6-m/libc.a(lib_a-impure.o)
                              /opt/Atollic_TrueSTUDIO_for_STM32_x86_64_9.3.0/ARMTools/bin/../lib/gcc/arm-atollic-eabi/6.3.1/../../../../arm-atollic-eabi/lib/armv6-m/libc.a(lib_a-calloc.o) (_impure_ptr)
/opt/Atollic_TrueSTUDIO_for_STM32_x86_64_9.3.0/ARMTools/bin/../lib/gcc/arm-atollic-eabi/6.3.1/../../../../arm-atollic-eabi/lib/armv6-m/libc.a(lib_a-init.o)
                              startup/startup_stm32l072xx.o (__libc_init_array)
/opt/Atollic_TrueSTUDIO_for_STM32_x86_64_9.3.0/ARMTools/bin/../lib/gcc/arm-atollic-eabi/6.3.1/../../../../arm-atollic-eabi/lib/armv6-m/libc.a(lib_a-malloc.o)
                              Src/N5110_LCD/N5110_lcd.o (malloc)
/opt/Atollic_TrueSTUDIO_for_STM32_x86_64_9.3.0/ARMTools/bin/../lib/gcc/arm-atollic-eabi/6.3.1/../../../../arm-atollic-eabi/lib/armv6-m/libc.a(lib_a-mallocr.o)
                              /opt/Atollic_TrueSTUDIO_for_STM32_x86_64_9.3.0/ARMTools/bin/../lib/gcc/arm-atollic-eabi/6.3.1/../../../../arm-atollic-eabi/lib/armv6-m/libc.a(lib_a-callocr.o) (_malloc_r)
/opt/Atollic_TrueSTUDIO_for_STM32_x86_64_9.3.0/ARMTools/bin/../lib/gcc/arm-atollic-eabi/6.3.1/../../../../arm-atollic-eabi/lib/armv6-m/libc.a(lib_a-memcpy-stub.o)
                              Src/gps.o (memcpy)
/opt/Atollic_TrueSTUDIO_for_STM32_x86_64_9.3.0/ARMTools/bin/../lib/gcc/arm-atollic-eabi/6.3.1/../../../../arm-atollic-eabi/lib/armv6-m/libc.a(lib_a-memset.o)
                              Drivers/STM32L0xx_HAL_Driver/Src/stm32l0xx_hal_rcc.o (memset)
/opt/Atollic_TrueSTUDIO_for_STM32_x86_64_9.3.0/ARMTools/bin/../lib/gcc/arm-atollic-eabi/6.3.1/../../../../arm-atollic-eabi/lib/armv6-m/libc.a(lib_a-mlock.o)
                              /opt/Atollic_TrueSTUDIO_for_STM32_x86_64_9.3.0/ARMTools/bin/../lib/gcc/arm-atollic-eabi/6.3.1/../../../../arm-atollic-eabi/lib/armv6-m/libc.a(lib_a-mallocr.o) (__malloc_lock)
/opt/Atollic_TrueSTUDIO_for_STM32_x86_64_9.3.0/ARMTools/bin/../lib/gcc/arm-atollic-eabi/6.3.1/../../../../arm-atollic-eabi/lib/armv6-m/libc.a(lib_a-sbrkr.o)
                              /opt/Atollic_TrueSTUDIO_for_STM32_x86_64_9.3.0/ARMTools/bin/../lib/gcc/arm-atollic-eabi/6.3.1/../../../../arm-atollic-eabi/lib/armv6-m/libc.a(lib_a-mallocr.o) (_sbrk_r)
/opt/Atollic_TrueSTUDIO_for_STM32_x86_64_9.3.0/ARMTools/bin/../lib/gcc/arm-atollic-eabi/6.3.1/../../../../arm-atollic-eabi/lib/armv6-m/libc.a(lib_a-strchr.o)
                              Src/gps.o (strchr)
/opt/Atollic_TrueSTUDIO_for_STM32_x86_64_9.3.0/ARMTools/bin/../lib/gcc/arm-atollic-eabi/6.3.1/../../../../arm-atollic-eabi/lib/armv6-m/libc.a(lib_a-strlen.o)
                              Src/N5110_LCD/N5110_lcd.o (strlen)
/opt/Atollic_TrueSTUDIO_for_STM32_x86_64_9.3.0/ARMTools/bin/../lib/gcc/arm-atollic-eabi/6.3.1/../../../../arm-atollic-eabi/lib/armv6-m/libc.a(lib_a-strstr.o)
                              Src/gps.o (strstr)
/opt/Atollic_TrueSTUDIO_for_STM32_x86_64_9.3.0/ARMTools/bin/../lib/gcc/arm-atollic-eabi/6.3.1/../../../../arm-atollic-eabi/lib/armv6-m/libc.a(lib_a-strtod.o)
                              Src/gps.o (strtof)
/opt/Atollic_TrueSTUDIO_for_STM32_x86_64_9.3.0/ARMTools/bin/../lib/gcc/arm-atollic-eabi/6.3.1/../../../../arm-atollic-eabi/lib/armv6-m/libc.a(lib_a-strtok.o)
                              Src/gps.o (strtok)
/opt/Atollic_TrueSTUDIO_for_STM32_x86_64_9.3.0/ARMTools/bin/../lib/gcc/arm-atollic-eabi/6.3.1/../../../../arm-atollic-eabi/lib/armv6-m/libc.a(lib_a-strtok_r.o)
                              /opt/Atollic_TrueSTUDIO_for_STM32_x86_64_9.3.0/ARMTools/bin/../lib/gcc/arm-atollic-eabi/6.3.1/../../../../arm-atollic-eabi/lib/armv6-m/libc.a(lib_a-strtok.o) (__strtok_r)
/opt/Atollic_TrueSTUDIO_for_STM32_x86_64_9.3.0/ARMTools/bin/../lib/gcc/arm-atollic-eabi/6.3.1/../../../../arm-atollic-eabi/lib/armv6-m/libc.a(lib_a-strtol.o)
                              Src/gps.o (strtol)
/opt/Atollic_TrueSTUDIO_for_STM32_x86_64_9.3.0/ARMTools/bin/../lib/gcc/arm-atollic-eabi/6.3.1/../../../../arm-atollic-eabi/lib/armv6-m/libc.a(lib_a-freer.o)
                              /opt/Atollic_TrueSTUDIO_for_STM32_x86_64_9.3.0/ARMTools/bin/../lib/gcc/arm-atollic-eabi/6.3.1/../../../../arm-atollic-eabi/lib/armv6-m/libc.a(lib_a-malloc.o) (_free_r)
[...]
Memory Configuration

Name             Origin             Length             Attributes
RAM              0x0000000020000000 0x0000000000005000 xrw
FLASH            0x0000000008000000 0x0000000000030000 xr
*default*        0x0000000000000000 0xffffffffffffffff

Linker script and memory map

LOAD /opt/Atollic_TrueSTUDIO_for_STM32_x86_64_9.3.0/ARMTools/bin/../lib/gcc/arm-atollic-eabi/6.3.1/armv6-m/crti.o
LOAD /opt/Atollic_TrueSTUDIO_for_STM32_x86_64_9.3.0/ARMTools/bin/../lib/gcc/arm-atollic-eabi/6.3.1/armv6-m/crtbegin.o
LOAD Drivers/STM32L0xx_HAL_Driver/Src/stm32l0xx_hal.o
LOAD Drivers/STM32L0xx_HAL_Driver/Src/stm32l0xx_hal_cortex.o
LOAD Drivers/STM32L0xx_HAL_Driver/Src/stm32l0xx_hal_dma.o
LOAD Drivers/STM32L0xx_HAL_Driver/Src/stm32l0xx_hal_flash.o
LOAD Drivers/STM32L0xx_HAL_Driver/Src/stm32l0xx_hal_flash_ex.o
LOAD Drivers/STM32L0xx_HAL_Driver/Src/stm32l0xx_hal_flash_ramfunc.o
LOAD Drivers/STM32L0xx_HAL_Driver/Src/stm32l0xx_hal_gpio.o
LOAD Drivers/STM32L0xx_HAL_Driver/Src/stm32l0xx_hal_i2c.o
LOAD Drivers/STM32L0xx_HAL_Driver/Src/stm32l0xx_hal_i2c_ex.o
LOAD Drivers/STM32L0xx_HAL_Driver/Src/stm32l0xx_hal_pwr.o
LOAD Drivers/STM32L0xx_HAL_Driver/Src/stm32l0xx_hal_pwr_ex.o
LOAD Drivers/STM32L0xx_HAL_Driver/Src/stm32l0xx_hal_rcc.o
LOAD Drivers/STM32L0xx_HAL_Driver/Src/stm32l0xx_hal_rcc_ex.o
LOAD Drivers/STM32L0xx_HAL_Driver/Src/stm32l0xx_hal_rtc.o
LOAD Drivers/STM32L0xx_HAL_Driver/Src/stm32l0xx_hal_rtc_ex.o
LOAD Drivers/STM32L0xx_HAL_Driver/Src/stm32l0xx_hal_spi.o
LOAD Drivers/STM32L0xx_HAL_Driver/Src/stm32l0xx_hal_tim.o
LOAD Drivers/STM32L0xx_HAL_Driver/Src/stm32l0xx_hal_tim_ex.o
LOAD Drivers/STM32L0xx_HAL_Driver/Src/stm32l0xx_hal_uart.o
LOAD Drivers/STM32L0xx_HAL_Driver/Src/stm32l0xx_hal_uart_ex.o
LOAD Src/Lora/board.o
LOAD Src/Lora/radio/sx1276/sx1276.o
LOAD Src/Lora/rtc-board.o
LOAD Src/Lora/sx1276-board.o
LOAD Src/Lora/timer.o
LOAD Src/N5110_LCD/N5110_lcd.o
LOAD Src/N5110_LCD/fonts/font20.o
LOAD Src/N5110_LCD/fonts/font24.o
LOAD Src/N5110_LCD/fonts/font8.o
LOAD Src/N5110_LCD/fonts/fontMenlo32.o
LOAD Src/dma.o
LOAD Src/gpio.o
LOAD Src/gps.o
LOAD Src/main.o
LOAD Src/rtc.o
LOAD Src/spi.o
LOAD Src/stm32l0xx_hal_msp.o
LOAD Src/stm32l0xx_it.o
LOAD Src/system_stm32l0xx.o
LOAD Src/usart.o
LOAD Src/utilities.o
LOAD startup/startup_stm32l072xx.o
                0x0000000000000080                malloc_getpagesize_P = 0x80
START GROUP
LOAD /opt/Atollic_TrueSTUDIO_for_STM32_x86_64_9.3.0/ARMTools/bin/../lib/gcc/arm-atollic-eabi/6.3.1/../../../../arm-atollic-eabi/lib/armv6-m/libc.a
LOAD /opt/Atollic_TrueSTUDIO_for_STM32_x86_64_9.3.0/ARMTools/bin/../lib/gcc/arm-atollic-eabi/6.3.1/../../../../arm-atollic-eabi/lib/armv6-m/libm.a
END GROUP
START GROUP
LOAD /opt/Atollic_TrueSTUDIO_for_STM32_x86_64_9.3.0/ARMTools/bin/../lib/gcc/arm-atollic-eabi/6.3.1/armv6-m/libgcc.a
LOAD /opt/Atollic_TrueSTUDIO_for_STM32_x86_64_9.3.0/ARMTools/bin/../lib/gcc/arm-atollic-eabi/6.3.1/../../../../arm-atollic-eabi/lib/armv6-m/libc.a
END GROUP
START GROUP
LOAD /opt/Atollic_TrueSTUDIO_for_STM32_x86_64_9.3.0/ARMTools/bin/../lib/gcc/arm-atollic-eabi/6.3.1/armv6-m/libgcc.a
LOAD /opt/Atollic_TrueSTUDIO_for_STM32_x86_64_9.3.0/ARMTools/bin/../lib/gcc/arm-atollic-eabi/6.3.1/../../../../arm-atollic-eabi/lib/armv6-m/libc.a
LOAD /opt/Atollic_TrueSTUDIO_for_STM32_x86_64_9.3.0/ARMTools/bin/../lib/gcc/arm-atollic-eabi/6.3.1/../../../../arm-atollic-eabi/lib/armv6-m/libnosys.a
END GROUP
LOAD /opt/Atollic_TrueSTUDIO_for_STM32_x86_64_9.3.0/ARMTools/bin/../lib/gcc/arm-atollic-eabi/6.3.1/armv6-m/crtend.o
LOAD /opt/Atollic_TrueSTUDIO_for_STM32_x86_64_9.3.0/ARMTools/bin/../lib/gcc/arm-atollic-eabi/6.3.1/armv6-m/crtn.o
                0x0000000020005000                _estack = 0x20005000
                0x0000000000000200                _Min_Heap_Size = 0x200
                0x0000000000000f00                _Min_Stack_Size = 0xf00

.isr_vector     0x0000000008000000       0xc0
                0x0000000008000000                . = ALIGN (0x4)
 *(.isr_vector)
 .isr_vector    0x0000000008000000       0xc0 startup/startup_stm32l072xx.o
                0x0000000008000000                g_pfnVectors
                0x00000000080000c0                . = ALIGN (0x4)

.text           0x00000000080000c0     0x31a0
                0x00000000080000c0                . = ALIGN (0x4)
 *(.text)
 .text          0x00000000080000c0       0x48 /opt/Atollic_TrueSTUDIO_for_STM32_x86_64_9.3.0/ARMTools/bin/../lib/gcc/arm-atollic-eabi/6.3.1/armv6-m/crtbegin.o
 .text          0x0000000008000108      0x114 /opt/Atollic_TrueSTUDIO_for_STM32_x86_64_9.3.0/ARMTools/bin/../lib/gcc/arm-atollic-eabi/6.3.1/armv6-m/libgcc.a(_udivsi3.o)
                0x0000000008000108                __udivsi3
                0x0000000008000108                __aeabi_uidiv
                0x0000000008000214                __aeabi_uidivmod
 .text          0x000000000800021c        0x4 /opt/Atollic_TrueSTUDIO_for_STM32_x86_64_9.3.0/ARMTools/bin/../lib/gcc/arm-atollic-eabi/6.3.1/armv6-m/libgcc.a(_dvmd_tls.o)
                0x000000000800021c                __aeabi_ldiv0
                0x000000000800021c                __aeabi_idiv0
 .text          0x0000000008000220       0x40 /opt/Atollic_TrueSTUDIO_for_STM32_x86_64_9.3.0/ARMTools/bin/../lib/gcc/arm-atollic-eabi/6.3.1/armv6-m/libgcc.a(_aeabi_uldivmod.o)
                0x0000000008000220                __aeabi_uldivmod
 .text          0x0000000008000260      0x180 /opt/Atollic_TrueSTUDIO_for_STM32_x86_64_9.3.0/ARMTools/bin/../lib/gcc/arm-atollic-eabi/6.3.1/armv6-m/libgcc.a(_udivmoddi4.o)
                0x0000000008000260                __udivmoddi4
 .text          0x00000000080003e0       0x3c /opt/Atollic_TrueSTUDIO_for_STM32_x86_64_9.3.0/ARMTools/bin/../lib/gcc/arm-atollic-eabi/6.3.1/armv6-m/libgcc.a(_clzsi2.o)
                0x00000000080003e0                __clzsi2
 .text          0x000000000800041c       0x18 /opt/Atollic_TrueSTUDIO_for_STM32_x86_64_9.3.0/ARMTools/bin/../lib/gcc/arm-atollic-eabi/6.3.1/armv6-m/libgcc.a(_clzdi2.o)
                0x000000000800041c                __clzdi2
 *(.text*)
 .text.HAL_InitTick
                0x0000000008000434       0x30 Drivers/STM32L0xx_HAL_Driver/Src/stm32l0xx_hal.o
                0x0000000008000434                HAL_InitTick
 .text.HAL_Init
                0x0000000008000464       0x28 Drivers/STM32L0xx_HAL_Driver/Src/stm32l0xx_hal.o
                0x0000000008000464                HAL_Init
 .text.HAL_IncTick
                0x000000000800048c       0x10 Drivers/STM32L0xx_HAL_Driver/Src/stm32l0xx_hal.o
                0x000000000800048c                HAL_IncTick
 .text.HAL_GetTick
                0x000000000800049c        0xc Drivers/STM32L0xx_HAL_Driver/Src/stm32l0xx_hal.o
                0x000000000800049c                HAL_GetTick
 .text.HAL_NVIC_SetPriority
                0x00000000080004a8       0x64 Drivers/STM32L0xx_HAL_Driver/Src/stm32l0xx_hal_cortex.o
                0x00000000080004a8                HAL_NVIC_SetPriority
 .text.HAL_NVIC_EnableIRQ
                0x000000000800050c       0x14 Drivers/STM32L0xx_HAL_Driver/Src/stm32l0xx_hal_cortex.o
                0x000000000800050c                HAL_NVIC_EnableIRQ
 .text.HAL_SYSTICK_Config
                0x0000000008000520       0x38 Drivers/STM32L0xx_HAL_Driver/Src/stm32l0xx_hal_cortex.o
                0x0000000008000520                HAL_SYSTICK_Config
 .text.DMA_SetConfig
                0x0000000008000558       0x2e Drivers/STM32L0xx_HAL_Driver/Src/stm32l0xx_hal_dma.o
 *fill*         0x0000000008000586        0x2 
 .text.HAL_DMA_Init
                0x0000000008000588       0x98 Drivers/STM32L0xx_HAL_Driver/Src/stm32l0xx_hal_dma.o
                0x0000000008000588                HAL_DMA_Init
 .text.HAL_DMA_Start_IT
                0x0000000008000620       0x76 Drivers/STM32L0xx_HAL_Driver/Src/stm32l0xx_hal_dma.o
                0x0000000008000620                HAL_DMA_Start_IT
 .text.HAL_DMA_Abort_IT
                0x0000000008000696       0x4e Drivers/STM32L0xx_HAL_Driver/Src/stm32l0xx_hal_dma.o
                0x0000000008000696                HAL_DMA_Abort_IT
 .text.HAL_DMA_IRQHandler
                0x00000000080006e4       0xba Drivers/STM32L0xx_HAL_Driver/Src/stm32l0xx_hal_dma.o
                0x00000000080006e4                HAL_DMA_IRQHandler
 *fill*         0x000000000800079e        0x2 
 .text.HAL_GPIO_Init
                0x00000000080007a0      0x1a4 Drivers/STM32L0xx_HAL_Driver/Src/stm32l0xx_hal_gpio.o
                0x00000000080007a0                HAL_GPIO_Init
 .text.HAL_GPIO_WritePin
                0x0000000008000944        0xc Drivers/STM32L0xx_HAL_Driver/Src/stm32l0xx_hal_gpio.o
                0x0000000008000944                HAL_GPIO_WritePin
 .text.HAL_GPIO_TogglePin
                0x0000000008000950        0x8 Drivers/STM32L0xx_HAL_Driver/Src/stm32l0xx_hal_gpio.o
                0x0000000008000950                HAL_GPIO_TogglePin
 .text.HAL_GPIO_EXTI_Callback
                0x0000000008000958        0x2 Drivers/STM32L0xx_HAL_Driver/Src/stm32l0xx_hal_gpio.o
                0x0000000008000958                HAL_GPIO_EXTI_Callback
 *fill*         0x000000000800095a        0x2 
 .text.HAL_GPIO_EXTI_IRQHandler
                0x000000000800095c       0x1c Drivers/STM32L0xx_HAL_Driver/Src/stm32l0xx_hal_gpio.o
                0x000000000800095c                HAL_GPIO_EXTI_IRQHandler
 .text.HAL_RCC_GetSysClockFreq
                0x0000000008000978       0x94 Drivers/STM32L0xx_HAL_Driver/Src/stm32l0xx_hal_rcc.o
                0x0000000008000978                HAL_RCC_GetSysClockFreq
 .text.HAL_RCC_OscConfig
                0x0000000008000a0c      0x58c Drivers/STM32L0xx_HAL_Driver/Src/stm32l0xx_hal_rcc.o
                0x0000000008000a0c                HAL_RCC_OscConfig
 .text.HAL_RCC_ClockConfig
                0x0000000008000f98      0x1a8 Drivers/STM32L0xx_HAL_Driver/Src/stm32l0xx_hal_rcc.o
                0x0000000008000f98                HAL_RCC_ClockConfig
 .text.HAL_RCC_GetHCLKFreq
                0x0000000008001140        0xc Drivers/STM32L0xx_HAL_Driver/Src/stm32l0xx_hal_rcc.o
                0x0000000008001140                HAL_RCC_GetHCLKFreq
 .text.HAL_RCC_GetPCLK1Freq
                0x000000000800114c       0x20 Drivers/STM32L0xx_HAL_Driver/Src/stm32l0xx_hal_rcc.o
                0x000000000800114c                HAL_RCC_GetPCLK1Freq
 .text.HAL_RCC_GetPCLK2Freq
                0x000000000800116c       0x20 Drivers/STM32L0xx_HAL_Driver/Src/stm32l0xx_hal_rcc.o
                0x000000000800116c                HAL_RCC_GetPCLK2Freq
 .text.HAL_RCCEx_PeriphCLKConfig
                0x000000000800118c      0x1e8 Drivers/STM32L0xx_HAL_Driver/Src/stm32l0xx_hal_rcc_ex.o
                0x000000000800118c                HAL_RCCEx_PeriphCLKConfig
 .text.HAL_RTC_AlarmAEventCallback
                0x0000000008001374        0x2 Drivers/STM32L0xx_HAL_Driver/Src/stm32l0xx_hal_rtc.o
                0x0000000008001374                HAL_RTC_AlarmAEventCallback
 *fill*         0x0000000008001376        0x2 
 .text.HAL_RTC_AlarmIRQHandler
                0x0000000008001378       0x68 Drivers/STM32L0xx_HAL_Driver/Src/stm32l0xx_hal_rtc.o
                0x0000000008001378                HAL_RTC_AlarmIRQHandler
 .text.HAL_RTC_WaitForSynchro
                0x00000000080013e0       0x32 Drivers/STM32L0xx_HAL_Driver/Src/stm32l0xx_hal_rtc.o
                0x00000000080013e0                HAL_RTC_WaitForSynchro
 .text.RTC_EnterInitMode
                0x0000000008001412       0x3a Drivers/STM32L0xx_HAL_Driver/Src/stm32l0xx_hal_rtc.o
                0x0000000008001412                RTC_EnterInitMode
 .text.HAL_RTC_Init
                0x000000000800144c       0xd8 Drivers/STM32L0xx_HAL_Driver/Src/stm32l0xx_hal_rtc.o
                0x000000000800144c                HAL_RTC_Init
 .text.RTC_ByteToBcd2
                0x0000000008001524       0x16 Drivers/STM32L0xx_HAL_Driver/Src/stm32l0xx_hal_rtc.o
                0x0000000008001524                RTC_ByteToBcd2
 *fill*         0x000000000800153a        0x2 
 .text.HAL_RTC_SetTime
                0x000000000800153c      0x10c Drivers/STM32L0xx_HAL_Driver/Src/stm32l0xx_hal_rtc.o
                0x000000000800153c                HAL_RTC_SetTime
 .text.HAL_RTC_SetDate
                0x0000000008001648       0xec Drivers/STM32L0xx_HAL_Driver/Src/stm32l0xx_hal_rtc.o
                0x0000000008001648                HAL_RTC_SetDate
 .text.HAL_RTC_SetAlarm_IT
                0x0000000008001734      0x1c0 Drivers/STM32L0xx_HAL_Driver/Src/stm32l0xx_hal_rtc.o
                0x0000000008001734                HAL_RTC_SetAlarm_IT
 .text.HAL_RTCEx_AlarmBEventCallback
                0x00000000080018f4        0x2 Drivers/STM32L0xx_HAL_Driver/Src/stm32l0xx_hal_rtc_ex.o
                0x00000000080018f4                HAL_RTCEx_AlarmBEventCallback
 *fill*         0x00000000080018f6        0x2 
 .text.HAL_SPI_Init
                0x00000000080018f8       0x88 Drivers/STM32L0xx_HAL_Driver/Src/stm32l0xx_hal_spi.o
                0x00000000080018f8                HAL_SPI_Init
 .text.HAL_SPI_ErrorCallback
                0x0000000008001980        0x2 Drivers/STM32L0xx_HAL_Driver/Src/stm32l0xx_hal_spi.o
                0x0000000008001980                HAL_SPI_ErrorCallback
 *fill*         0x0000000008001982        0x2 
 .text.HAL_SPI_IRQHandler
                0x0000000008001984      0x110 Drivers/STM32L0xx_HAL_Driver/Src/stm32l0xx_hal_spi.o
                0x0000000008001984                HAL_SPI_IRQHandler
 .text.SPI_DMAAbortOnError
                0x0000000008001a94       0x10 Drivers/STM32L0xx_HAL_Driver/Src/stm32l0xx_hal_spi.o
 .text.UART_EndTxTransfer
                0x0000000008001aa4       0x10 Drivers/STM32L0xx_HAL_Driver/Src/stm32l0xx_hal_uart.o
 .text.UART_EndRxTransfer
                0x0000000008001ab4       0x24 Drivers/STM32L0xx_HAL_Driver/Src/stm32l0xx_hal_uart.o
 .text.HAL_UART_Receive_DMA
                0x0000000008001ad8       0xcc Drivers/STM32L0xx_HAL_Driver/Src/stm32l0xx_hal_uart.o
                0x0000000008001ad8                HAL_UART_Receive_DMA
 .text.HAL_UART_TxCpltCallback
                0x0000000008001ba4        0x2 Drivers/STM32L0xx_HAL_Driver/Src/stm32l0xx_hal_uart.o
                0x0000000008001ba4                HAL_UART_TxCpltCallback
 .text.UART_EndTransmit_IT
                0x0000000008001ba6       0x1a Drivers/STM32L0xx_HAL_Driver/Src/stm32l0xx_hal_uart.o
 .text.UART_DMAReceiveCplt
                0x0000000008001bc0       0x44 Drivers/STM32L0xx_HAL_Driver/Src/stm32l0xx_hal_uart.o
 .text.UART_DMARxHalfCplt
                0x0000000008001c04        0xa Drivers/STM32L0xx_HAL_Driver/Src/stm32l0xx_hal_uart.o
 .text.HAL_UART_ErrorCallback
                0x0000000008001c0e        0x2 Drivers/STM32L0xx_HAL_Driver/Src/stm32l0xx_hal_uart.o
                0x0000000008001c0e                HAL_UART_ErrorCallback
 .text.UART_DMAError
                0x0000000008001c10       0x4c Drivers/STM32L0xx_HAL_Driver/Src/stm32l0xx_hal_uart.o
 .text.HAL_UART_IRQHandler
                0x0000000008001c5c      0x144 Drivers/STM32L0xx_HAL_Driver/Src/stm32l0xx_hal_uart.o
                0x0000000008001c5c                HAL_UART_IRQHandler
 .text.UART_DMAAbortOnError
                0x0000000008001da0       0x14 Drivers/STM32L0xx_HAL_Driver/Src/stm32l0xx_hal_uart.o
 .text.UART_SetConfig
                0x0000000008001db4      0x38c Drivers/STM32L0xx_HAL_Driver/Src/stm32l0xx_hal_uart.o
                0x0000000008001db4                UART_SetConfig
 .text.UART_AdvFeatureConfig
                0x0000000008002140       0xe0 Drivers/STM32L0xx_HAL_Driver/Src/stm32l0xx_hal_uart.o
                0x0000000008002140                UART_AdvFeatureConfig
 .text.UART_WaitOnFlagUntilTimeout
                0x0000000008002220       0x68 Drivers/STM32L0xx_HAL_Driver/Src/stm32l0xx_hal_uart.o
                0x0000000008002220                UART_WaitOnFlagUntilTimeout
 .text.UART_CheckIdleState
                0x0000000008002288       0x6c Drivers/STM32L0xx_HAL_Driver/Src/stm32l0xx_hal_uart.o
                0x0000000008002288                UART_CheckIdleState
 .text.HAL_UART_Init
                0x00000000080022f4       0x6c Drivers/STM32L0xx_HAL_Driver/Src/stm32l0xx_hal_uart.o
                0x00000000080022f4                HAL_UART_Init
 .text.HAL_UARTEx_WakeupCallback
                0x0000000008002360        0x2 Drivers/STM32L0xx_HAL_Driver/Src/stm32l0xx_hal_uart_ex.o
                0x0000000008002360                HAL_UARTEx_WakeupCallback
 .text.gps_open
                0x0000000008002362       0x14 Src/gps.o
                0x0000000008002362                gps_open
 *fill*         0x0000000008002376        0x2 
 .text.MX_GPIO_Init
                0x0000000008002378       0xec Src/main.o
 .text.MX_DMA_Init
                0x0000000008002464       0x30 Src/main.o
 .text.MX_RTC_Init
                0x0000000008002494       0xa4 Src/main.o
 .text.MX_SPI1_Init
                0x0000000008002538       0x3c Src/main.o
 .text.MX_SPI2_Init
                0x0000000008002574       0x34 Src/main.o
 .text.MX_USART2_UART_Init
                0x00000000080025a8       0x30 Src/main.o
 .text.MX_USART1_UART_Init
                0x00000000080025d8       0x30 Src/main.o
 .text.HAL_UART_RxCpltCallback
                0x0000000008002608        0x2 Src/main.o
                0x0000000008002608                HAL_UART_RxCpltCallback
 .text.HAL_UART_RxHalfCpltCallback
                0x000000000800260a        0x2 Src/main.o
                0x000000000800260a                HAL_UART_RxHalfCpltCallback
 .text.SystemClock_Config
                0x000000000800260c       0x90 Src/main.o
                0x000000000800260c                SystemClock_Config
 .text.main     0x000000000800269c       0x54 Src/main.o
                0x000000000800269c                main
 .text.Error_Handler
                0x00000000080026f0        0x2 Src/main.o
                0x00000000080026f0                Error_Handler
 *fill*         0x00000000080026f2        0x2 
 .text.HAL_RTC_MspInit
                0x00000000080026f4       0x34 Src/rtc.o
                0x00000000080026f4                HAL_RTC_MspInit
 .text.HAL_SPI_MspInit
                0x0000000008002728      0x114 Src/spi.o
                0x0000000008002728                HAL_SPI_MspInit
 .text.HAL_MspInit
                0x000000000800283c       0x1c Src/stm32l0xx_hal_msp.o
                0x000000000800283c                HAL_MspInit
 .text.NMI_Handler
                0x0000000008002858        0x2 Src/stm32l0xx_it.o
                0x0000000008002858                NMI_Handler
 .text.HardFault_Handler
                0x000000000800285a        0x2 Src/stm32l0xx_it.o
                0x000000000800285a                HardFault_Handler
 .text.SVC_Handler
                0x000000000800285c        0x2 Src/stm32l0xx_it.o
                0x000000000800285c                SVC_Handler
 .text.PendSV_Handler
                0x000000000800285e        0x2 Src/stm32l0xx_it.o
                0x000000000800285e                PendSV_Handler
 .text.SysTick_Handler
                0x0000000008002860        0x8 Src/stm32l0xx_it.o
                0x0000000008002860                SysTick_Handler
 .text.RTC_IRQHandler
                0x0000000008002868       0x10 Src/stm32l0xx_it.o
                0x0000000008002868                RTC_IRQHandler
 .text.EXTI0_1_IRQHandler
                0x0000000008002878       0x10 Src/stm32l0xx_it.o
                0x0000000008002878                EXTI0_1_IRQHandler
 .text.EXTI4_15_IRQHandler
                0x0000000008002888       0x12 Src/stm32l0xx_it.o
                0x0000000008002888                EXTI4_15_IRQHandler
 *fill*         0x000000000800289a        0x2 
 .text.DMA1_Channel2_3_IRQHandler
                0x000000000800289c       0x18 Src/stm32l0xx_it.o
                0x000000000800289c                DMA1_Channel2_3_IRQHandler
 .text.DMA1_Channel4_5_6_7_IRQHandler
                0x00000000080028b4       0x10 Src/stm32l0xx_it.o
                0x00000000080028b4                DMA1_Channel4_5_6_7_IRQHandler
 .text.SPI1_IRQHandler
                0x00000000080028c4       0x10 Src/stm32l0xx_it.o
                0x00000000080028c4                SPI1_IRQHandler
 .text.SPI2_IRQHandler
                0x00000000080028d4       0x10 Src/stm32l0xx_it.o
                0x00000000080028d4                SPI2_IRQHandler
 .text.USART1_IRQHandler
                0x00000000080028e4       0x2c Src/stm32l0xx_it.o
                0x00000000080028e4                USART1_IRQHandler
 .text.USART2_IRQHandler
                0x0000000008002910       0x10 Src/stm32l0xx_it.o
                0x0000000008002910                USART2_IRQHandler
 .text.SystemInit
                0x0000000008002920       0x5c Src/system_stm32l0xx.o
                0x0000000008002920                SystemInit
 .text.HAL_UART_MspInit
                0x000000000800297c      0x134 Src/usart.o
                0x000000000800297c                HAL_UART_MspInit
 .text.Reset_Handler
                0x0000000008002ab0       0x50 startup/startup_stm32l072xx.o
                0x0000000008002ab0                Reset_Handler
 .text.Default_Handler
                0x0000000008002b00        0x2 startup/startup_stm32l072xx.o
                0x0000000008002b00                TSC_IRQHandler
                0x0000000008002b00                ADC1_COMP_IRQHandler
                0x0000000008002b00                PVD_IRQHandler
                0x0000000008002b00                I2C1_IRQHandler
                0x0000000008002b00                RCC_CRS_IRQHandler
                0x0000000008002b00                TIM6_DAC_IRQHandler
                0x0000000008002b00                EXTI2_3_IRQHandler
                0x0000000008002b00                I2C2_IRQHandler
                0x0000000008002b00                TIM3_IRQHandler
                0x0000000008002b00                DMA1_Channel1_IRQHandler
                0x0000000008002b00                USART4_5_IRQHandler
                0x0000000008002b00                Default_Handler
                0x0000000008002b00                TIM22_IRQHandler
                0x0000000008002b00                TIM7_IRQHandler
                0x0000000008002b00                USB_IRQHandler
                0x0000000008002b00                I2C3_IRQHandler
                0x0000000008002b00                TIM21_IRQHandler
                0x0000000008002b00                WWDG_IRQHandler
                0x0000000008002b00                TIM2_IRQHandler
                0x0000000008002b00                FLASH_IRQHandler
                0x0000000008002b00                RNG_LPUART1_IRQHandler
                0x0000000008002b00                LPTIM1_IRQHandler
 *fill*         0x0000000008002b02        0x2 
 .text.calloc   0x0000000008002b04       0x14 /opt/Atollic_TrueSTUDIO_for_STM32_x86_64_9.3.0/ARMTools/bin/../lib/gcc/arm-atollic-eabi/6.3.1/../../../../arm-atollic-eabi/lib/armv6-m/libc.a(lib_a-calloc.o)
                0x0000000008002b04                calloc
 .text._calloc_r
                0x0000000008002b18       0x58 /opt/Atollic_TrueSTUDIO_for_STM32_x86_64_9.3.0/ARMTools/bin/../lib/gcc/arm-atollic-eabi/6.3.1/../../../../arm-atollic-eabi/lib/armv6-m/libc.a(lib_a-callocr.o)
                0x0000000008002b18                _calloc_r
 .text.__libc_init_array
                0x0000000008002b70       0x48 /opt/Atollic_TrueSTUDIO_for_STM32_x86_64_9.3.0/ARMTools/bin/../lib/gcc/arm-atollic-eabi/6.3.1/../../../../arm-atollic-eabi/lib/armv6-m/libc.a(lib_a-init.o)
                0x0000000008002b70                __libc_init_array
 .text._malloc_r
                0x0000000008002bb8      0x408 /opt/Atollic_TrueSTUDIO_for_STM32_x86_64_9.3.0/ARMTools/bin/../lib/gcc/arm-atollic-eabi/6.3.1/../../../../arm-atollic-eabi/lib/armv6-m/libc.a(lib_a-mallocr.o)
                0x0000000008002bb8                _malloc_r
 .text.memset   0x0000000008002fc0       0x10 /opt/Atollic_TrueSTUDIO_for_STM32_x86_64_9.3.0/ARMTools/bin/../lib/gcc/arm-atollic-eabi/6.3.1/../../../../arm-atollic-eabi/lib/armv6-m/libc.a(lib_a-memset.o)
                0x0000000008002fc0                memset
 .text.__malloc_lock
                0x0000000008002fd0       0x10 /opt/Atollic_TrueSTUDIO_for_STM32_x86_64_9.3.0/ARMTools/bin/../lib/gcc/arm-atollic-eabi/6.3.1/../../../../arm-atollic-eabi/lib/armv6-m/libc.a(lib_a-mlock.o)
                0x0000000008002fd0                __malloc_lock
 .text.__malloc_unlock
                0x0000000008002fe0       0x10 /opt/Atollic_TrueSTUDIO_for_STM32_x86_64_9.3.0/ARMTools/bin/../lib/gcc/arm-atollic-eabi/6.3.1/../../../../arm-atollic-eabi/lib/armv6-m/libc.a(lib_a-mlock.o)
                0x0000000008002fe0                __malloc_unlock
 .text._sbrk_r  0x0000000008002ff0       0x24 /opt/Atollic_TrueSTUDIO_for_STM32_x86_64_9.3.0/ARMTools/bin/../lib/gcc/arm-atollic-eabi/6.3.1/../../../../arm-atollic-eabi/lib/armv6-m/libc.a(lib_a-sbrkr.o)
                0x0000000008002ff0                _sbrk_r
 .text._malloc_trim_r
                0x0000000008003014       0xa8 /opt/Atollic_TrueSTUDIO_for_STM32_x86_64_9.3.0/ARMTools/bin/../lib/gcc/arm-atollic-eabi/6.3.1/../../../../arm-atollic-eabi/lib/armv6-m/libc.a(lib_a-freer.o)
                0x0000000008003014                _malloc_trim_r
 .text._free_r  0x00000000080030bc      0x168 /opt/Atollic_TrueSTUDIO_for_STM32_x86_64_9.3.0/ARMTools/bin/../lib/gcc/arm-atollic-eabi/6.3.1/../../../../arm-atollic-eabi/lib/armv6-m/libc.a(lib_a-freer.o)
                0x00000000080030bc                _free_r
 .text.__retarget_lock_acquire_recursive
                0x0000000008003224        0x2 /opt/Atollic_TrueSTUDIO_for_STM32_x86_64_9.3.0/ARMTools/bin/../lib/gcc/arm-atollic-eabi/6.3.1/../../../../arm-atollic-eabi/lib/armv6-m/libc.a(lib_a-lock.o)
                0x0000000008003224                __retarget_lock_acquire_recursive
 .text.__retarget_lock_release_recursive
                0x0000000008003226        0x2 /opt/Atollic_TrueSTUDIO_for_STM32_x86_64_9.3.0/ARMTools/bin/../lib/gcc/arm-atollic-eabi/6.3.1/../../../../arm-atollic-eabi/lib/armv6-m/libc.a(lib_a-lock.o)
                0x0000000008003226                __retarget_lock_release_recursive
 .text._sbrk    0x0000000008003228       0x20 /opt/Atollic_TrueSTUDIO_for_STM32_x86_64_9.3.0/ARMTools/bin/../lib/gcc/arm-atollic-eabi/6.3.1/../../../../arm-atollic-eabi/lib/armv6-m/libnosys.a(sbrk.o)
                0x0000000008003228                _sbrk
 *(.glue_7)
 .glue_7        0x0000000008003248        0x0 linker stubs
 *(.glue_7t)
 .glue_7t       0x0000000008003248        0x0 linker stubs
 *(.eh_frame)
 .eh_frame      0x0000000008003248        0x0 /opt/Atollic_TrueSTUDIO_for_STM32_x86_64_9.3.0/ARMTools/bin/../lib/gcc/arm-atollic-eabi/6.3.1/armv6-m/crtbegin.o
 *(.init)
 .init          0x0000000008003248        0x4 /opt/Atollic_TrueSTUDIO_for_STM32_x86_64_9.3.0/ARMTools/bin/../lib/gcc/arm-atollic-eabi/6.3.1/armv6-m/crti.o
                0x0000000008003248                _init
 .init          0x000000000800324c        0x8 /opt/Atollic_TrueSTUDIO_for_STM32_x86_64_9.3.0/ARMTools/bin/../lib/gcc/arm-atollic-eabi/6.3.1/armv6-m/crtn.o
 *(.fini)
 .fini          0x0000000008003254        0x4 /opt/Atollic_TrueSTUDIO_for_STM32_x86_64_9.3.0/ARMTools/bin/../lib/gcc/arm-atollic-eabi/6.3.1/armv6-m/crti.o
                0x0000000008003254                _fini
 .fini          0x0000000008003258        0x8 /opt/Atollic_TrueSTUDIO_for_STM32_x86_64_9.3.0/ARMTools/bin/../lib/gcc/arm-atollic-eabi/6.3.1/armv6-m/crtn.o
                0x0000000008003260                . = ALIGN (0x4)
                0x0000000008003260                _etext = .

.vfp11_veneer   0x0000000008003260        0x0
 .vfp11_veneer  0x0000000008003260        0x0 linker stubs

.v4_bx          0x0000000008003260        0x0
 .v4_bx         0x0000000008003260        0x0 linker stubs

.iplt           0x0000000008003260        0x0
 .iplt          0x0000000008003260        0x0 /opt/Atollic_TrueSTUDIO_for_STM32_x86_64_9.3.0/ARMTools/bin/../lib/gcc/arm-atollic-eabi/6.3.1/armv6-m/crtbegin.o

.rodata         0x0000000008003260       0x6c
                0x0000000008003260                . = ALIGN (0x4)
 *(.rodata)
 *(.rodata*)
 .rodata.UART_SetConfig
                0x0000000008003260       0x48 Drivers/STM32L0xx_HAL_Driver/Src/stm32l0xx_hal_uart.o
 .rodata.AHBPrescTable
                0x00000000080032a8       0x10 Src/system_stm32l0xx.o
                0x00000000080032a8                AHBPrescTable
 .rodata.APBPrescTable
                0x00000000080032b8        0x8 Src/system_stm32l0xx.o
                0x00000000080032b8                APBPrescTable
 .rodata.PLLMulTable
                0x00000000080032c0        0x9 Src/system_stm32l0xx.o
                0x00000000080032c0                PLLMulTable
                0x00000000080032cc                . = ALIGN (0x4)
 *fill*         0x00000000080032c9        0x3 

.ARM.extab
 *(.ARM.extab* .gnu.linkonce.armextab.*)

.ARM            0x00000000080032cc        0x8
                0x00000000080032cc                __exidx_start = .
 *(.ARM.exidx*)
 .ARM.exidx     0x00000000080032cc        0x8 /opt/Atollic_TrueSTUDIO_for_STM32_x86_64_9.3.0/ARMTools/bin/../lib/gcc/arm-atollic-eabi/6.3.1/armv6-m/libgcc.a(_udivmoddi4.o)
                0x00000000080032d4                __exidx_end = .

.rel.dyn        0x00000000080032d4        0x0
 .rel.iplt      0x00000000080032d4        0x0 /opt/Atollic_TrueSTUDIO_for_STM32_x86_64_9.3.0/ARMTools/bin/../lib/gcc/arm-atollic-eabi/6.3.1/armv6-m/crtbegin.o

.preinit_array  0x00000000080032d4        0x0
                0x00000000080032d4                PROVIDE (__preinit_array_start, .)
 *(.preinit_array*)
                0x00000000080032d4                PROVIDE (__preinit_array_end, .)

.init_array     0x00000000080032d4        0x4
                0x00000000080032d4                PROVIDE (__init_array_start, .)
 *(SORT(.init_array.*))
 *(.init_array*)
 .init_array    0x00000000080032d4        0x4 /opt/Atollic_TrueSTUDIO_for_STM32_x86_64_9.3.0/ARMTools/bin/../lib/gcc/arm-atollic-eabi/6.3.1/armv6-m/crtbegin.o
                0x00000000080032d8                PROVIDE (__init_array_end, .)

.fini_array     0x00000000080032d8        0x4
                [!provide]                        PROVIDE (__fini_array_start, .)
 *(SORT(.fini_array.*))
 *(.fini_array*)
 .fini_array    0x00000000080032d8        0x4 /opt/Atollic_TrueSTUDIO_for_STM32_x86_64_9.3.0/ARMTools/bin/../lib/gcc/arm-atollic-eabi/6.3.1/armv6-m/crtbegin.o
                [!provide]                        PROVIDE (__fini_array_end, .)
                0x00000000080032dc                _sidata = LOADADDR (.data)

.data           0x0000000020000000      0x508 load address 0x00000000080032dc
                0x0000000020000000                . = ALIGN (0x4)
                0x0000000020000000                _sdata = .
 *(.data)
 *(.data*)
 .data.SystemCoreClock
                0x0000000020000000        0x4 Src/system_stm32l0xx.o
                0x0000000020000000                SystemCoreClock
 .data._impure_ptr
                0x0000000020000004        0x4 /opt/Atollic_TrueSTUDIO_for_STM32_x86_64_9.3.0/ARMTools/bin/../lib/gcc/arm-atollic-eabi/6.3.1/../../../../arm-atollic-eabi/lib/armv6-m/libc.a(lib_a-impure.o)
                0x0000000020000004                _impure_ptr
 .data.impure_data
                0x0000000020000008       0xf0 /opt/Atollic_TrueSTUDIO_for_STM32_x86_64_9.3.0/ARMTools/bin/../lib/gcc/arm-atollic-eabi/6.3.1/../../../../arm-atollic-eabi/lib/armv6-m/libc.a(lib_a-impure.o)
 .data.__malloc_av_
                0x00000000200000f8      0x408 /opt/Atollic_TrueSTUDIO_for_STM32_x86_64_9.3.0/ARMTools/bin/../lib/gcc/arm-atollic-eabi/6.3.1/../../../../arm-atollic-eabi/lib/armv6-m/libc.a(lib_a-mallocr.o)
                0x00000000200000f8                __malloc_av_
 .data.__malloc_sbrk_base
                0x0000000020000500        0x4 /opt/Atollic_TrueSTUDIO_for_STM32_x86_64_9.3.0/ARMTools/bin/../lib/gcc/arm-atollic-eabi/6.3.1/../../../../arm-atollic-eabi/lib/armv6-m/libc.a(lib_a-mallocr.o)
                0x0000000020000500                __malloc_sbrk_base
 .data.__malloc_trim_threshold
                0x0000000020000504        0x4 /opt/Atollic_TrueSTUDIO_for_STM32_x86_64_9.3.0/ARMTools/bin/../lib/gcc/arm-atollic-eabi/6.3.1/../../../../arm-atollic-eabi/lib/armv6-m/libc.a(lib_a-mallocr.o)
                0x0000000020000504                __malloc_trim_threshold
                0x0000000020000508                . = ALIGN (0x4)
                0x0000000020000508                _edata = .

.igot.plt       0x0000000020000508        0x0 load address 0x00000000080037e4
 .igot.plt      0x0000000020000508        0x0 /opt/Atollic_TrueSTUDIO_for_STM32_x86_64_9.3.0/ARMTools/bin/../lib/gcc/arm-atollic-eabi/6.3.1/armv6-m/crtbegin.o
                0x0000000020000508                . = ALIGN (0x4)

.bss            0x0000000020000508      0x41c load address 0x00000000080037e4
                0x0000000020000508                _sbss = .
                0x0000000020000508                __bss_start__ = _sbss
 *(.bss)
 .bss           0x0000000020000508       0x1c /opt/Atollic_TrueSTUDIO_for_STM32_x86_64_9.3.0/ARMTools/bin/../lib/gcc/arm-atollic-eabi/6.3.1/armv6-m/crtbegin.o
 *(.bss*)
 .bss.__malloc_current_mallinfo
                0x0000000020000524       0x28 /opt/Atollic_TrueSTUDIO_for_STM32_x86_64_9.3.0/ARMTools/bin/../lib/gcc/arm-atollic-eabi/6.3.1/../../../../arm-atollic-eabi/lib/armv6-m/libc.a(lib_a-mallocr.o)
                0x0000000020000524                __malloc_current_mallinfo
 .bss.__malloc_max_sbrked_mem
                0x000000002000054c        0x4 /opt/Atollic_TrueSTUDIO_for_STM32_x86_64_9.3.0/ARMTools/bin/../lib/gcc/arm-atollic-eabi/6.3.1/../../../../arm-atollic-eabi/lib/armv6-m/libc.a(lib_a-mallocr.o)
                0x000000002000054c                __malloc_max_sbrked_mem
 .bss.__malloc_max_total_mem
                0x0000000020000550        0x4 /opt/Atollic_TrueSTUDIO_for_STM32_x86_64_9.3.0/ARMTools/bin/../lib/gcc/arm-atollic-eabi/6.3.1/../../../../arm-atollic-eabi/lib/armv6-m/libc.a(lib_a-mallocr.o)
                0x0000000020000550                __malloc_max_total_mem
 .bss.__malloc_top_pad
                0x0000000020000554        0x4 /opt/Atollic_TrueSTUDIO_for_STM32_x86_64_9.3.0/ARMTools/bin/../lib/gcc/arm-atollic-eabi/6.3.1/../../../../arm-atollic-eabi/lib/armv6-m/libc.a(lib_a-mallocr.o)
                0x0000000020000554                __malloc_top_pad
 .bss.heap_end.4116
                0x0000000020000558        0x4 /opt/Atollic_TrueSTUDIO_for_STM32_x86_64_9.3.0/ARMTools/bin/../lib/gcc/arm-atollic-eabi/6.3.1/../../../../arm-atollic-eabi/lib/armv6-m/libnosys.a(sbrk.o)
 *(COMMON)
 COMMON         0x000000002000055c        0x4 Drivers/STM32L0xx_HAL_Driver/Src/stm32l0xx_hal.o
                0x000000002000055c                uwTick
 COMMON         0x0000000020000560      0x3b4 Src/main.o
                0x0000000020000560                gpsHandle
                0x0000000020000564                hspi2
                0x00000000200005bc                DMA_buffer
                0x000000002000063c                GPS_buffer
                0x00000000200006bc                dma_memcpy_flag
                0x00000000200006c0                hdma_usart1_tx
                0x0000000020000708                hdma_usart1_rx
                0x0000000020000750                huart1
                0x00000000200007d0                hrtc
                0x00000000200007f4                hspi1
                0x000000002000084c                huart2
                0x00000000200008cc                hdma_spi2_tx
 COMMON         0x0000000020000914        0x9 /opt/Atollic_TrueSTUDIO_for_STM32_x86_64_9.3.0/ARMTools/bin/../lib/gcc/arm-atollic-eabi/6.3.1/../../../../arm-atollic-eabi/lib/armv6-m/libc.a(lib_a-lock.o)
                0x0000000020000914                __lock___atexit_recursive_mutex
                0x0000000020000915                __lock___arc4random_mutex
                0x0000000020000916                __lock___env_recursive_mutex
                0x0000000020000917                __lock___sinit_recursive_mutex
                0x0000000020000918                __lock___malloc_recursive_mutex
                0x0000000020000919                __lock___at_quick_exit_mutex
                0x000000002000091a                __lock___dd_hash_mutex
                0x000000002000091b                __lock___tz_mutex
                0x000000002000091c                __lock___sfp_recursive_mutex
 *fill*         0x000000002000091d        0x3 
 COMMON         0x0000000020000920        0x4 /opt/Atollic_TrueSTUDIO_for_STM32_x86_64_9.3.0/ARMTools/bin/../lib/gcc/arm-atollic-eabi/6.3.1/../../../../arm-atollic-eabi/lib/armv6-m/libc.a(lib_a-reent.o)
                0x0000000020000920                errno
                0x0000000020000924                . = ALIGN (0x4)
                0x0000000020000924                _ebss = .
                0x0000000020000924                __bss_end__ = _ebss

._user_heap_stack
                0x0000000020000924     0x1100 load address 0x00000000080037e4
                0x0000000020000924                . = ALIGN (0x4)
                0x0000000020000924                PROVIDE (end, .)
                [!provide]                        PROVIDE (_end, .)
                0x0000000020000b24                . = (. + _Min_Heap_Size)
 *fill*         0x0000000020000924      0x200 
                0x0000000020001a24                . = (. + _Min_Stack_Size)
 *fill*         0x0000000020000b24      0xf00 
                0x0000000020001a24                . = ALIGN (0x4)

/DISCARD/
 libc.a(*)
 libm.a(*)
 libgcc.a(*)

.ARM.attributes
                0x0000000000000000       0x28
 *(.ARM.attributes)
 .ARM.attributes
                0x0000000000000000       0x1e /opt/Atollic_TrueSTUDIO_for_STM32_x86_64_9.3.0/ARMTools/bin/../lib/gcc/arm-atollic-eabi/6.3.1/armv6-m/crti.o
 .ARM.attributes
                0x000000000000001e       0x2c /opt/Atollic_TrueSTUDIO_for_STM32_x86_64_9.3.0/ARMTools/bin/../lib/gcc/arm-atollic-eabi/6.3.1/armv6-m/crtbegin.o
 .ARM.attributes
                0x000000000000004a       0x32 Drivers/STM32L0xx_HAL_Driver/Src/stm32l0xx_hal.o
 .ARM.attributes
                0x000000000000007c       0x32 Drivers/STM32L0xx_HAL_Driver/Src/stm32l0xx_hal_cortex.o
 .ARM.attributes
                0x00000000000000ae       0x32 Drivers/STM32L0xx_HAL_Driver/Src/stm32l0xx_hal_dma.o
 .ARM.attributes
                0x00000000000000e0       0x32 Drivers/STM32L0xx_HAL_Driver/Src/stm32l0xx_hal_gpio.o
 .ARM.attributes
                0x0000000000000112       0x32 Drivers/STM32L0xx_HAL_Driver/Src/stm32l0xx_hal_rcc.o
 .ARM.attributes
                0x0000000000000144       0x32 Drivers/STM32L0xx_HAL_Driver/Src/stm32l0xx_hal_rcc_ex.o
 .ARM.attributes
                0x0000000000000176       0x32 Drivers/STM32L0xx_HAL_Driver/Src/stm32l0xx_hal_rtc.o
 .ARM.attributes
                0x00000000000001a8       0x32 Drivers/STM32L0xx_HAL_Driver/Src/stm32l0xx_hal_rtc_ex.o
 .ARM.attributes
                0x00000000000001da       0x32 Drivers/STM32L0xx_HAL_Driver/Src/stm32l0xx_hal_spi.o
 .ARM.attributes
                0x000000000000020c       0x32 Drivers/STM32L0xx_HAL_Driver/Src/stm32l0xx_hal_uart.o
 .ARM.attributes
                0x000000000000023e       0x32 Drivers/STM32L0xx_HAL_Driver/Src/stm32l0xx_hal_uart_ex.o
 .ARM.attributes
                0x0000000000000270       0x32 Src/gps.o
 .ARM.attributes
                0x00000000000002a2       0x32 Src/main.o
 .ARM.attributes
                0x00000000000002d4       0x32 Src/rtc.o
 .ARM.attributes
                0x0000000000000306       0x32 Src/spi.o
 .ARM.attributes
                0x0000000000000338       0x32 Src/stm32l0xx_hal_msp.o
 .ARM.attributes
                0x000000000000036a       0x32 Src/stm32l0xx_it.o
 .ARM.attributes
                0x000000000000039c       0x32 Src/system_stm32l0xx.o
 .ARM.attributes
                0x00000000000003ce       0x32 Src/usart.o
 .ARM.attributes
                0x0000000000000400       0x22 startup/startup_stm32l072xx.o
 .ARM.attributes
                0x0000000000000422       0x2c /opt/Atollic_TrueSTUDIO_for_STM32_x86_64_9.3.0/ARMTools/bin/../lib/gcc/arm-atollic-eabi/6.3.1/../../../../arm-atollic-eabi/lib/armv6-m/libc.a(lib_a-calloc.o)
 .ARM.attributes
                0x000000000000044e       0x2c /opt/Atollic_TrueSTUDIO_for_STM32_x86_64_9.3.0/ARMTools/bin/../lib/gcc/arm-atollic-eabi/6.3.1/../../../../arm-atollic-eabi/lib/armv6-m/libc.a(lib_a-callocr.o)
 .ARM.attributes
                0x000000000000047a       0x2c /opt/Atollic_TrueSTUDIO_for_STM32_x86_64_9.3.0/ARMTools/bin/../lib/gcc/arm-atollic-eabi/6.3.1/../../../../arm-atollic-eabi/lib/armv6-m/libc.a(lib_a-impure.o)
 .ARM.attributes
                0x00000000000004a6       0x2c /opt/Atollic_TrueSTUDIO_for_STM32_x86_64_9.3.0/ARMTools/bin/../lib/gcc/arm-atollic-eabi/6.3.1/../../../../arm-atollic-eabi/lib/armv6-m/libc.a(lib_a-init.o)
 .ARM.attributes
                0x00000000000004d2       0x2c /opt/Atollic_TrueSTUDIO_for_STM32_x86_64_9.3.0/ARMTools/bin/../lib/gcc/arm-atollic-eabi/6.3.1/../../../../arm-atollic-eabi/lib/armv6-m/libc.a(lib_a-mallocr.o)
 .ARM.attributes
                0x00000000000004fe       0x2c /opt/Atollic_TrueSTUDIO_for_STM32_x86_64_9.3.0/ARMTools/bin/../lib/gcc/arm-atollic-eabi/6.3.1/../../../../arm-atollic-eabi/lib/armv6-m/libc.a(lib_a-memset.o)
 .ARM.attributes
                0x000000000000052a       0x2c /opt/Atollic_TrueSTUDIO_for_STM32_x86_64_9.3.0/ARMTools/bin/../lib/gcc/arm-atollic-eabi/6.3.1/../../../../arm-atollic-eabi/lib/armv6-m/libc.a(lib_a-mlock.o)
 .ARM.attributes
                0x0000000000000556       0x2c /opt/Atollic_TrueSTUDIO_for_STM32_x86_64_9.3.0/ARMTools/bin/../lib/gcc/arm-atollic-eabi/6.3.1/../../../../arm-atollic-eabi/lib/armv6-m/libc.a(lib_a-sbrkr.o)
 .ARM.attributes
                0x0000000000000582       0x2c /opt/Atollic_TrueSTUDIO_for_STM32_x86_64_9.3.0/ARMTools/bin/../lib/gcc/arm-atollic-eabi/6.3.1/../../../../arm-atollic-eabi/lib/armv6-m/libc.a(lib_a-freer.o)
 .ARM.attributes
                0x00000000000005ae       0x2c /opt/Atollic_TrueSTUDIO_for_STM32_x86_64_9.3.0/ARMTools/bin/../lib/gcc/arm-atollic-eabi/6.3.1/../../../../arm-atollic-eabi/lib/armv6-m/libc.a(lib_a-lock.o)
 .ARM.attributes
                0x00000000000005da       0x2c /opt/Atollic_TrueSTUDIO_for_STM32_x86_64_9.3.0/ARMTools/bin/../lib/gcc/arm-atollic-eabi/6.3.1/../../../../arm-atollic-eabi/lib/armv6-m/libc.a(lib_a-reent.o)
 .ARM.attributes
                0x0000000000000606       0x1e /opt/Atollic_TrueSTUDIO_for_STM32_x86_64_9.3.0/ARMTools/bin/../lib/gcc/arm-atollic-eabi/6.3.1/armv6-m/libgcc.a(_udivsi3.o)
 .ARM.attributes
                0x0000000000000624       0x1e /opt/Atollic_TrueSTUDIO_for_STM32_x86_64_9.3.0/ARMTools/bin/../lib/gcc/arm-atollic-eabi/6.3.1/armv6-m/libgcc.a(_dvmd_tls.o)
 .ARM.attributes
                0x0000000000000642       0x1e /opt/Atollic_TrueSTUDIO_for_STM32_x86_64_9.3.0/ARMTools/bin/../lib/gcc/arm-atollic-eabi/6.3.1/armv6-m/libgcc.a(_aeabi_uldivmod.o)
 .ARM.attributes
                0x0000000000000660       0x2c /opt/Atollic_TrueSTUDIO_for_STM32_x86_64_9.3.0/ARMTools/bin/../lib/gcc/arm-atollic-eabi/6.3.1/armv6-m/libgcc.a(_udivmoddi4.o)
 .ARM.attributes
                0x000000000000068c       0x1e /opt/Atollic_TrueSTUDIO_for_STM32_x86_64_9.3.0/ARMTools/bin/../lib/gcc/arm-atollic-eabi/6.3.1/armv6-m/libgcc.a(_clzsi2.o)
 .ARM.attributes
                0x00000000000006aa       0x1e /opt/Atollic_TrueSTUDIO_for_STM32_x86_64_9.3.0/ARMTools/bin/../lib/gcc/arm-atollic-eabi/6.3.1/armv6-m/libgcc.a(_clzdi2.o)
 .ARM.attributes
                0x00000000000006c8       0x2c /opt/Atollic_TrueSTUDIO_for_STM32_x86_64_9.3.0/ARMTools/bin/../lib/gcc/arm-atollic-eabi/6.3.1/../../../../arm-atollic-eabi/lib/armv6-m/libnosys.a(sbrk.o)
 .ARM.attributes
                0x00000000000006f4       0x1e /opt/Atollic_TrueSTUDIO_for_STM32_x86_64_9.3.0/ARMTools/bin/../lib/gcc/arm-atollic-eabi/6.3.1/armv6-m/crtn.o
OUTPUT(GPS_Demo.elf elf32-littlearm)

.debug_info     0x0000000000000000    0x10f84
 .debug_info    0x0000000000000000      0x868 Drivers/STM32L0xx_HAL_Driver/Src/stm32l0xx_hal.o
 .debug_info    0x0000000000000868      0x991 Drivers/STM32L0xx_HAL_Driver/Src/stm32l0xx_hal_cortex.o
 .debug_info    0x00000000000011f9      0x815 Drivers/STM32L0xx_HAL_Driver/Src/stm32l0xx_hal_dma.o
 .debug_info    0x0000000000001a0e      0x6d4 Drivers/STM32L0xx_HAL_Driver/Src/stm32l0xx_hal_gpio.o
 .debug_info    0x00000000000020e2      0xc4b Drivers/STM32L0xx_HAL_Driver/Src/stm32l0xx_hal_rcc.o
 .debug_info    0x0000000000002d2d      0x924 Drivers/STM32L0xx_HAL_Driver/Src/stm32l0xx_hal_rcc_ex.o
 .debug_info    0x0000000000003651      0xd83 Drivers/STM32L0xx_HAL_Driver/Src/stm32l0xx_hal_rtc.o
 .debug_info    0x00000000000043d4      0xff7 Drivers/STM32L0xx_HAL_Driver/Src/stm32l0xx_hal_rtc_ex.o
 .debug_info    0x00000000000053cb     0x1b9e Drivers/STM32L0xx_HAL_Driver/Src/stm32l0xx_hal_spi.o
 .debug_info    0x0000000000006f69     0x1b1f Drivers/STM32L0xx_HAL_Driver/Src/stm32l0xx_hal_uart.o
 .debug_info    0x0000000000008a88      0x97f Drivers/STM32L0xx_HAL_Driver/Src/stm32l0xx_hal_uart_ex.o
 .debug_info    0x0000000000009407     0x1511 Src/gps.o
 .debug_info    0x000000000000a918     0x2693 Src/main.o
 .debug_info    0x000000000000cfab      0x8f8 Src/rtc.o
 .debug_info    0x000000000000d8a3      0xc19 Src/spi.o
 .debug_info    0x000000000000e4bc      0x25e Src/stm32l0xx_hal_msp.o
 .debug_info    0x000000000000e71a     0x17fd Src/stm32l0xx_it.o
 .debug_info    0x000000000000ff17      0x398 Src/system_stm32l0xx.o
 .debug_info    0x00000000000102af      0xc60 Src/usart.o
 .debug_info    0x0000000000010f0f       0x75 startup/startup_stm32l072xx.o

.debug_abbrev   0x0000000000000000     0x2631
 .debug_abbrev  0x0000000000000000      0x231 Drivers/STM32L0xx_HAL_Driver/Src/stm32l0xx_hal.o
 .debug_abbrev  0x0000000000000231      0x247 Drivers/STM32L0xx_HAL_Driver/Src/stm32l0xx_hal_cortex.o
 .debug_abbrev  0x0000000000000478      0x1f6 Drivers/STM32L0xx_HAL_Driver/Src/stm32l0xx_hal_dma.o
 .debug_abbrev  0x000000000000066e      0x1ca Drivers/STM32L0xx_HAL_Driver/Src/stm32l0xx_hal_gpio.o
 .debug_abbrev  0x0000000000000838      0x27d Drivers/STM32L0xx_HAL_Driver/Src/stm32l0xx_hal_rcc.o
 .debug_abbrev  0x0000000000000ab5      0x1fa Drivers/STM32L0xx_HAL_Driver/Src/stm32l0xx_hal_rcc_ex.o
 .debug_abbrev  0x0000000000000caf      0x1da Drivers/STM32L0xx_HAL_Driver/Src/stm32l0xx_hal_rtc.o
 .debug_abbrev  0x0000000000000e89      0x1e9 Drivers/STM32L0xx_HAL_Driver/Src/stm32l0xx_hal_rtc_ex.o
 .debug_abbrev  0x0000000000001072      0x267 Drivers/STM32L0xx_HAL_Driver/Src/stm32l0xx_hal_spi.o
 .debug_abbrev  0x00000000000012d9      0x257 Drivers/STM32L0xx_HAL_Driver/Src/stm32l0xx_hal_uart.o
 .debug_abbrev  0x0000000000001530      0x230 Drivers/STM32L0xx_HAL_Driver/Src/stm32l0xx_hal_uart_ex.o
 .debug_abbrev  0x0000000000001760      0x299 Src/gps.o
 .debug_abbrev  0x00000000000019f9      0x2bc Src/main.o
 .debug_abbrev  0x0000000000001cb5      0x19a Src/rtc.o
 .debug_abbrev  0x0000000000001e4f      0x1eb Src/spi.o
 .debug_abbrev  0x000000000000203a       0xc9 Src/stm32l0xx_hal_msp.o
 .debug_abbrev  0x0000000000002103      0x223 Src/stm32l0xx_it.o
 .debug_abbrev  0x0000000000002326      0x10e Src/system_stm32l0xx.o
 .debug_abbrev  0x0000000000002434      0x1eb Src/usart.o
 .debug_abbrev  0x000000000000261f       0x12 startup/startup_stm32l072xx.o

.debug_loc      0x0000000000000000     0x7862
 .debug_loc     0x0000000000000000      0x12c Drivers/STM32L0xx_HAL_Driver/Src/stm32l0xx_hal.o
 .debug_loc     0x000000000000012c      0x3b4 Drivers/STM32L0xx_HAL_Driver/Src/stm32l0xx_hal_cortex.o
 .debug_loc     0x00000000000004e0      0x7a6 Drivers/STM32L0xx_HAL_Driver/Src/stm32l0xx_hal_dma.o
 .debug_loc     0x0000000000000c86      0x2a5 Drivers/STM32L0xx_HAL_Driver/Src/stm32l0xx_hal_gpio.o
 .debug_loc     0x0000000000000f2b      0x56e Drivers/STM32L0xx_HAL_Driver/Src/stm32l0xx_hal_rcc.o
 .debug_loc     0x0000000000001499      0xa79 Drivers/STM32L0xx_HAL_Driver/Src/stm32l0xx_hal_rcc_ex.o
 .debug_loc     0x0000000000001f12      0xa40 Drivers/STM32L0xx_HAL_Driver/Src/stm32l0xx_hal_rtc.o
 .debug_loc     0x0000000000002952      0xd91 Drivers/STM32L0xx_HAL_Driver/Src/stm32l0xx_hal_rtc_ex.o
 .debug_loc     0x00000000000036e3     0x1cdf Drivers/STM32L0xx_HAL_Driver/Src/stm32l0xx_hal_spi.o
 .debug_loc     0x00000000000053c2     0x1acf Drivers/STM32L0xx_HAL_Driver/Src/stm32l0xx_hal_uart.o
 .debug_loc     0x0000000000006e91      0x34c Drivers/STM32L0xx_HAL_Driver/Src/stm32l0xx_hal_uart_ex.o
 .debug_loc     0x00000000000071dd      0x338 Src/gps.o
 .debug_loc     0x0000000000007515       0x74 Src/rtc.o
 .debug_loc     0x0000000000007589       0xa8 Src/spi.o
 .debug_loc     0x0000000000007631      0x1a2 Src/system_stm32l0xx.o
 .debug_loc     0x00000000000077d3       0x8f Src/usart.o

.debug_aranges  0x0000000000000000      0xbe8
 .debug_aranges
                0x0000000000000000       0xf8 Drivers/STM32L0xx_HAL_Driver/Src/stm32l0xx_hal.o
 .debug_aranges
                0x00000000000000f8       0x90 Drivers/STM32L0xx_HAL_Driver/Src/stm32l0xx_hal_cortex.o
 .debug_aranges
                0x0000000000000188       0x80 Drivers/STM32L0xx_HAL_Driver/Src/stm32l0xx_hal_dma.o
 .debug_aranges
                0x0000000000000208       0x58 Drivers/STM32L0xx_HAL_Driver/Src/stm32l0xx_hal_gpio.o
 .debug_aranges
                0x0000000000000260       0x80 Drivers/STM32L0xx_HAL_Driver/Src/stm32l0xx_hal_rcc.o
 .debug_aranges
                0x00000000000002e0       0xb0 Drivers/STM32L0xx_HAL_Driver/Src/stm32l0xx_hal_rcc_ex.o
 .debug_aranges
                0x0000000000000390       0xb8 Drivers/STM32L0xx_HAL_Driver/Src/stm32l0xx_hal_rtc.o
 .debug_aranges
                0x0000000000000448      0x130 Drivers/STM32L0xx_HAL_Driver/Src/stm32l0xx_hal_rtc_ex.o
 .debug_aranges
                0x0000000000000578      0x1d0 Drivers/STM32L0xx_HAL_Driver/Src/stm32l0xx_hal_spi.o
 .debug_aranges
                0x0000000000000748      0x1f8 Drivers/STM32L0xx_HAL_Driver/Src/stm32l0xx_hal_uart.o
 .debug_aranges
                0x0000000000000940       0x60 Drivers/STM32L0xx_HAL_Driver/Src/stm32l0xx_hal_uart_ex.o
 .debug_aranges
                0x00000000000009a0       0x38 Src/gps.o
 .debug_aranges
                0x00000000000009d8       0x78 Src/main.o
 .debug_aranges
                0x0000000000000a50       0x30 Src/rtc.o
 .debug_aranges
                0x0000000000000a80       0x38 Src/spi.o
 .debug_aranges
                0x0000000000000ab8       0x20 Src/stm32l0xx_hal_msp.o
 .debug_aranges
                0x0000000000000ad8       0x88 Src/stm32l0xx_it.o
 .debug_aranges
                0x0000000000000b60       0x28 Src/system_stm32l0xx.o
 .debug_aranges
                0x0000000000000b88       0x38 Src/usart.o
 .debug_aranges
                0x0000000000000bc0       0x28 startup/startup_stm32l072xx.o

.debug_ranges   0x0000000000000000      0xb58
 .debug_ranges  0x0000000000000000       0xe8 Drivers/STM32L0xx_HAL_Driver/Src/stm32l0xx_hal.o
 .debug_ranges  0x00000000000000e8       0xc8 Drivers/STM32L0xx_HAL_Driver/Src/stm32l0xx_hal_cortex.o
 .debug_ranges  0x00000000000001b0       0x70 Drivers/STM32L0xx_HAL_Driver/Src/stm32l0xx_hal_dma.o
 .debug_ranges  0x0000000000000220       0x48 Drivers/STM32L0xx_HAL_Driver/Src/stm32l0xx_hal_gpio.o
 .debug_ranges  0x0000000000000268       0xa0 Drivers/STM32L0xx_HAL_Driver/Src/stm32l0xx_hal_rcc.o
 .debug_ranges  0x0000000000000308       0xb8 Drivers/STM32L0xx_HAL_Driver/Src/stm32l0xx_hal_rcc_ex.o
 .debug_ranges  0x00000000000003c0       0xa8 Drivers/STM32L0xx_HAL_Driver/Src/stm32l0xx_hal_rtc.o
 .debug_ranges  0x0000000000000468      0x120 Drivers/STM32L0xx_HAL_Driver/Src/stm32l0xx_hal_rtc_ex.o
 .debug_ranges  0x0000000000000588      0x1c0 Drivers/STM32L0xx_HAL_Driver/Src/stm32l0xx_hal_spi.o
 .debug_ranges  0x0000000000000748      0x1e8 Drivers/STM32L0xx_HAL_Driver/Src/stm32l0xx_hal_uart.o
 .debug_ranges  0x0000000000000930       0x50 Drivers/STM32L0xx_HAL_Driver/Src/stm32l0xx_hal_uart_ex.o
 .debug_ranges  0x0000000000000980       0x40 Src/gps.o
 .debug_ranges  0x00000000000009c0       0x68 Src/main.o
 .debug_ranges  0x0000000000000a28       0x20 Src/rtc.o
 .debug_ranges  0x0000000000000a48       0x28 Src/spi.o
 .debug_ranges  0x0000000000000a70       0x10 Src/stm32l0xx_hal_msp.o
 .debug_ranges  0x0000000000000a80       0x78 Src/stm32l0xx_it.o
 .debug_ranges  0x0000000000000af8       0x18 Src/system_stm32l0xx.o
 .debug_ranges  0x0000000000000b10       0x28 Src/usart.o
 .debug_ranges  0x0000000000000b38       0x20 startup/startup_stm32l072xx.o

.debug_line     0x0000000000000000     0x5de9
 .debug_line    0x0000000000000000      0x41d Drivers/STM32L0xx_HAL_Driver/Src/stm32l0xx_hal.o
 .debug_line    0x000000000000041d      0x3da Drivers/STM32L0xx_HAL_Driver/Src/stm32l0xx_hal_cortex.o
 .debug_line    0x00000000000007f7      0x421 Drivers/STM32L0xx_HAL_Driver/Src/stm32l0xx_hal_dma.o
 .debug_line    0x0000000000000c18      0x356 Drivers/STM32L0xx_HAL_Driver/Src/stm32l0xx_hal_gpio.o
 .debug_line    0x0000000000000f6e      0x506 Drivers/STM32L0xx_HAL_Driver/Src/stm32l0xx_hal_rcc.o
 .debug_line    0x0000000000001474      0x545 Drivers/STM32L0xx_HAL_Driver/Src/stm32l0xx_hal_rcc_ex.o
 .debug_line    0x00000000000019b9      0x5bc Drivers/STM32L0xx_HAL_Driver/Src/stm32l0xx_hal_rtc.o
 .debug_line    0x0000000000001f75      0x86c Drivers/STM32L0xx_HAL_Driver/Src/stm32l0xx_hal_rtc_ex.o
 .debug_line    0x00000000000027e1      0xc47 Drivers/STM32L0xx_HAL_Driver/Src/stm32l0xx_hal_spi.o
 .debug_line    0x0000000000003428      0xdda Drivers/STM32L0xx_HAL_Driver/Src/stm32l0xx_hal_uart.o
 .debug_line    0x0000000000004202      0x37b Drivers/STM32L0xx_HAL_Driver/Src/stm32l0xx_hal_uart_ex.o
 .debug_line    0x000000000000457d      0x370 Src/gps.o
 .debug_line    0x00000000000048ed      0x524 Src/main.o
 .debug_line    0x0000000000004e11      0x25e Src/rtc.o
 .debug_line    0x000000000000506f      0x2be Src/spi.o
 .debug_line    0x000000000000532d      0x1a8 Src/stm32l0xx_hal_msp.o
 .debug_line    0x00000000000054d5      0x3c1 Src/stm32l0xx_it.o
 .debug_line    0x0000000000005896      0x208 Src/system_stm32l0xx.o
 .debug_line    0x0000000000005a9e      0x2c8 Src/usart.o
 .debug_line    0x0000000000005d66       0x83 startup/startup_stm32l072xx.o

.debug_str      0x0000000000000000     0x3ddb
 .debug_str     0x0000000000000000      0x7af Drivers/STM32L0xx_HAL_Driver/Src/stm32l0xx_hal.o
                                        0x806 (size before relaxing)
 .debug_str     0x00000000000007af      0x2de Drivers/STM32L0xx_HAL_Driver/Src/stm32l0xx_hal_cortex.o
                                        0x779 (size before relaxing)
 .debug_str     0x0000000000000a8d      0x416 Drivers/STM32L0xx_HAL_Driver/Src/stm32l0xx_hal_dma.o
                                        0x68d (size before relaxing)
 .debug_str     0x0000000000000ea3      0x19b Drivers/STM32L0xx_HAL_Driver/Src/stm32l0xx_hal_gpio.o
                                        0x4a7 (size before relaxing)
 .debug_str     0x000000000000103e      0x32e Drivers/STM32L0xx_HAL_Driver/Src/stm32l0xx_hal_rcc.o
                                        0x70f (size before relaxing)
 .debug_str     0x000000000000136c      0x43a Drivers/STM32L0xx_HAL_Driver/Src/stm32l0xx_hal_rcc_ex.o
                                        0x7ec (size before relaxing)
 .debug_str     0x00000000000017a6      0x43f Drivers/STM32L0xx_HAL_Driver/Src/stm32l0xx_hal_rtc.o
                                        0x708 (size before relaxing)
 .debug_str     0x0000000000001be5      0x568 Drivers/STM32L0xx_HAL_Driver/Src/stm32l0xx_hal_rtc_ex.o
                                        0xa64 (size before relaxing)
 .debug_str     0x000000000000214d      0x6fb Drivers/STM32L0xx_HAL_Driver/Src/stm32l0xx_hal_spi.o
                                        0xb94 (size before relaxing)
 .debug_str     0x0000000000002848      0x840 Drivers/STM32L0xx_HAL_Driver/Src/stm32l0xx_hal_uart.o
                                        0xe53 (size before relaxing)
 .debug_str     0x0000000000003088      0x185 Drivers/STM32L0xx_HAL_Driver/Src/stm32l0xx_hal_uart_ex.o
                                        0x821 (size before relaxing)
 .debug_str     0x000000000000320d      0x6d9 Src/gps.o
                                        0xcf0 (size before relaxing)
 .debug_str     0x00000000000038e6      0x2ee Src/main.o
                                       0x1910 (size before relaxing)
 .debug_str     0x0000000000003bd4       0x17 Src/rtc.o
                                        0x7de (size before relaxing)
 .debug_str     0x0000000000003beb       0x17 Src/spi.o
                                        0x990 (size before relaxing)
 .debug_str     0x0000000000003c02       0x1b Src/stm32l0xx_hal_msp.o
                                        0x295 (size before relaxing)
 .debug_str     0x0000000000003c1d      0x156 Src/stm32l0xx_it.o
                                       0x10f8 (size before relaxing)
 .debug_str     0x0000000000003d73       0x4e Src/system_stm32l0xx.o
                                        0x2f9 (size before relaxing)
 .debug_str     0x0000000000003dc1       0x1a Src/usart.o
                                        0x9b7 (size before relaxing)

.comment        0x0000000000000000       0x7c
 .comment       0x0000000000000000       0x7c Drivers/STM32L0xx_HAL_Driver/Src/stm32l0xx_hal.o
                                         0x7d (size before relaxing)
 .comment       0x000000000000007c       0x7d Drivers/STM32L0xx_HAL_Driver/Src/stm32l0xx_hal_cortex.o
 .comment       0x000000000000007c       0x7d Drivers/STM32L0xx_HAL_Driver/Src/stm32l0xx_hal_dma.o
 .comment       0x000000000000007c       0x7d Drivers/STM32L0xx_HAL_Driver/Src/stm32l0xx_hal_gpio.o
 .comment       0x000000000000007c       0x7d Drivers/STM32L0xx_HAL_Driver/Src/stm32l0xx_hal_rcc.o
 .comment       0x000000000000007c       0x7d Drivers/STM32L0xx_HAL_Driver/Src/stm32l0xx_hal_rcc_ex.o
 .comment       0x000000000000007c       0x7d Drivers/STM32L0xx_HAL_Driver/Src/stm32l0xx_hal_rtc.o
 .comment       0x000000000000007c       0x7d Drivers/STM32L0xx_HAL_Driver/Src/stm32l0xx_hal_rtc_ex.o
 .comment       0x000000000000007c       0x7d Drivers/STM32L0xx_HAL_Driver/Src/stm32l0xx_hal_spi.o
 .comment       0x000000000000007c       0x7d Drivers/STM32L0xx_HAL_Driver/Src/stm32l0xx_hal_uart.o
 .comment       0x000000000000007c       0x7d Drivers/STM32L0xx_HAL_Driver/Src/stm32l0xx_hal_uart_ex.o
 .comment       0x000000000000007c       0x7d Src/gps.o
 .comment       0x000000000000007c       0x7d Src/main.o
 .comment       0x000000000000007c       0x7d Src/rtc.o
 .comment       0x000000000000007c       0x7d Src/spi.o
 .comment       0x000000000000007c       0x7d Src/stm32l0xx_hal_msp.o
 .comment       0x000000000000007c       0x7d Src/stm32l0xx_it.o
 .comment       0x000000000000007c       0x7d Src/system_stm32l0xx.o
 .comment       0x000000000000007c       0x7d Src/usart.o

.debug_frame    0x0000000000000000     0x20a4
 .debug_frame   0x0000000000000000      0x1f4 Drivers/STM32L0xx_HAL_Driver/Src/stm32l0xx_hal.o
 .debug_frame   0x00000000000001f4      0x114 Drivers/STM32L0xx_HAL_Driver/Src/stm32l0xx_hal_cortex.o
 .debug_frame   0x0000000000000308      0x150 Drivers/STM32L0xx_HAL_Driver/Src/stm32l0xx_hal_dma.o
 .debug_frame   0x0000000000000458       0xc8 Drivers/STM32L0xx_HAL_Driver/Src/stm32l0xx_hal_gpio.o
 .debug_frame   0x0000000000000520      0x144 Drivers/STM32L0xx_HAL_Driver/Src/stm32l0xx_hal_rcc.o
 .debug_frame   0x0000000000000664      0x178 Drivers/STM32L0xx_HAL_Driver/Src/stm32l0xx_hal_rcc_ex.o
 .debug_frame   0x00000000000007dc      0x208 Drivers/STM32L0xx_HAL_Driver/Src/stm32l0xx_hal_rtc.o
 .debug_frame   0x00000000000009e4      0x38c Drivers/STM32L0xx_HAL_Driver/Src/stm32l0xx_hal_rtc_ex.o
 .debug_frame   0x0000000000000d70      0x54c Drivers/STM32L0xx_HAL_Driver/Src/stm32l0xx_hal_spi.o
 .debug_frame   0x00000000000012bc      0x568 Drivers/STM32L0xx_HAL_Driver/Src/stm32l0xx_hal_uart.o
 .debug_frame   0x0000000000001824       0xec Drivers/STM32L0xx_HAL_Driver/Src/stm32l0xx_hal_uart_ex.o
 .debug_frame   0x0000000000001910       0x88 Src/gps.o
 .debug_frame   0x0000000000001998      0x12c Src/main.o
 .debug_frame   0x0000000000001ac4       0x5c Src/rtc.o
 .debug_frame   0x0000000000001b20       0x74 Src/spi.o
 .debug_frame   0x0000000000001b94       0x20 Src/stm32l0xx_hal_msp.o
 .debug_frame   0x0000000000001bb4      0x140 Src/stm32l0xx_it.o
 .debug_frame   0x0000000000001cf4       0x38 Src/system_stm32l0xx.o
 .debug_frame   0x0000000000001d2c       0x74 Src/usart.o
 .debug_frame   0x0000000000001da0       0x28 /opt/Atollic_TrueSTUDIO_for_STM32_x86_64_9.3.0/ARMTools/bin/../lib/gcc/arm-atollic-eabi/6.3.1/../../../../arm-atollic-eabi/lib/armv6-m/libc.a(lib_a-calloc.o)
 .debug_frame   0x0000000000001dc8       0x28 /opt/Atollic_TrueSTUDIO_for_STM32_x86_64_9.3.0/ARMTools/bin/../lib/gcc/arm-atollic-eabi/6.3.1/../../../../arm-atollic-eabi/lib/armv6-m/libc.a(lib_a-callocr.o)
 .debug_frame   0x0000000000001df0       0x2c /opt/Atollic_TrueSTUDIO_for_STM32_x86_64_9.3.0/ARMTools/bin/../lib/gcc/arm-atollic-eabi/6.3.1/../../../../arm-atollic-eabi/lib/armv6-m/libc.a(lib_a-init.o)
 .debug_frame   0x0000000000001e1c       0x30 /opt/Atollic_TrueSTUDIO_for_STM32_x86_64_9.3.0/ARMTools/bin/../lib/gcc/arm-atollic-eabi/6.3.1/../../../../arm-atollic-eabi/lib/armv6-m/libc.a(lib_a-mallocr.o)
 .debug_frame   0x0000000000001e4c       0x20 /opt/Atollic_TrueSTUDIO_for_STM32_x86_64_9.3.0/ARMTools/bin/../lib/gcc/arm-atollic-eabi/6.3.1/../../../../arm-atollic-eabi/lib/armv6-m/libc.a(lib_a-memset.o)
 .debug_frame   0x0000000000001e6c       0x40 /opt/Atollic_TrueSTUDIO_for_STM32_x86_64_9.3.0/ARMTools/bin/../lib/gcc/arm-atollic-eabi/6.3.1/../../../../arm-atollic-eabi/lib/armv6-m/libc.a(lib_a-mlock.o)
 .debug_frame   0x0000000000001eac       0x2c /opt/Atollic_TrueSTUDIO_for_STM32_x86_64_9.3.0/ARMTools/bin/../lib/gcc/arm-atollic-eabi/6.3.1/../../../../arm-atollic-eabi/lib/armv6-m/libc.a(lib_a-sbrkr.o)
 .debug_frame   0x0000000000001ed8       0x58 /opt/Atollic_TrueSTUDIO_for_STM32_x86_64_9.3.0/ARMTools/bin/../lib/gcc/arm-atollic-eabi/6.3.1/../../../../arm-atollic-eabi/lib/armv6-m/libc.a(lib_a-freer.o)
 .debug_frame   0x0000000000001f30       0xb0 /opt/Atollic_TrueSTUDIO_for_STM32_x86_64_9.3.0/ARMTools/bin/../lib/gcc/arm-atollic-eabi/6.3.1/../../../../arm-atollic-eabi/lib/armv6-m/libc.a(lib_a-lock.o)
 .debug_frame   0x0000000000001fe0       0x48 /opt/Atollic_TrueSTUDIO_for_STM32_x86_64_9.3.0/ARMTools/bin/../lib/gcc/arm-atollic-eabi/6.3.1/../../../../arm-atollic-eabi/lib/armv6-m/libc.a(lib_a-reent.o)
 .debug_frame   0x0000000000002028       0x20 /opt/Atollic_TrueSTUDIO_for_STM32_x86_64_9.3.0/ARMTools/bin/../lib/gcc/arm-atollic-eabi/6.3.1/armv6-m/libgcc.a(_udivsi3.o)
 .debug_frame   0x0000000000002048       0x3c /opt/Atollic_TrueSTUDIO_for_STM32_x86_64_9.3.0/ARMTools/bin/../lib/gcc/arm-atollic-eabi/6.3.1/armv6-m/libgcc.a(_udivmoddi4.o)
 .debug_frame   0x0000000000002084       0x20 /opt/Atollic_TrueSTUDIO_for_STM32_x86_64_9.3.0/ARMTools/bin/../lib/gcc/arm-atollic-eabi/6.3.1/../../../../arm-atollic-eabi/lib/armv6-m/libnosys.a(sbrk.o)
