stm32l0xx_it.c:88:6:NMI_Handler	0	static
stm32l0xx_it.c:101:6:HardFault_Handler	0	static
stm32l0xx_it.c:116:6:SVC_Handler	0	static
stm32l0xx_it.c:129:6:PendSV_Handler	0	static
stm32l0xx_it.c:142:6:SysTick_Handler	8	static
stm32l0xx_it.c:163:6:RTC_IRQHandler	8	static
stm32l0xx_it.c:177:6:EXTI0_1_IRQHandler	8	static
stm32l0xx_it.c:192:6:EXTI4_15_IRQHandler	8	static
stm32l0xx_it.c:207:6:DMA1_Channel4_5_6_7_IRQHandler	8	static
stm32l0xx_it.c:221:6:SPI2_IRQHandler	8	static
stm32l0xx_it.c:235:6:USART2_IRQHandler	8	static
